Component: ARM Compiler 6.9 Tool: armlink [5ced1b00]

==============================================================================

Memory Map of the image

  Image Entry point : 0x0001b0c1

  Load Region LR_IROM1 (Base: 0x0001b000, Size: 0x00008868, Max: 0x00025000, ABSOLUTE)

    Execution Region ER_IROM1 (Base: 0x0001b000, Size: 0x00008774, Max: 0x00025000, ABSOLUTE)

    Base Addr    Size         Type   Attr      Idx    E Section Name        Object

    0x0001b000   0x000000c0   Data   RO        20389    RESET               BUILD/NRF51_DK/ARMC6/mbed-os/targets/TARGET_NORDIC/TARGET_NRF5x/TARGET_NRF51/TARGET_MCU_NRF51822_UNIFIED/device/TOOLCHAIN_ARM_STD/TARGET_MCU_NORDIC_32K/startup_nRF51822.o
    0x0001b0c0   0x00000008   Code   RO        22350  * !!!main             C:\Keil_v5\ARM\ARMCLANG\bin\..\lib\armlib\c_p.l(__main.o)
    0x0001b0c8   0x0000003c   Code   RO        23003    !!!scatter          C:\Keil_v5\ARM\ARMCLANG\bin\..\lib\armlib\c_p.l(__scatter.o)
    0x0001b104   0x0000001a   Code   RO        23005    !!handler_copy      C:\Keil_v5\ARM\ARMCLANG\bin\..\lib\armlib\c_p.l(__scatter_copy.o)
    0x0001b11e   0x00000002   PAD
    0x0001b120   0x0000001c   Code   RO        23007    !!handler_zi        C:\Keil_v5\ARM\ARMCLANG\bin\..\lib\armlib\c_p.l(__scatter_zi.o)
    0x0001b13c   0x00000002   Code   RO        22219    .ARM.Collect$$_printf_percent$$00000000  C:\Keil_v5\ARM\ARMCLANG\bin\..\lib\armlib\c_p.l(_printf_percent.o)
    0x0001b13e   0x0000000a   Code   RO        22570    .ARM.Collect$$_printf_percent$$00000001  C:\Keil_v5\ARM\ARMCLANG\bin\..\lib\armlib\c_p.l(_printf_n.o)
    0x0001b148   0x0000000a   Code   RO        22215    .ARM.Collect$$_printf_percent$$00000002  C:\Keil_v5\ARM\ARMCLANG\bin\..\lib\armlib\c_p.l(_printf_p.o)
    0x0001b152   0x0000000a   Code   RO        22218    .ARM.Collect$$_printf_percent$$00000003  C:\Keil_v5\ARM\ARMCLANG\bin\..\lib\armlib\c_p.l(_printf_f.o)
    0x0001b15c   0x0000000a   Code   RO        22573    .ARM.Collect$$_printf_percent$$00000004  C:\Keil_v5\ARM\ARMCLANG\bin\..\lib\armlib\c_p.l(_printf_e.o)
    0x0001b166   0x0000000a   Code   RO        22574    .ARM.Collect$$_printf_percent$$00000005  C:\Keil_v5\ARM\ARMCLANG\bin\..\lib\armlib\c_p.l(_printf_g.o)
    0x0001b170   0x0000000a   Code   RO        22575    .ARM.Collect$$_printf_percent$$00000006  C:\Keil_v5\ARM\ARMCLANG\bin\..\lib\armlib\c_p.l(_printf_a.o)
    0x0001b17a   0x0000000a   Code   RO        22580    .ARM.Collect$$_printf_percent$$00000007  C:\Keil_v5\ARM\ARMCLANG\bin\..\lib\armlib\c_p.l(_printf_ll.o)
    0x0001b184   0x0000000a   Code   RO        22572    .ARM.Collect$$_printf_percent$$00000008  C:\Keil_v5\ARM\ARMCLANG\bin\..\lib\armlib\c_p.l(_printf_i.o)
    0x0001b18e   0x0000000a   Code   RO        22216    .ARM.Collect$$_printf_percent$$00000009  C:\Keil_v5\ARM\ARMCLANG\bin\..\lib\armlib\c_p.l(_printf_d.o)
    0x0001b198   0x0000000a   Code   RO        22217    .ARM.Collect$$_printf_percent$$0000000A  C:\Keil_v5\ARM\ARMCLANG\bin\..\lib\armlib\c_p.l(_printf_u.o)
    0x0001b1a2   0x0000000a   Code   RO        22571    .ARM.Collect$$_printf_percent$$0000000B  C:\Keil_v5\ARM\ARMCLANG\bin\..\lib\armlib\c_p.l(_printf_o.o)
    0x0001b1ac   0x0000000a   Code   RO        22214    .ARM.Collect$$_printf_percent$$0000000C  C:\Keil_v5\ARM\ARMCLANG\bin\..\lib\armlib\c_p.l(_printf_x.o)
    0x0001b1b6   0x0000000a   Code   RO        22577    .ARM.Collect$$_printf_percent$$0000000D  C:\Keil_v5\ARM\ARMCLANG\bin\..\lib\armlib\c_p.l(_printf_lli.o)
    0x0001b1c0   0x0000000a   Code   RO        22578    .ARM.Collect$$_printf_percent$$0000000E  C:\Keil_v5\ARM\ARMCLANG\bin\..\lib\armlib\c_p.l(_printf_lld.o)
    0x0001b1ca   0x0000000a   Code   RO        22579    .ARM.Collect$$_printf_percent$$0000000F  C:\Keil_v5\ARM\ARMCLANG\bin\..\lib\armlib\c_p.l(_printf_llu.o)
    0x0001b1d4   0x0000000a   Code   RO        22584    .ARM.Collect$$_printf_percent$$00000010  C:\Keil_v5\ARM\ARMCLANG\bin\..\lib\armlib\c_p.l(_printf_llo.o)
    0x0001b1de   0x0000000a   Code   RO        22585    .ARM.Collect$$_printf_percent$$00000011  C:\Keil_v5\ARM\ARMCLANG\bin\..\lib\armlib\c_p.l(_printf_llx.o)
    0x0001b1e8   0x0000000a   Code   RO        22581    .ARM.Collect$$_printf_percent$$00000012  C:\Keil_v5\ARM\ARMCLANG\bin\..\lib\armlib\c_p.l(_printf_l.o)
    0x0001b1f2   0x0000000a   Code   RO        22569    .ARM.Collect$$_printf_percent$$00000013  C:\Keil_v5\ARM\ARMCLANG\bin\..\lib\armlib\c_p.l(_printf_c.o)
    0x0001b1fc   0x0000000a   Code   RO        22213    .ARM.Collect$$_printf_percent$$00000014  C:\Keil_v5\ARM\ARMCLANG\bin\..\lib\armlib\c_p.l(_printf_s.o)
    0x0001b206   0x0000000a   Code   RO        22582    .ARM.Collect$$_printf_percent$$00000015  C:\Keil_v5\ARM\ARMCLANG\bin\..\lib\armlib\c_p.l(_printf_lc.o)
    0x0001b210   0x0000000a   Code   RO        22583    .ARM.Collect$$_printf_percent$$00000016  C:\Keil_v5\ARM\ARMCLANG\bin\..\lib\armlib\c_p.l(_printf_ls.o)
    0x0001b21a   0x00000004   Code   RO        22576    .ARM.Collect$$_printf_percent$$00000017  C:\Keil_v5\ARM\ARMCLANG\bin\..\lib\armlib\c_p.l(_printf_percent_end.o)
    0x0001b21e   0x00000002   Code   RO        22349    .ARM.Collect$$libinit$$00000000  C:\Keil_v5\ARM\ARMCLANG\bin\..\lib\armlib\c_p.l(libinit.o)
    0x0001b220   0x00000000   Code   RO        22642    .ARM.Collect$$libinit$$00000002  C:\Keil_v5\ARM\ARMCLANG\bin\..\lib\armlib\c_p.l(libinit2.o)
    0x0001b220   0x00000000   Code   RO        22644    .ARM.Collect$$libinit$$00000004  C:\Keil_v5\ARM\ARMCLANG\bin\..\lib\armlib\c_p.l(libinit2.o)
    0x0001b220   0x00000008   Code   RO        22645    .ARM.Collect$$libinit$$00000005  C:\Keil_v5\ARM\ARMCLANG\bin\..\lib\armlib\c_p.l(libinit2.o)
    0x0001b228   0x00000000   Code   RO        22647    .ARM.Collect$$libinit$$0000000A  C:\Keil_v5\ARM\ARMCLANG\bin\..\lib\armlib\c_p.l(libinit2.o)
    0x0001b228   0x00000000   Code   RO        22649    .ARM.Collect$$libinit$$0000000C  C:\Keil_v5\ARM\ARMCLANG\bin\..\lib\armlib\c_p.l(libinit2.o)
    0x0001b228   0x00000000   Code   RO        22651    .ARM.Collect$$libinit$$0000000E  C:\Keil_v5\ARM\ARMCLANG\bin\..\lib\armlib\c_p.l(libinit2.o)
    0x0001b228   0x00000006   Code   RO        22652    .ARM.Collect$$libinit$$0000000F  C:\Keil_v5\ARM\ARMCLANG\bin\..\lib\armlib\c_p.l(libinit2.o)
    0x0001b22e   0x00000000   Code   RO        22654    .ARM.Collect$$libinit$$00000011  C:\Keil_v5\ARM\ARMCLANG\bin\..\lib\armlib\c_p.l(libinit2.o)
    0x0001b22e   0x0000000c   Code   RO        22655    .ARM.Collect$$libinit$$00000012  C:\Keil_v5\ARM\ARMCLANG\bin\..\lib\armlib\c_p.l(libinit2.o)
    0x0001b23a   0x00000000   Code   RO        22656    .ARM.Collect$$libinit$$00000013  C:\Keil_v5\ARM\ARMCLANG\bin\..\lib\armlib\c_p.l(libinit2.o)
    0x0001b23a   0x00000000   Code   RO        22658    .ARM.Collect$$libinit$$00000015  C:\Keil_v5\ARM\ARMCLANG\bin\..\lib\armlib\c_p.l(libinit2.o)
    0x0001b23a   0x0000000a   Code   RO        22659    .ARM.Collect$$libinit$$00000016  C:\Keil_v5\ARM\ARMCLANG\bin\..\lib\armlib\c_p.l(libinit2.o)
    0x0001b244   0x00000000   Code   RO        22660    .ARM.Collect$$libinit$$00000017  C:\Keil_v5\ARM\ARMCLANG\bin\..\lib\armlib\c_p.l(libinit2.o)
    0x0001b244   0x00000000   Code   RO        22662    .ARM.Collect$$libinit$$00000019  C:\Keil_v5\ARM\ARMCLANG\bin\..\lib\armlib\c_p.l(libinit2.o)
    0x0001b244   0x00000000   Code   RO        22664    .ARM.Collect$$libinit$$0000001B  C:\Keil_v5\ARM\ARMCLANG\bin\..\lib\armlib\c_p.l(libinit2.o)
    0x0001b244   0x00000000   Code   RO        22666    .ARM.Collect$$libinit$$0000001D  C:\Keil_v5\ARM\ARMCLANG\bin\..\lib\armlib\c_p.l(libinit2.o)
    0x0001b244   0x00000000   Code   RO        22668    .ARM.Collect$$libinit$$0000001F  C:\Keil_v5\ARM\ARMCLANG\bin\..\lib\armlib\c_p.l(libinit2.o)
    0x0001b244   0x00000000   Code   RO        22670    .ARM.Collect$$libinit$$00000021  C:\Keil_v5\ARM\ARMCLANG\bin\..\lib\armlib\c_p.l(libinit2.o)
    0x0001b244   0x00000000   Code   RO        22672    .ARM.Collect$$libinit$$00000023  C:\Keil_v5\ARM\ARMCLANG\bin\..\lib\armlib\c_p.l(libinit2.o)
    0x0001b244   0x00000000   Code   RO        22674    .ARM.Collect$$libinit$$00000025  C:\Keil_v5\ARM\ARMCLANG\bin\..\lib\armlib\c_p.l(libinit2.o)
    0x0001b244   0x00000000   Code   RO        22678    .ARM.Collect$$libinit$$0000002C  C:\Keil_v5\ARM\ARMCLANG\bin\..\lib\armlib\c_p.l(libinit2.o)
    0x0001b244   0x00000000   Code   RO        22680    .ARM.Collect$$libinit$$0000002E  C:\Keil_v5\ARM\ARMCLANG\bin\..\lib\armlib\c_p.l(libinit2.o)
    0x0001b244   0x00000000   Code   RO        22682    .ARM.Collect$$libinit$$00000030  C:\Keil_v5\ARM\ARMCLANG\bin\..\lib\armlib\c_p.l(libinit2.o)
    0x0001b244   0x00000004   Code   RO        22683    .ARM.Collect$$libinit$$00000031  C:\Keil_v5\ARM\ARMCLANG\bin\..\lib\armlib\c_p.l(libinit2.o)
    0x0001b248   0x00000000   Code   RO        22684    .ARM.Collect$$libinit$$00000032  C:\Keil_v5\ARM\ARMCLANG\bin\..\lib\armlib\c_p.l(libinit2.o)
    0x0001b248   0x00000002   Code   RO        22685    .ARM.Collect$$libinit$$00000033  C:\Keil_v5\ARM\ARMCLANG\bin\..\lib\armlib\c_p.l(libinit2.o)
    0x0001b24a   0x00000000   Code   RO        22840    .ARM.Collect$$libshutdown$$0000000F  C:\Keil_v5\ARM\ARMCLANG\bin\..\lib\armlib\c_p.l(libshutdown2.o)
    0x0001b24a   0x00000002   PAD
    0x0001b24c   0x00000038   Code   RO        22320    .emb_text           C:\Keil_v5\ARM\ARMCLANG\bin\..\lib\armlib\c_p.l(rt_memcpy.o)
    0x0001b284   0x000000d0   Code   RO          255    .text               BUILD/NRF51_DK/ARMC6/mbed-os/cmsis/TARGET_CORTEX_M/TOOLCHAIN_ARM/except.o
    0x0001b354   0x000000a4   Code   RO        19817    .text               BUILD/NRF51_DK/ARMC6/mbed-os/rtos/TARGET_CORTEX/rtx5/RTX/Source/TOOLCHAIN_ARM/TARGET_M0/irq_cm0.o
    0x0001b3f8   0x00000040   Code   RO        20390    .text               BUILD/NRF51_DK/ARMC6/mbed-os/targets/TARGET_NORDIC/TARGET_NRF5x/TARGET_NRF51/TARGET_MCU_NRF51822_UNIFIED/device/TOOLCHAIN_ARM_STD/TARGET_MCU_NORDIC_32K/startup_nRF51822.o
    0x0001b438   0x00000002   Code   RO        22057    .text               C:\Keil_v5\ARM\ARMCLANG\bin\..\lib\armlib\c_p.l(use_no_semi_2.o)
    0x0001b43a   0x00000002   PAD
    0x0001b43c   0x00000010   Code   RO        22059    .text               C:\Keil_v5\ARM\ARMCLANG\bin\..\lib\armlib\c_p.l(rt_ctype_table.o)
    0x0001b44c   0x00000008   Code   RO        22066    .text               C:\Keil_v5\ARM\ARMCLANG\bin\..\lib\armlib\c_p.l(rt_errno_addr_twolibspace.o)
    0x0001b454   0x0000009a   Code   RO        22084    .text               C:\Keil_v5\ARM\ARMCLANG\bin\..\lib\armlib\c_p.l(h1_alloc_mt.o)
    0x0001b4ee   0x00000074   Code   RO        22086    .text               C:\Keil_v5\ARM\ARMCLANG\bin\..\lib\armlib\c_p.l(h1_free_mt.o)
    0x0001b562   0x00000030   Code   RO        22140    .text               C:\Keil_v5\ARM\ARMCLANG\bin\..\lib\armlib\c_p.l(llmul.o)
    0x0001b592   0x00000102   Code   RO        22142    .text               C:\Keil_v5\ARM\ARMCLANG\bin\..\lib\armlib\c_p.l(lludiv.o)
    0x0001b694   0x00000038   Code   RO        22150    .text               C:\Keil_v5\ARM\ARMCLANG\bin\..\lib\armlib\c_p.l(vsnprintf.o)
    0x0001b6cc   0x0000004e   Code   RO        22166    .text               C:\Keil_v5\ARM\ARMCLANG\bin\..\lib\armlib\c_p.l(_printf_pad.o)
    0x0001b71a   0x00000052   Code   RO        22168    .text               C:\Keil_v5\ARM\ARMCLANG\bin\..\lib\armlib\c_p.l(_printf_str.o)
    0x0001b76c   0x0000006c   Code   RO        22170    .text               C:\Keil_v5\ARM\ARMCLANG\bin\..\lib\armlib\c_p.l(_printf_dec.o)
    0x0001b7d8   0x00000098   Code   RO        22190    .text               C:\Keil_v5\ARM\ARMCLANG\bin\..\lib\armlib\c_p.l(_printf_hex_int_ll_ptr.o)
    0x0001b870   0x00000188   Code   RO        22210    .text               C:\Keil_v5\ARM\ARMCLANG\bin\..\lib\armlib\c_p.l(__printf_flags_ss_wp.o)
    0x0001b9f8   0x00000044   Code   RO        22312    .text               C:\Keil_v5\ARM\ARMCLANG\bin\..\lib\armlib\c_p.l(strlen.o)
    0x0001ba3c   0x00000082   Code   RO        22321    .text               C:\Keil_v5\ARM\ARMCLANG\bin\..\lib\armlib\c_p.l(rt_memcpy.o)
    0x0001babe   0x00000012   Code   RO        22330    .text               C:\Keil_v5\ARM\ARMCLANG\bin\..\lib\armlib\c_p.l(aeabi_memset4.o)
    0x0001bad0   0x00000040   Code   RO        22332    .text               C:\Keil_v5\ARM\ARMCLANG\bin\..\lib\armlib\c_p.l(rt_memclr.o)
    0x0001bb10   0x00000088   Code   RO        22336    .text               C:\Keil_v5\ARM\ARMCLANG\bin\..\lib\armlib\c_p.l(strcmp.o)
    0x0001bb98   0x0000015a   Code   RO        22343    .text               C:\Keil_v5\ARM\ARMCLANG\bin\..\lib\armlib\c_p.l(aeabi_sdiv.o)
    0x0001bcf2   0x00000006   Code   RO        22347    .text               C:\Keil_v5\ARM\ARMCLANG\bin\..\lib\armlib\c_p.l(heapauxi.o)
    0x0001bcf8   0x00000024   Code   RO        22355    .text               C:\Keil_v5\ARM\ARMCLANG\bin\..\lib\armlib\c_p.l(init_aeabi.o)
    0x0001bd1c   0x00000008   Code   RO        22487    .text               C:\Keil_v5\ARM\ARMCLANG\bin\..\lib\armlib\c_p.l(libspace.o)
    0x0001bd24   0x00000002   Code   RO        22490    .text               C:\Keil_v5\ARM\ARMCLANG\bin\..\lib\armlib\c_p.l(use_no_semi.o)
    0x0001bd26   0x0000000a   Code   RO        22505    .text               C:\Keil_v5\ARM\ARMCLANG\bin\..\lib\armlib\c_p.l(rt_heap_descriptor_twolibspace.o)
    0x0001bd30   0x0000000a   Code   RO        22512    .text               C:\Keil_v5\ARM\ARMCLANG\bin\..\lib\armlib\c_p.l(rt_locale_twolibspace.o)
    0x0001bd3a   0x00000004   Code   RO        22514    .text               C:\Keil_v5\ARM\ARMCLANG\bin\..\lib\armlib\c_p.l(hguard.o)
    0x0001bd3e   0x00000088   Code   RO        22516    .text               C:\Keil_v5\ARM\ARMCLANG\bin\..\lib\armlib\c_p.l(init_alloc.o)
    0x0001bdc6   0x00000016   Code   RO        22524    .text               C:\Keil_v5\ARM\ARMCLANG\bin\..\lib\armlib\c_p.l(h1_init_mt.o)
    0x0001bddc   0x00000024   Code   RO        22538    .text               C:\Keil_v5\ARM\ARMCLANG\bin\..\lib\armlib\c_p.l(_printf_truncate.o)
    0x0001be00   0x000000b0   Code   RO        22540    .text               C:\Keil_v5\ARM\ARMCLANG\bin\..\lib\armlib\c_p.l(_printf_intcommon.o)
    0x0001beb0   0x00000026   Code   RO        22542    .text               C:\Keil_v5\ARM\ARMCLANG\bin\..\lib\armlib\c_p.l(_printf_charcount.o)
    0x0001bed6   0x00000002   PAD
    0x0001bed8   0x00000414   Code   RO        22544    .text               C:\Keil_v5\ARM\ARMCLANG\bin\..\lib\armlib\c_p.l(_printf_fp_dec.o)
    0x0001c2ec   0x00000030   Code   RO        22548    .text               C:\Keil_v5\ARM\ARMCLANG\bin\..\lib\armlib\c_p.l(_printf_char_common.o)
    0x0001c31c   0x0000000a   Code   RO        22550    .text               C:\Keil_v5\ARM\ARMCLANG\bin\..\lib\armlib\c_p.l(_sputc.o)
    0x0001c326   0x00000010   Code   RO        22552    .text               C:\Keil_v5\ARM\ARMCLANG\bin\..\lib\armlib\c_p.l(_snputc.o)
    0x0001c336   0x0000002e   Code   RO        22554    .text               C:\Keil_v5\ARM\ARMCLANG\bin\..\lib\armlib\c_p.l(_printf_char.o)
    0x0001c364   0x000000bc   Code   RO        22558    .text               C:\Keil_v5\ARM\ARMCLANG\bin\..\lib\armlib\c_p.l(_printf_wctomb.o)
    0x0001c420   0x00000070   Code   RO        22561    .text               C:\Keil_v5\ARM\ARMCLANG\bin\..\lib\armlib\c_p.l(_printf_longlong_dec.o)
    0x0001c490   0x00000070   Code   RO        22567    .text               C:\Keil_v5\ARM\ARMCLANG\bin\..\lib\armlib\c_p.l(_printf_oct_int_ll.o)
    0x0001c500   0x00000014   Code   RO        22628    .text               C:\Keil_v5\ARM\ARMCLANG\bin\..\lib\armlib\c_p.l(abort.o)
    0x0001c514   0x00000028   Code   RO        22637    .text               C:\Keil_v5\ARM\ARMCLANG\bin\..\lib\armlib\c_p.l(rtudiv10.o)
    0x0001c53c   0x00000000   Code   RO        22737    .text               C:\Keil_v5\ARM\ARMCLANG\bin\..\lib\armlib\c_p.l(maybetermalloc2.o)
    0x0001c53c   0x00000036   Code   RO        22740    .text               C:\Keil_v5\ARM\ARMCLANG\bin\..\lib\armlib\c_p.l(h1_extend_mt.o)
    0x0001c572   0x0000007a   Code   RO        22742    .text               C:\Keil_v5\ARM\ARMCLANG\bin\..\lib\armlib\c_p.l(lludiv10.o)
    0x0001c5ec   0x000002d8   Code   RO        22746    .text               C:\Keil_v5\ARM\ARMCLANG\bin\..\lib\armlib\c_p.l(_printf_fp_hex.o)
    0x0001c8c4   0x00000088   Code   RO        22749    .text               C:\Keil_v5\ARM\ARMCLANG\bin\..\lib\armlib\c_p.l(_printf_fp_infnan.o)
    0x0001c94c   0x0000002e   Code   RO        22755    .text               C:\Keil_v5\ARM\ARMCLANG\bin\..\lib\armlib\c_p.l(_printf_wchar.o)
    0x0001c97a   0x00000002   PAD
    0x0001c97c   0x000000d8   Code   RO        22769    .text               C:\Keil_v5\ARM\ARMCLANG\bin\..\lib\armlib\c_p.l(bigflt0.o)
    0x0001ca54   0x00000580   Code   RO        22772    .text               C:\Keil_v5\ARM\ARMCLANG\bin\..\lib\armlib\c_p.l(btod.o)
    0x0001cfd4   0x00000042   Code   RO        22802    .text               C:\Keil_v5\ARM\ARMCLANG\bin\..\lib\armlib\c_p.l(_c16rtomb.o)
    0x0001d016   0x0000000c   Code   RO        22807    .text               C:\Keil_v5\ARM\ARMCLANG\bin\..\lib\armlib\c_p.l(defsig_abrt_outer.o)
    0x0001d022   0x0000000c   Code   RO        22815    .text               C:\Keil_v5\ARM\ARMCLANG\bin\..\lib\armlib\c_p.l(defsig_rtmem_outer.o)
    0x0001d02e   0x0000000e   Code   RO        22884    .text               C:\Keil_v5\ARM\ARMCLANG\bin\..\lib\armlib\c_p.l(term_alloc.o)
    0x0001d03c   0x0000000c   Code   RO        22895    .text               C:\Keil_v5\ARM\ARMCLANG\bin\..\lib\armlib\c_p.l(defsig_exit.o)
    0x0001d048   0x00000030   Code   RO        22897    .text               C:\Keil_v5\ARM\ARMCLANG\bin\..\lib\armlib\c_p.l(defsig_abrt_inner.o)
    0x0001d078   0x00000050   Code   RO        22905    .text               C:\Keil_v5\ARM\ARMCLANG\bin\..\lib\armlib\c_p.l(defsig_rtmem_inner.o)
    0x0001d0c8   0x0000000a   Code   RO        22935    .text               C:\Keil_v5\ARM\ARMCLANG\bin\..\lib\armlib\c_p.l(h1_final_mt.o)
    0x0001d0d2   0x00000034   Code   RO        22947    .text               C:\Keil_v5\ARM\ARMCLANG\bin\..\lib\armlib\c_p.l(defsig_general.o)
    0x0001d106   0x00000002   PAD
    0x0001d108   0x00000060   Code   RO        20452    .text.ADC_IRQHandler  BUILD/NRF51_DK/ARMC6/mbed-os/targets/TARGET_NORDIC/TARGET_NRF5x/TARGET_NRF51/TARGET_MCU_NRF51822_UNIFIED/sdk/drivers_nrf/adc/nrf_drv_adc.o
    0x0001d168   0x00000052   Code   RO        19851    .text.EventFlagsCheck  BUILD/NRF51_DK/ARMC6/mbed-os/rtos/TARGET_CORTEX/rtx5/RTX/Source/rtx_evflags.o
    0x0001d1ba   0x00000002   Code   RO        19872    .text.EvrRtxEventFlagsError  BUILD/NRF51_DK/ARMC6/mbed-os/rtos/TARGET_CORTEX/rtx5/RTX/Source/rtx_evr.o
    0x0001d1bc   0x00000002   Code   RO        19862    .text.EvrRtxKernelError  BUILD/NRF51_DK/ARMC6/mbed-os/rtos/TARGET_CORTEX/rtx5/RTX/Source/rtx_evr.o
    0x0001d1be   0x00000002   Code   RO        19880    .text.EvrRtxMessageQueueError  BUILD/NRF51_DK/ARMC6/mbed-os/rtos/TARGET_CORTEX/rtx5/RTX/Source/rtx_evr.o
    0x0001d1c0   0x00000002   Code   RO        19874    .text.EvrRtxMutexError  BUILD/NRF51_DK/ARMC6/mbed-os/rtos/TARGET_CORTEX/rtx5/RTX/Source/rtx_evr.o
    0x0001d1c2   0x00000002   Code   RO        19864    .text.EvrRtxThreadError  BUILD/NRF51_DK/ARMC6/mbed-os/rtos/TARGET_CORTEX/rtx5/RTX/Source/rtx_evr.o
    0x0001d1c4   0x00000018   Code   RO        19738    .text.EvrRtxThreadExit  BUILD/NRF51_DK/ARMC6/mbed-os/rtos/TARGET_CORTEX/mbed_rtx_handlers.o
    0x0001d1dc   0x00000164   Code   RO        21419    .text.GPIOTE_IRQHandler  BUILD/NRF51_DK/ARMC6/mbed-os/targets/TARGET_NORDIC/TARGET_NRF5x/TARGET_SDK_11/drivers_nrf/gpiote/nrf_drv_gpiote.o
    0x0001d340   0x0000004a   Code   RO        20047    .text.MessageQueueGet  BUILD/NRF51_DK/ARMC6/mbed-os/rtos/TARGET_CORTEX/rtx5/RTX/Source/rtx_msgqueue.o
    0x0001d38a   0x00000066   Code   RO        20041    .text.MessageQueuePut  BUILD/NRF51_DK/ARMC6/mbed-os/rtos/TARGET_CORTEX/rtx5/RTX/Source/rtx_msgqueue.o
    0x0001d3f0   0x00000010   Code   RO        20393    .text.NVIC_SetVector  BUILD/NRF51_DK/ARMC6/mbed-os/targets/TARGET_NORDIC/TARGET_NRF5x/TARGET_NRF51/TARGET_MCU_NRF51822_UNIFIED/device/cmsis_nvic.o
    0x0001d400   0x00000002   Code   RO        19749    .text.OS_Tick_AcknowledgeIRQ  BUILD/NRF51_DK/ARMC6/mbed-os/rtos/TARGET_CORTEX/mbed_rtx_idle.o
    0x0001d402   0x00000002   PAD
    0x0001d404   0x0000000c   Code   RO        19747    .text.OS_Tick_Disable  BUILD/NRF51_DK/ARMC6/mbed-os/rtos/TARGET_CORTEX/mbed_rtx_idle.o
    0x0001d410   0x00000028   Code   RO        19745    .text.OS_Tick_Enable  BUILD/NRF51_DK/ARMC6/mbed-os/rtos/TARGET_CORTEX/mbed_rtx_idle.o
    0x0001d438   0x00000006   Code   RO        19753    .text.OS_Tick_GetIRQn  BUILD/NRF51_DK/ARMC6/mbed-os/rtos/TARGET_CORTEX/mbed_rtx_idle.o
    0x0001d43e   0x00000002   PAD
    0x0001d440   0x0000004c   Code   RO        20271    .text.OS_Tick_Setup  BUILD/NRF51_DK/ARMC6/mbed-os/rtos/TARGET_CORTEX/rtx5/Source/os_systick.o
    0x0001d48c   0x00000018   Code   RO        21956    .text.RTC1_IRQHandler  BUILD/NRF51_DK/ARMC6/mbed-os/targets/TARGET_NORDIC/TARGET_NRF5x/common_rtc.o
    0x0001d4a4   0x000000cc   Code   RO        20400    .text.SystemInit    BUILD/NRF51_DK/ARMC6/mbed-os/targets/TARGET_NORDIC/TARGET_NRF5x/TARGET_NRF51/TARGET_MCU_NRF51822_UNIFIED/device/system_nrf51.o
    0x0001d570   0x00000052   Code   RO        20197    .text.ThreadFlagsCheck  BUILD/NRF51_DK/ARMC6/mbed-os/rtos/TARGET_CORTEX/rtx5/RTX/Source/rtx_thread.o
    0x0001d5c2   0x00000002   PAD
    0x0001d5c4   0x0000004c   Code   RO        20256    .text.TimerInsert   BUILD/NRF51_DK/ARMC6/mbed-os/rtos/TARGET_CORTEX/rtx5/RTX/Source/rtx_timer.o
    0x0001d610   0x0000014c   Code   RO        20515    .text.UART0_IRQHandler  BUILD/NRF51_DK/ARMC6/mbed-os/targets/TARGET_NORDIC/TARGET_NRF5x/TARGET_NRF51/serial_api.o
    0x0001d75c   0x00000020   Code   RO         2520    .text._GLOBAL__sub_I_GenericGap.cpp  BUILD/NRF51_DK/ARMC6/mbed-os/features/FEATURE_BLE/source/generic/GenericGap.o
    0x0001d77c   0x00000070   Code   RO          219    .text._GLOBAL__sub_I_main.cpp  BUILD/NRF51_DK/ARMC6/main.o
    0x0001d7ec   0x000000a0   Code   RO          215    .text._Z10sendPacketv  BUILD/NRF51_DK/ARMC6/main.o
    0x0001d88c   0x00000030   Code   RO          110    .text._Z22calculate_crc16_ModbusPcj  BUILD/NRF51_DK/ARMC6/lib_crc/lib_crc.o
    0x0001d8bc   0x00000040   Code   RO          211    .text._Z5blinkv     BUILD/NRF51_DK/ARMC6/main.o
    0x0001d8fc   0x00000070   Code   RO        19761    .text._ZL17default_idle_hookv  BUILD/NRF51_DK/ARMC6/mbed-os/rtos/TARGET_CORTEX/mbed_rtx_idle.o
    0x0001d96c   0x00000078   Code   RO        19332    .text._ZL7get_fhci  BUILD/NRF51_DK/ARMC6/mbed-os/platform/mbed_retarget.o
    0x0001d9e4   0x00000014   Code   RO        18990    .text._ZN10CThunkBase11cthunk_freeEPFvvE  BUILD/NRF51_DK/ARMC6/mbed-os/platform/CThunkBase.o
    0x0001d9f8   0x00000018   Code   RO        19306    .text._ZN12DirectSerial4readEPvj  BUILD/NRF51_DK/ARMC6/mbed-os/platform/mbed_retarget.o
    0x0001da10   0x00000006   Code   RO        19468    .text._ZN12DirectSerial4seekEli  BUILD/NRF51_DK/ARMC6/mbed-os/platform/mbed_retarget.o
    0x0001da16   0x00000006   Code   RO        19474    .text._ZN12DirectSerial4sizeEv  BUILD/NRF51_DK/ARMC6/mbed-os/platform/mbed_retarget.o
    0x0001da1c   0x00000004   Code   RO        19470    .text._ZN12DirectSerial5closeEv  BUILD/NRF51_DK/ARMC6/mbed-os/platform/mbed_retarget.o
    0x0001da20   0x00000028   Code   RO        19304    .text._ZN12DirectSerial5writeEPKvj  BUILD/NRF51_DK/ARMC6/mbed-os/platform/mbed_retarget.o
    0x0001da48   0x00000004   Code   RO        19472    .text._ZN12DirectSerial6isattyEv  BUILD/NRF51_DK/ARMC6/mbed-os/platform/mbed_retarget.o
    0x0001da4c   0x00000034   Code   RO        19302    .text._ZN12DirectSerialC2E7PinNameS0_i  BUILD/NRF51_DK/ARMC6/mbed-os/platform/mbed_retarget.o
    0x0001da80   0x00000008   Code   RO        19466    .text._ZN12DirectSerialD0Ev  BUILD/NRF51_DK/ARMC6/mbed-os/platform/mbed_retarget.o
    0x0001da88   0x00000060   Code   RO         1812    .text._ZN17GapScanningParamsC2Etttb  BUILD/NRF51_DK/ARMC6/mbed-os/features/FEATURE_BLE/source/GapScanningParams.o
    0x0001dae8   0x0000000e   Code   RO         1297    .text._ZN4mbed10FileHandle12set_blockingEb  BUILD/NRF51_DK/ARMC6/mbed-os/drivers/Serial.o
    0x0001daf6   0x0000000a   Code   RO         1295    .text._ZN4mbed10FileHandle4flenEv  BUILD/NRF51_DK/ARMC6/mbed-os/drivers/Serial.o
    0x0001db00   0x00000004   Code   RO        19065    .text._ZN4mbed10FileHandle4syncEv  BUILD/NRF51_DK/ARMC6/mbed-os/platform/FileHandle.o
    0x0001db04   0x0000000e   Code   RO         1523    .text._ZN4mbed10FileHandle4tellEv  BUILD/NRF51_DK/ARMC6/mbed-os/drivers/UARTSerial.o
    0x0001db12   0x0000000a   Code   RO         1293    .text._ZN4mbed10FileHandle5fsyncEv  BUILD/NRF51_DK/ARMC6/mbed-os/drivers/Serial.o
    0x0001db1c   0x0000000a   Code   RO         1291    .text._ZN4mbed10FileHandle5lseekEli  BUILD/NRF51_DK/ARMC6/mbed-os/drivers/Serial.o
    0x0001db26   0x00000002   Code   RO         1303    .text._ZN4mbed10FileHandle5sigioENS_8CallbackIFvvEEE  BUILD/NRF51_DK/ARMC6/mbed-os/drivers/Serial.o
    0x0001db28   0x0000000e   Code   RO         1525    .text._ZN4mbed10FileHandle6rewindEv  BUILD/NRF51_DK/ARMC6/mbed-os/drivers/UARTSerial.o
    0x0001db36   0x0000000e   Code   RO         1326    .text._ZN4mbed10SerialBase10_base_putcEi  BUILD/NRF51_DK/ARMC6/mbed-os/drivers/SerialBase.o
    0x0001db44   0x00000014   Code   RO         1312    .text._ZN4mbed10SerialBase12_irq_handlerEj9SerialIrq  BUILD/NRF51_DK/ARMC6/mbed-os/drivers/SerialBase.o
    0x0001db58   0x00000066   Code   RO         1342    .text._ZN4mbed10SerialBase16set_flow_controlENS0_4FlowE7PinNameS2_  BUILD/NRF51_DK/ARMC6/mbed-os/drivers/SerialBase.o
    0x0001dbbe   0x00000002   Code   RO         1334    .text._ZN4mbed10SerialBase4lockEv  BUILD/NRF51_DK/ARMC6/mbed-os/drivers/SerialBase.o
    0x0001dbc0   0x000000c8   Code   RO         1322    .text._ZN4mbed10SerialBase6attachENS_8CallbackIFvvEEENS0_7IrqTypeE  BUILD/NRF51_DK/ARMC6/mbed-os/drivers/SerialBase.o
    0x0001dc88   0x00000002   Code   RO         1336    .text._ZN4mbed10SerialBase6unlockEv  BUILD/NRF51_DK/ARMC6/mbed-os/drivers/SerialBase.o
    0x0001dc8a   0x00000002   PAD
    0x0001dc8c   0x000000e4   Code   RO         1310    .text._ZN4mbed10SerialBaseC2E7PinNameS1_i  BUILD/NRF51_DK/ARMC6/mbed-os/drivers/SerialBase.o
    0x0001dd70   0x0000000c   Code   RO         1340    .text._ZN4mbed10SerialBaseD0Ev  BUILD/NRF51_DK/ARMC6/mbed-os/drivers/SerialBase.o
    0x0001dd7c   0x00000080   Code   RO         1338    .text._ZN4mbed10SerialBaseD2Ev  BUILD/NRF51_DK/ARMC6/mbed-os/drivers/SerialBase.o
    0x0001ddfc   0x00000016   Code   RO         1436    .text._ZN4mbed10TimerEvent15insert_absoluteEy  BUILD/NRF51_DK/ARMC6/mbed-os/drivers/TimerEvent.o
    0x0001de12   0x0000000a   Code   RO         1424    .text._ZN4mbed10TimerEvent3irqEj  BUILD/NRF51_DK/ARMC6/mbed-os/drivers/TimerEvent.o
    0x0001de1c   0x0000000e   Code   RO         1430    .text._ZN4mbed10TimerEvent6removeEv  BUILD/NRF51_DK/ARMC6/mbed-os/drivers/TimerEvent.o
    0x0001de2a   0x00000002   PAD
    0x0001de2c   0x00000028   Code   RO         1426    .text._ZN4mbed10TimerEventC2EPK13ticker_data_t  BUILD/NRF51_DK/ARMC6/mbed-os/drivers/TimerEvent.o
    0x0001de54   0x00000002   Code   RO         1432    .text._ZN4mbed10TimerEventD0Ev  BUILD/NRF51_DK/ARMC6/mbed-os/drivers/TimerEvent.o
    0x0001de56   0x00000002   PAD
    0x0001de58   0x0000001c   Code   RO         1428    .text._ZN4mbed10TimerEventD2Ev  BUILD/NRF51_DK/ARMC6/mbed-os/drivers/TimerEvent.o
    0x0001de74   0x00000002   Code   RO        19061    .text._ZN4mbed11NonCopyableINS_10FileHandleEED2Ev  BUILD/NRF51_DK/ARMC6/mbed-os/platform/FileHandle.o
    0x0001de76   0x00000004   Code   RO        19316    .text._ZN4mbed21mbed_override_consoleEi  BUILD/NRF51_DK/ARMC6/mbed-os/platform/mbed_retarget.o
    0x0001de7a   0x00000004   Code   RO        19314    .text._ZN4mbed28mbed_target_override_consoleEi  BUILD/NRF51_DK/ARMC6/mbed-os/platform/mbed_retarget.o
    0x0001de7e   0x00000002   PAD
    0x0001de80   0x00000010   Code   RO          244    .text._ZN4mbed8AnalogIn4lockEv  BUILD/NRF51_DK/ARMC6/main.o
    0x0001de90   0x00000010   Code   RO          246    .text._ZN4mbed8AnalogIn6unlockEv  BUILD/NRF51_DK/ARMC6/main.o
    0x0001dea0   0x00000034   Code   RO          232    .text._ZN4mbed8AnalogInC2E7PinName  BUILD/NRF51_DK/ARMC6/main.o
    0x0001ded4   0x00000008   Code   RO          242    .text._ZN4mbed8AnalogInD0Ev  BUILD/NRF51_DK/ARMC6/main.o
    0x0001dedc   0x00000002   Code   RO          234    .text._ZN4mbed8AnalogInD2Ev  BUILD/NRF51_DK/ARMC6/main.o
    0x0001dede   0x00000002   Code   RO         1191    .text._ZN4mbed9RawSerial4lockEv  BUILD/NRF51_DK/ARMC6/mbed-os/drivers/RawSerial.o
    0x0001dee0   0x00000024   Code   RO         1185    .text._ZN4mbed9RawSerial4putcEi  BUILD/NRF51_DK/ARMC6/mbed-os/drivers/RawSerial.o
    0x0001df04   0x00000002   Code   RO         1193    .text._ZN4mbed9RawSerial6unlockEv  BUILD/NRF51_DK/ARMC6/mbed-os/drivers/RawSerial.o
    0x0001df06   0x00000002   PAD
    0x0001df08   0x00000014   Code   RO         1181    .text._ZN4mbed9RawSerialC2E7PinNameS1_i  BUILD/NRF51_DK/ARMC6/mbed-os/drivers/RawSerial.o
    0x0001df1c   0x0000000c   Code   RO         1196    .text._ZN4mbed9RawSerialD0Ev  BUILD/NRF51_DK/ARMC6/mbed-os/drivers/RawSerial.o
    0x0001df28   0x00000008   Code   RO          236    .text._ZN4mbed9RawSerialD2Ev  BUILD/NRF51_DK/ARMC6/main.o
    0x0001df30   0x0000007c   Code   RO        19611    .text._ZN4rtos5Mutex11constructorEPKc  BUILD/NRF51_DK/ARMC6/mbed-os/rtos/Mutex.o
    0x0001dfac   0x00000038   Code   RO        19615    .text._ZN4rtos5Mutex4lockEv  BUILD/NRF51_DK/ARMC6/mbed-os/rtos/Mutex.o
    0x0001dfe4   0x00000044   Code   RO        19625    .text._ZN4rtos5Mutex6unlockEv  BUILD/NRF51_DK/ARMC6/mbed-os/rtos/Mutex.o
    0x0001e028   0x00000010   Code   RO        19609    .text._ZN4rtos5MutexC2Ev  BUILD/NRF51_DK/ARMC6/mbed-os/rtos/Mutex.o
    0x0001e038   0x00000014   Code   RO        19671    .text._ZN4rtos8internal8SysTimer11cancel_tickEv  BUILD/NRF51_DK/ARMC6/mbed-os/rtos/TARGET_CORTEX/SysTimer.o
    0x0001e04c   0x0000003c   Code   RO        19665    .text._ZN4rtos8internal8SysTimer13schedule_tickEj  BUILD/NRF51_DK/ARMC6/mbed-os/rtos/TARGET_CORTEX/SysTimer.o
    0x0001e088   0x00000006   Code   RO        19667    .text._ZN4rtos8internal8SysTimer19suspend_time_passedEv  BUILD/NRF51_DK/ARMC6/mbed-os/rtos/TARGET_CORTEX/SysTimer.o
    0x0001e08e   0x00000002   PAD
    0x0001e090   0x00000074   Code   RO        19669    .text._ZN4rtos8internal8SysTimer6resumeEv  BUILD/NRF51_DK/ARMC6/mbed-os/rtos/TARGET_CORTEX/SysTimer.o
    0x0001e104   0x0000004c   Code   RO        19685    .text._ZN4rtos8internal8SysTimer7handlerEv  BUILD/NRF51_DK/ARMC6/mbed-os/rtos/TARGET_CORTEX/SysTimer.o
    0x0001e150   0x00000024   Code   RO        19663    .text._ZN4rtos8internal8SysTimer7suspendEj  BUILD/NRF51_DK/ARMC6/mbed-os/rtos/TARGET_CORTEX/SysTimer.o
    0x0001e174   0x00000070   Code   RO        19661    .text._ZN4rtos8internal8SysTimer9setup_irqEv  BUILD/NRF51_DK/ARMC6/mbed-os/rtos/TARGET_CORTEX/SysTimer.o
    0x0001e1e4   0x00000038   Code   RO        19657    .text._ZN4rtos8internal8SysTimerC2Ev  BUILD/NRF51_DK/ARMC6/mbed-os/rtos/TARGET_CORTEX/SysTimer.o
    0x0001e21c   0x0000000c   Code   RO        19679    .text._ZN4rtos8internal8SysTimerD0Ev  BUILD/NRF51_DK/ARMC6/mbed-os/rtos/TARGET_CORTEX/SysTimer.o
    0x0001e228   0x00000008   Code   RO        19677    .text._ZN4rtos8internal8SysTimerD2Ev  BUILD/NRF51_DK/ARMC6/mbed-os/rtos/TARGET_CORTEX/SysTimer.o
    0x0001e230   0x0000002a   Code   RO         1367    .text._ZN6CThunkIN4mbed10SerialBaseEE10trampolineEP10CThunkBase  BUILD/NRF51_DK/ARMC6/mbed-os/drivers/SerialBase.o
    0x0001e25a   0x00000002   PAD
    0x0001e25c   0x00000040   Code   RO          238    .text._ZN6events10EventQueue10call_everyIPFvvEEEiiT_  BUILD/NRF51_DK/ARMC6/main.o
    0x0001e29c   0x00000008   Code   RO          252    .text._ZN6events10EventQueue13function_callIPFvvEEEvPv  BUILD/NRF51_DK/ARMC6/main.o
    0x0001e2a4   0x00000002   Code   RO          250    .text._ZN6events10EventQueue13function_dtorIPFvvEEEvPv  BUILD/NRF51_DK/ARMC6/main.o
    0x0001e2a6   0x00000002   PAD
    0x0001e2a8   0x00000040   Code   RO          240    .text._ZN6events10EventQueue7call_inIPFvvEEEiiT_  BUILD/NRF51_DK/ARMC6/main.o
    0x0001e2e8   0x00000008   Code   RO         1543    .text._ZN6events10EventQueue8dispatchEi  BUILD/NRF51_DK/ARMC6/mbed-os/events/EventQueue.o
    0x0001e2f0   0x00000022   Code   RO         1539    .text._ZN6events10EventQueueC2EjPh  BUILD/NRF51_DK/ARMC6/mbed-os/events/EventQueue.o
    0x0001e312   0x0000001a   Code   RO         1541    .text._ZN6events10EventQueueD2Ev  BUILD/NRF51_DK/ARMC6/mbed-os/events/EventQueue.o
    0x0001e32c   0x00000038   Code   RO        19308    .text._ZNK12DirectSerial4pollEs  BUILD/NRF51_DK/ARMC6/mbed-os/platform/mbed_retarget.o
    0x0001e364   0x00000054   Code   RO        16895    .text._ZNK12SingletonPtrIN4rtos5MutexEE3getEv  BUILD/NRF51_DK/ARMC6/mbed-os/features/netsocket/nsapi_dns.o
    0x0001e3b8   0x00000004   Code   RO         1299    .text._ZNK4mbed10FileHandle11is_blockingEv  BUILD/NRF51_DK/ARMC6/mbed-os/drivers/Serial.o
    0x0001e3bc   0x00000008   Code   RO        19440    .text._ZdlPv        BUILD/NRF51_DK/ARMC6/mbed-os/platform/mbed_retarget.o
    0x0001e3c4   0x00000004   Code   RO        19406    .text.__cxa_atexit  BUILD/NRF51_DK/ARMC6/mbed-os/platform/mbed_retarget.o
    0x0001e3c8   0x00000088   Code   RO        19426    .text.__cxa_guard_acquire  BUILD/NRF51_DK/ARMC6/mbed-os/platform/mbed_retarget.o
    0x0001e450   0x00000040   Code   RO        19428    .text.__cxa_guard_release  BUILD/NRF51_DK/ARMC6/mbed-os/platform/mbed_retarget.o
    0x0001e490   0x00000028   Code   RO        22467    .text.__cxa_pure_virtual  C:\Keil_v5\ARM\ARMCLANG\bin\..\lib\libcxx\libcppabi_p.l(cxa_virtual.cpp.o)
    0x0001e4b8   0x0000004c   Code   RO        19689    .text.__rt_entry    BUILD/NRF51_DK/ARMC6/mbed-os/rtos/TARGET_CORTEX/TOOLCHAIN_ARM_STD/mbed_boot_arm_std.o
    0x0001e504   0x00000060   Code   RO        19693    .text.__user_perthread_libspace  BUILD/NRF51_DK/ARMC6/mbed-os/rtos/TARGET_CORTEX/TOOLCHAIN_ARM_STD/mbed_boot_arm_std.o
    0x0001e564   0x000000a0   Code   RO        19695    .text._mutex_initialize  BUILD/NRF51_DK/ARMC6/mbed-os/rtos/TARGET_CORTEX/TOOLCHAIN_ARM_STD/mbed_boot_arm_std.o
    0x0001e604   0x00000008   Code   RO        19940    .text._platform_post_stackheap_init  BUILD/NRF51_DK/ARMC6/mbed-os/rtos/TARGET_CORTEX/rtx5/RTX/Source/rtx_lib.o
    0x0001e60c   0x00000002   Code   RO        19344    .text._sys_exit     BUILD/NRF51_DK/ARMC6/mbed-os/platform/mbed_retarget.o
    0x0001e60e   0x00000014   Code   RO        19346    .text._ttywrch      BUILD/NRF51_DK/ARMC6/mbed-os/platform/mbed_retarget.o
    0x0001e622   0x00000004   Code   RO        22730    .text.abort_message  C:\Keil_v5\ARM\ARMCLANG\bin\..\lib\libcxx\libcppabi_p.l(abort_message.cpp.o)
    0x0001e626   0x00000002   PAD
    0x0001e628   0x0000005c   Code   RO        20454    .text.adc_sample_process  BUILD/NRF51_DK/ARMC6/mbed-os/targets/TARGET_NORDIC/TARGET_NRF5x/TARGET_NRF51/TARGET_MCU_NRF51822_UNIFIED/sdk/drivers_nrf/adc/nrf_drv_adc.o
    0x0001e684   0x0000009c   Code   RO        20381    .text.analogin_init  BUILD/NRF51_DK/ARMC6/mbed-os/targets/TARGET_NORDIC/TARGET_NRF5x/TARGET_NRF51/TARGET_MCU_NRF51822_UNIFIED/analogin_api.o
    0x0001e720   0x0000004c   Code   RO        20383    .text.analogin_read_u16  BUILD/NRF51_DK/ARMC6/mbed-os/targets/TARGET_NORDIC/TARGET_NRF5x/TARGET_NRF51/TARGET_MCU_NRF51822_UNIFIED/analogin_api.o
    0x0001e76c   0x00000024   Code   RO         3223    .text.assert_nrf_callback  BUILD/NRF51_DK/ARMC6/mbed-os/features/FEATURE_BLE/targets/TARGET_NORDIC/TARGET_NORDIC_SOFTDEVICE/TARGET_NRF51/source/btle/btle.o
    0x0001e790   0x0000002c   Code   RO        21958    .text.common_rtc_free  BUILD/NRF51_DK/ARMC6/mbed-os/targets/TARGET_NORDIC/TARGET_NRF5x/common_rtc.o
    0x0001e7bc   0x0000006c   Code   RO        21954    .text.common_rtc_init  BUILD/NRF51_DK/ARMC6/mbed-os/targets/TARGET_NORDIC/TARGET_NRF5x/common_rtc.o
    0x0001e828   0x00000044   Code   RO        21952    .text.common_rtc_irq_handler  BUILD/NRF51_DK/ARMC6/mbed-os/targets/TARGET_NORDIC/TARGET_NRF5x/common_rtc.o
    0x0001e86c   0x00000058   Code   RO        21960    .text.common_rtc_set_interrupt  BUILD/NRF51_DK/ARMC6/mbed-os/targets/TARGET_NORDIC/TARGET_NRF5x/common_rtc.o
    0x0001e8c4   0x00000010   Code   RO        19173    .text.core_util_are_interrupts_enabled  BUILD/NRF51_DK/ARMC6/mbed-os/platform/mbed_critical.o
    0x0001e8d4   0x0000002c   Code   RO        19201    .text.core_util_atomic_decr_u16  BUILD/NRF51_DK/ARMC6/mbed-os/platform/mbed_critical.o
    0x0001e900   0x00000030   Code   RO        19185    .text.core_util_atomic_flag_test_and_set  BUILD/NRF51_DK/ARMC6/mbed-os/platform/mbed_critical.o
    0x0001e930   0x0000002c   Code   RO        19195    .text.core_util_atomic_incr_u16  BUILD/NRF51_DK/ARMC6/mbed-os/platform/mbed_critical.o
    0x0001e95c   0x0000007c   Code   RO        19179    .text.core_util_critical_section_enter  BUILD/NRF51_DK/ARMC6/mbed-os/platform/mbed_critical.o
    0x0001e9d8   0x00000024   Code   RO        19181    .text.core_util_critical_section_exit  BUILD/NRF51_DK/ARMC6/mbed-os/platform/mbed_critical.o
    0x0001e9fc   0x0000000e   Code   RO        19175    .text.core_util_is_isr_active  BUILD/NRF51_DK/ARMC6/mbed-os/platform/mbed_critical.o
    0x0001ea0a   0x0000008c   Code   RO         1566    .text.equeue_alloc  BUILD/NRF51_DK/ARMC6/mbed-os/events/equeue/equeue.o
    0x0001ea96   0x00000024   Code   RO         1560    .text.equeue_create  BUILD/NRF51_DK/ARMC6/mbed-os/events/equeue/equeue.o
    0x0001eaba   0x0000005e   Code   RO         1562    .text.equeue_create_inplace  BUILD/NRF51_DK/ARMC6/mbed-os/events/equeue/equeue.o
    0x0001eb18   0x00000070   Code   RO         1568    .text.equeue_dealloc  BUILD/NRF51_DK/ARMC6/mbed-os/events/equeue/equeue.o
    0x0001eb88   0x0000005e   Code   RO         1564    .text.equeue_destroy  BUILD/NRF51_DK/ARMC6/mbed-os/events/equeue/equeue.o
    0x0001ebe6   0x000001a6   Code   RO         1580    .text.equeue_dispatch  BUILD/NRF51_DK/ARMC6/mbed-os/events/equeue/equeue.o
    0x0001ed8c   0x000000cc   Code   RO         1572    .text.equeue_enqueue  BUILD/NRF51_DK/ARMC6/mbed-os/events/equeue/equeue.o
    0x0001ee58   0x00000008   Code   RO         1582    .text.equeue_event_delay  BUILD/NRF51_DK/ARMC6/mbed-os/events/equeue/equeue.o
    0x0001ee60   0x00000008   Code   RO         1586    .text.equeue_event_dtor  BUILD/NRF51_DK/ARMC6/mbed-os/events/equeue/equeue.o
    0x0001ee68   0x00000008   Code   RO         1584    .text.equeue_event_period  BUILD/NRF51_DK/ARMC6/mbed-os/events/equeue/equeue.o
    0x0001ee70   0x00000004   Code   RO         1607    .text.equeue_mutex_create  BUILD/NRF51_DK/ARMC6/mbed-os/events/equeue/equeue_mbed.o
    0x0001ee74   0x00000002   Code   RO         1609    .text.equeue_mutex_destroy  BUILD/NRF51_DK/ARMC6/mbed-os/events/equeue/equeue_mbed.o
    0x0001ee76   0x00000008   Code   RO         1611    .text.equeue_mutex_lock  BUILD/NRF51_DK/ARMC6/mbed-os/events/equeue/equeue_mbed.o
    0x0001ee7e   0x00000008   Code   RO         1613    .text.equeue_mutex_unlock  BUILD/NRF51_DK/ARMC6/mbed-os/events/equeue/equeue_mbed.o
    0x0001ee86   0x0000002e   Code   RO         1570    .text.equeue_post   BUILD/NRF51_DK/ARMC6/mbed-os/events/equeue/equeue.o
    0x0001eeb4   0x0000002a   Code   RO         1615    .text.equeue_sema_create  BUILD/NRF51_DK/ARMC6/mbed-os/events/equeue/equeue_mbed.o
    0x0001eede   0x0000000a   Code   RO         1617    .text.equeue_sema_destroy  BUILD/NRF51_DK/ARMC6/mbed-os/events/equeue/equeue_mbed.o
    0x0001eee8   0x0000000c   Code   RO         1619    .text.equeue_sema_signal  BUILD/NRF51_DK/ARMC6/mbed-os/events/equeue/equeue_mbed.o
    0x0001eef4   0x00000020   Code   RO         1621    .text.equeue_sema_wait  BUILD/NRF51_DK/ARMC6/mbed-os/events/equeue/equeue_mbed.o
    0x0001ef14   0x00000008   Code   RO         1605    .text.equeue_tick   BUILD/NRF51_DK/ARMC6/mbed-os/events/equeue/equeue_mbed.o
    0x0001ef1c   0x0000005c   Code   RO        19213    .text.error         BUILD/NRF51_DK/ARMC6/mbed-os/platform/mbed_error.o
    0x0001ef78   0x0000000c   Code   RO        19402    .text.exit          BUILD/NRF51_DK/ARMC6/mbed-os/platform/mbed_retarget.o
    0x0001ef84   0x00000008   Code   RO        18885    .text.get_lp_ticker_data  BUILD/NRF51_DK/ARMC6/mbed-os/hal/mbed_lp_ticker_api.o
    0x0001ef8c   0x00000008   Code   RO        18940    .text.get_us_ticker_data  BUILD/NRF51_DK/ARMC6/mbed-os/hal/mbed_us_ticker_api.o
    0x0001ef94   0x000000b4   Code   RO        21976    .text.gpio_apply_config  BUILD/NRF51_DK/ARMC6/mbed-os/targets/TARGET_NORDIC/TARGET_NRF5x/gpio_api.o
    0x0001f048   0x00000038   Code   RO        21978    .text.gpio_dir      BUILD/NRF51_DK/ARMC6/mbed-os/targets/TARGET_NORDIC/TARGET_NRF5x/gpio_api.o
    0x0001f080   0x00000040   Code   RO        21968    .text.gpio_init     BUILD/NRF51_DK/ARMC6/mbed-os/targets/TARGET_NORDIC/TARGET_NRF5x/gpio_api.o
    0x0001f0c0   0x0000000a   Code   RO        18876    .text.gpio_init_out  BUILD/NRF51_DK/ARMC6/mbed-os/hal/mbed_gpio.o
    0x0001f0ca   0x00000002   PAD
    0x0001f0cc   0x0000004c   Code   RO        18878    .text.gpio_init_out_ex  BUILD/NRF51_DK/ARMC6/mbed-os/hal/mbed_gpio.o
    0x0001f118   0x00000038   Code   RO        21972    .text.gpio_mode     BUILD/NRF51_DK/ARMC6/mbed-os/targets/TARGET_NORDIC/TARGET_NRF5x/gpio_api.o
    0x0001f150   0x00000048   Code   RO        21970    .text.gpio_read     BUILD/NRF51_DK/ARMC6/mbed-os/targets/TARGET_NORDIC/TARGET_NRF5x/gpio_api.o
    0x0001f198   0x00000058   Code   RO        21990    .text.gpiote_irq_handler  BUILD/NRF51_DK/ARMC6/mbed-os/targets/TARGET_NORDIC/TARGET_NRF5x/gpio_api.o
    0x0001f1f0   0x00000034   Code   RO        21974    .text.gpiote_pin_uninit  BUILD/NRF51_DK/ARMC6/mbed-os/targets/TARGET_NORDIC/TARGET_NRF5x/gpio_api.o
    0x0001f224   0x00000038   Code   RO        20501    .text.hal_critical_section_enter  BUILD/NRF51_DK/ARMC6/mbed-os/targets/TARGET_NORDIC/TARGET_NRF5x/TARGET_NRF51/nordic_critical.o
    0x0001f25c   0x00000030   Code   RO        20503    .text.hal_critical_section_exit  BUILD/NRF51_DK/ARMC6/mbed-os/targets/TARGET_NORDIC/TARGET_NRF5x/TARGET_NRF51/nordic_critical.o
    0x0001f28c   0x00000028   Code   RO        20572    .text.hal_deepsleep  BUILD/NRF51_DK/ARMC6/mbed-os/targets/TARGET_NORDIC/TARGET_NRF5x/TARGET_NRF51/sleep.o
    0x0001f2b4   0x00000048   Code   RO        20566    .text.hal_sleep     BUILD/NRF51_DK/ARMC6/mbed-os/targets/TARGET_NORDIC/TARGET_NRF5x/TARGET_NRF51/sleep.o
    0x0001f2fc   0x00000098   Code   RO        19215    .text.handle_error  BUILD/NRF51_DK/ARMC6/mbed-os/platform/mbed_error.o
    0x0001f394   0x000000ec   Code   RO        18914    .text.initialize    BUILD/NRF51_DK/ARMC6/mbed-os/hal/mbed_ticker_api.o
    0x0001f480   0x00000070   Code   RO        20521    .text.internal_set_hwfc  BUILD/NRF51_DK/ARMC6/mbed-os/targets/TARGET_NORDIC/TARGET_NRF5x/TARGET_NRF51/serial_api.o
    0x0001f4f0   0x0000000c   Code   RO        22013    .text.lp_ticker_clear_interrupt  BUILD/NRF51_DK/ARMC6/mbed-os/targets/TARGET_NORDIC/TARGET_NRF5x/lp_ticker.o
    0x0001f4fc   0x00000010   Code   RO        22011    .text.lp_ticker_disable_interrupt  BUILD/NRF51_DK/ARMC6/mbed-os/targets/TARGET_NORDIC/TARGET_NRF5x/lp_ticker.o
    0x0001f50c   0x00000020   Code   RO        22009    .text.lp_ticker_fire_interrupt  BUILD/NRF51_DK/ARMC6/mbed-os/targets/TARGET_NORDIC/TARGET_NRF5x/lp_ticker.o
    0x0001f52c   0x00000008   Code   RO        22003    .text.lp_ticker_free  BUILD/NRF51_DK/ARMC6/mbed-os/targets/TARGET_NORDIC/TARGET_NRF5x/lp_ticker.o
    0x0001f534   0x00000008   Code   RO        21999    .text.lp_ticker_get_info  BUILD/NRF51_DK/ARMC6/mbed-os/targets/TARGET_NORDIC/TARGET_NRF5x/lp_ticker.o
    0x0001f53c   0x00000008   Code   RO        22001    .text.lp_ticker_init  BUILD/NRF51_DK/ARMC6/mbed-os/targets/TARGET_NORDIC/TARGET_NRF5x/lp_ticker.o
    0x0001f544   0x00000018   Code   RO        18889    .text.lp_ticker_irq_handler  BUILD/NRF51_DK/ARMC6/mbed-os/hal/mbed_lp_ticker_api.o
    0x0001f55c   0x0000000c   Code   RO        22005    .text.lp_ticker_read  BUILD/NRF51_DK/ARMC6/mbed-os/targets/TARGET_NORDIC/TARGET_NRF5x/lp_ticker.o
    0x0001f568   0x0000000c   Code   RO        22007    .text.lp_ticker_set_interrupt  BUILD/NRF51_DK/ARMC6/mbed-os/targets/TARGET_NORDIC/TARGET_NRF5x/lp_ticker.o
    0x0001f574   0x00000060   Code   RO          217    .text.main          BUILD/NRF51_DK/ARMC6/main.o
    0x0001f5d4   0x00000024   Code   RO        19158    .text.mbed_assert_internal  BUILD/NRF51_DK/ARMC6/mbed-os/platform/mbed_assert.o
    0x0001f5f8   0x000000b8   Code   RO        19161    .text.mbed_die      BUILD/NRF51_DK/ARMC6/mbed-os/platform/mbed_board.o
    0x0001f6b0   0x00000038   Code   RO        19233    .text.mbed_error    BUILD/NRF51_DK/ARMC6/mbed-os/platform/mbed_error.o
    0x0001f6e8   0x00000004   Code   RO        19223    .text.mbed_error_initialize  BUILD/NRF51_DK/ARMC6/mbed-os/platform/mbed_error.o
    0x0001f6ec   0x0000001c   Code   RO        19163    .text.mbed_error_printf  BUILD/NRF51_DK/ARMC6/mbed-os/platform/mbed_board.o
    0x0001f708   0x0000001e   Code   RO        19167    .text.mbed_error_puts  BUILD/NRF51_DK/ARMC6/mbed-os/platform/mbed_board.o
    0x0001f726   0x00000002   PAD
    0x0001f728   0x00000038   Code   RO        19165    .text.mbed_error_vprintf  BUILD/NRF51_DK/ARMC6/mbed-os/platform/mbed_board.o
    0x0001f760   0x00000110   Code   RO          258    .text.mbed_fault_handler  BUILD/NRF51_DK/ARMC6/mbed-os/cmsis/TARGET_CORTEX_M/mbed_fault_handler.o
    0x0001f870   0x00000004   Code   RO        21962    .text.mbed_get_m0_tick_irqn  BUILD/NRF51_DK/ARMC6/mbed-os/targets/TARGET_NORDIC/TARGET_NRF5x/common_rtc.o
    0x0001f874   0x00000038   Code   RO        19219    .text.mbed_halt_system  BUILD/NRF51_DK/ARMC6/mbed-os/platform/mbed_error.o
    0x0001f8ac   0x0000000c   Code   RO        19708    .text.mbed_init     BUILD/NRF51_DK/ARMC6/mbed-os/rtos/TARGET_CORTEX/mbed_boot.o
    0x0001f8b8   0x00000002   Code   RO        19714    .text.mbed_main     BUILD/NRF51_DK/ARMC6/mbed-os/rtos/TARGET_CORTEX/mbed_boot.o
    0x0001f8ba   0x00000008   Code   RO        19721    .text.mbed_rtos_init  BUILD/NRF51_DK/ARMC6/mbed-os/rtos/TARGET_CORTEX/mbed_rtos_rtx.o
    0x0001f8c2   0x00000002   PAD
    0x0001f8c4   0x000000dc   Code   RO        19723    .text.mbed_rtos_start  BUILD/NRF51_DK/ARMC6/mbed-os/rtos/TARGET_CORTEX/mbed_rtos_rtx.o
    0x0001f9a0   0x00000002   Code   RO        19710    .text.mbed_sdk_init  BUILD/NRF51_DK/ARMC6/mbed-os/rtos/TARGET_CORTEX/mbed_boot.o
    0x0001f9a2   0x00000014   Code   RO        19712    .text.mbed_start    BUILD/NRF51_DK/ARMC6/mbed-os/rtos/TARGET_CORTEX/mbed_boot.o
    0x0001f9b6   0x00000002   PAD
    0x0001f9b8   0x0000001c   Code   RO        19691    .text.mbed_toolchain_init  BUILD/NRF51_DK/ARMC6/mbed-os/rtos/TARGET_CORTEX/TOOLCHAIN_ARM_STD/mbed_boot_arm_std.o
    0x0001f9d4   0x00000010   Code   RO        19231    .text.mbed_warning  BUILD/NRF51_DK/ARMC6/mbed-os/platform/mbed_error.o
    0x0001f9e4   0x00000038   Code   RO        20436    .text.nrf_drv_adc_init  BUILD/NRF51_DK/ARMC6/mbed-os/targets/TARGET_NORDIC/TARGET_NRF5x/TARGET_NRF51/TARGET_MCU_NRF51822_UNIFIED/sdk/drivers_nrf/adc/nrf_drv_adc.o
    0x0001fa1c   0x00000080   Code   RO        20446    .text.nrf_drv_adc_sample_convert  BUILD/NRF51_DK/ARMC6/mbed-os/targets/TARGET_NORDIC/TARGET_NRF5x/TARGET_NRF51/TARGET_MCU_NRF51822_UNIFIED/sdk/drivers_nrf/adc/nrf_drv_adc.o
    0x0001fa9c   0x00000078   Code   RO        21372    .text.nrf_drv_common_irq_enable  BUILD/NRF51_DK/ARMC6/mbed-os/targets/TARGET_NORDIC/TARGET_NRF5x/TARGET_SDK_11/drivers_nrf/common/nrf_drv_common.o
    0x0001fb14   0x00000060   Code   RO        21413    .text.nrf_drv_gpiote_in_event_disable  BUILD/NRF51_DK/ARMC6/mbed-os/targets/TARGET_NORDIC/TARGET_NRF5x/TARGET_SDK_11/drivers_nrf/gpiote/nrf_drv_gpiote.o
    0x0001fb74   0x000000b4   Code   RO        21411    .text.nrf_drv_gpiote_in_event_enable  BUILD/NRF51_DK/ARMC6/mbed-os/targets/TARGET_NORDIC/TARGET_NRF5x/TARGET_SDK_11/drivers_nrf/gpiote/nrf_drv_gpiote.o
    0x0001fc28   0x000000dc   Code   RO        21409    .text.nrf_drv_gpiote_in_init  BUILD/NRF51_DK/ARMC6/mbed-os/targets/TARGET_NORDIC/TARGET_NRF5x/TARGET_SDK_11/drivers_nrf/gpiote/nrf_drv_gpiote.o
    0x0001fd04   0x00000060   Code   RO        21389    .text.nrf_drv_gpiote_in_uninit  BUILD/NRF51_DK/ARMC6/mbed-os/targets/TARGET_NORDIC/TARGET_NRF5x/TARGET_SDK_11/drivers_nrf/gpiote/nrf_drv_gpiote.o
    0x0001fd64   0x0000005c   Code   RO        21381    .text.nrf_drv_gpiote_init  BUILD/NRF51_DK/ARMC6/mbed-os/targets/TARGET_NORDIC/TARGET_NRF5x/TARGET_SDK_11/drivers_nrf/gpiote/nrf_drv_gpiote.o
    0x0001fdc0   0x000000e8   Code   RO        21391    .text.nrf_drv_gpiote_out_init  BUILD/NRF51_DK/ARMC6/mbed-os/targets/TARGET_NORDIC/TARGET_NRF5x/TARGET_SDK_11/drivers_nrf/gpiote/nrf_drv_gpiote.o
    0x0001fea8   0x00000064   Code   RO        21387    .text.nrf_drv_gpiote_out_uninit  BUILD/NRF51_DK/ARMC6/mbed-os/targets/TARGET_NORDIC/TARGET_NRF5x/TARGET_SDK_11/drivers_nrf/gpiote/nrf_drv_gpiote.o
    0x0001ff0c   0x00000020   Code   RO        20509    .text.nrf_reloc_vector_table  BUILD/NRF51_DK/ARMC6/mbed-os/targets/TARGET_NORDIC/TARGET_NRF5x/TARGET_NRF51/reloc_vector_table.o
    0x0001ff2c   0x0000002c   Code   RO        19845    .text.osEventFlagsDelete  BUILD/NRF51_DK/ARMC6/mbed-os/rtos/TARGET_CORTEX/rtx5/RTX/Source/rtx_evflags.o
    0x0001ff58   0x00000030   Code   RO        19829    .text.osEventFlagsNew  BUILD/NRF51_DK/ARMC6/mbed-os/rtos/TARGET_CORTEX/rtx5/RTX/Source/rtx_evflags.o
    0x0001ff88   0x00000058   Code   RO        19833    .text.osEventFlagsSet  BUILD/NRF51_DK/ARMC6/mbed-os/rtos/TARGET_CORTEX/rtx5/RTX/Source/rtx_evflags.o
    0x0001ffe0   0x0000004c   Code   RO        19843    .text.osEventFlagsWait  BUILD/NRF51_DK/ARMC6/mbed-os/rtos/TARGET_CORTEX/rtx5/RTX/Source/rtx_evflags.o
    0x0002002c   0x0000002c   Code   RO        19891    .text.osKernelGetState  BUILD/NRF51_DK/ARMC6/mbed-os/rtos/TARGET_CORTEX/rtx5/RTX/Source/rtx_kernel.o
    0x00020058   0x00000028   Code   RO        19907    .text.osKernelGetTickCount  BUILD/NRF51_DK/ARMC6/mbed-os/rtos/TARGET_CORTEX/rtx5/RTX/Source/rtx_kernel.o
    0x00020080   0x00000030   Code   RO        19885    .text.osKernelInitialize  BUILD/NRF51_DK/ARMC6/mbed-os/rtos/TARGET_CORTEX/rtx5/RTX/Source/rtx_kernel.o
    0x000200b0   0x00000028   Code   RO        19905    .text.osKernelResume  BUILD/NRF51_DK/ARMC6/mbed-os/rtos/TARGET_CORTEX/rtx5/RTX/Source/rtx_kernel.o
    0x000200d8   0x0000002c   Code   RO        19895    .text.osKernelStart  BUILD/NRF51_DK/ARMC6/mbed-os/rtos/TARGET_CORTEX/rtx5/RTX/Source/rtx_kernel.o
    0x00020104   0x00000028   Code   RO        19903    .text.osKernelSuspend  BUILD/NRF51_DK/ARMC6/mbed-os/rtos/TARGET_CORTEX/rtx5/RTX/Source/rtx_kernel.o
    0x0002012c   0x00000080   Code   RO        20015    .text.osMessageQueueGet  BUILD/NRF51_DK/ARMC6/mbed-os/rtos/TARGET_CORTEX/rtx5/RTX/Source/rtx_msgqueue.o
    0x000201ac   0x00000030   Code   RO        20009    .text.osMessageQueueNew  BUILD/NRF51_DK/ARMC6/mbed-os/rtos/TARGET_CORTEX/rtx5/RTX/Source/rtx_msgqueue.o
    0x000201dc   0x00000084   Code   RO        20013    .text.osMessageQueuePut  BUILD/NRF51_DK/ARMC6/mbed-os/rtos/TARGET_CORTEX/rtx5/RTX/Source/rtx_msgqueue.o
    0x00020260   0x0000002c   Code   RO        20062    .text.osMutexAcquire  BUILD/NRF51_DK/ARMC6/mbed-os/rtos/TARGET_CORTEX/rtx5/RTX/Source/rtx_mutex.o
    0x0002028c   0x00000030   Code   RO        20058    .text.osMutexNew    BUILD/NRF51_DK/ARMC6/mbed-os/rtos/TARGET_CORTEX/rtx5/RTX/Source/rtx_mutex.o
    0x000202bc   0x0000002c   Code   RO        20064    .text.osMutexRelease  BUILD/NRF51_DK/ARMC6/mbed-os/rtos/TARGET_CORTEX/rtx5/RTX/Source/rtx_mutex.o
    0x000202e8   0x0000010c   Code   RO        19736    .text.osRtxErrorNotify  BUILD/NRF51_DK/ARMC6/mbed-os/rtos/TARGET_CORTEX/mbed_rtx_handlers.o
    0x000203f4   0x0000003a   Code   RO        19849    .text.osRtxEventFlagsPostProcess  BUILD/NRF51_DK/ARMC6/mbed-os/rtos/TARGET_CORTEX/rtx5/RTX/Source/rtx_evflags.o
    0x0002042e   0x00000006   Code   RO        19734    .text.osRtxIdleThread  BUILD/NRF51_DK/ARMC6/mbed-os/rtos/TARGET_CORTEX/mbed_rtx_handlers.o
    0x00020434   0x00000002   Code   RO        19942    .text.osRtxKernelPreInit  BUILD/NRF51_DK/ARMC6/mbed-os/rtos/TARGET_CORTEX/rtx5/RTX/Source/rtx_lib.o
    0x00020436   0x00000094   Code   RO        19959    .text.osRtxMemoryAlloc  BUILD/NRF51_DK/ARMC6/mbed-os/rtos/TARGET_CORTEX/rtx5/RTX/Source/rtx_memory.o
    0x000204ca   0x0000004c   Code   RO        19961    .text.osRtxMemoryFree  BUILD/NRF51_DK/ARMC6/mbed-os/rtos/TARGET_CORTEX/rtx5/RTX/Source/rtx_memory.o
    0x00020516   0x0000003a   Code   RO        19957    .text.osRtxMemoryInit  BUILD/NRF51_DK/ARMC6/mbed-os/rtos/TARGET_CORTEX/rtx5/RTX/Source/rtx_memory.o
    0x00020550   0x0000002c   Code   RO        19966    .text.osRtxMemoryPoolAlloc  BUILD/NRF51_DK/ARMC6/mbed-os/rtos/TARGET_CORTEX/rtx5/RTX/Source/rtx_mempool.o
    0x0002057c   0x0000003c   Code   RO        19968    .text.osRtxMemoryPoolFree  BUILD/NRF51_DK/ARMC6/mbed-os/rtos/TARGET_CORTEX/rtx5/RTX/Source/rtx_mempool.o
    0x000205b8   0x00000044   Code   RO        19964    .text.osRtxMemoryPoolInit  BUILD/NRF51_DK/ARMC6/mbed-os/rtos/TARGET_CORTEX/rtx5/RTX/Source/rtx_mempool.o
    0x000205fc   0x000000ec   Code   RO        20039    .text.osRtxMessageQueuePostProcess  BUILD/NRF51_DK/ARMC6/mbed-os/rtos/TARGET_CORTEX/rtx5/RTX/Source/rtx_msgqueue.o
    0x000206e8   0x00000042   Code   RO        20056    .text.osRtxMutexOwnerRelease  BUILD/NRF51_DK/ARMC6/mbed-os/rtos/TARGET_CORTEX/rtx5/RTX/Source/rtx_mutex.o
    0x0002072a   0x00000002   PAD
    0x0002072c   0x00000084   Code   RO        20112    .text.osRtxPendSV_Handler  BUILD/NRF51_DK/ARMC6/mbed-os/rtos/TARGET_CORTEX/rtx5/RTX/Source/rtx_system.o
    0x000207b0   0x0000006c   Code   RO        20114    .text.osRtxPostProcess  BUILD/NRF51_DK/ARMC6/mbed-os/rtos/TARGET_CORTEX/rtx5/RTX/Source/rtx_system.o
    0x0002081c   0x0000004c   Code   RO        20137    .text.osRtxThreadBlock  BUILD/NRF51_DK/ARMC6/mbed-os/rtos/TARGET_CORTEX/rtx5/RTX/Source/rtx_thread.o
    0x00020868   0x00000088   Code   RO        20145    .text.osRtxThreadDelayInsert  BUILD/NRF51_DK/ARMC6/mbed-os/rtos/TARGET_CORTEX/rtx5/RTX/Source/rtx_thread.o
    0x000208f0   0x0000005c   Code   RO        20141    .text.osRtxThreadDelayRemove  BUILD/NRF51_DK/ARMC6/mbed-os/rtos/TARGET_CORTEX/rtx5/RTX/Source/rtx_thread.o
    0x0002094c   0x00000050   Code   RO        20127    .text.osRtxThreadDelayTick  BUILD/NRF51_DK/ARMC6/mbed-os/rtos/TARGET_CORTEX/rtx5/RTX/Source/rtx_thread.o
    0x0002099c   0x00000070   Code   RO        20135    .text.osRtxThreadDispatch  BUILD/NRF51_DK/ARMC6/mbed-os/rtos/TARGET_CORTEX/rtx5/RTX/Source/rtx_thread.o
    0x00020a0c   0x00000054   Code   RO        20219    .text.osRtxThreadFree  BUILD/NRF51_DK/ARMC6/mbed-os/rtos/TARGET_CORTEX/rtx5/RTX/Source/rtx_thread.o
    0x00020a60   0x00000018   Code   RO        20119    .text.osRtxThreadListGet  BUILD/NRF51_DK/ARMC6/mbed-os/rtos/TARGET_CORTEX/rtx5/RTX/Source/rtx_thread.o
    0x00020a78   0x00000040   Code   RO        20117    .text.osRtxThreadListPut  BUILD/NRF51_DK/ARMC6/mbed-os/rtos/TARGET_CORTEX/rtx5/RTX/Source/rtx_thread.o
    0x00020ab8   0x00000018   Code   RO        20123    .text.osRtxThreadListRemove  BUILD/NRF51_DK/ARMC6/mbed-os/rtos/TARGET_CORTEX/rtx5/RTX/Source/rtx_thread.o
    0x00020ad0   0x00000034   Code   RO        20121    .text.osRtxThreadListSort  BUILD/NRF51_DK/ARMC6/mbed-os/rtos/TARGET_CORTEX/rtx5/RTX/Source/rtx_thread.o
    0x00020b04   0x00000074   Code   RO        20195    .text.osRtxThreadPostProcess  BUILD/NRF51_DK/ARMC6/mbed-os/rtos/TARGET_CORTEX/rtx5/RTX/Source/rtx_thread.o
    0x00020b78   0x00000018   Code   RO        20125    .text.osRtxThreadReadyPut  BUILD/NRF51_DK/ARMC6/mbed-os/rtos/TARGET_CORTEX/rtx5/RTX/Source/rtx_thread.o
    0x00020b90   0x00000006   Code   RO        20129    .text.osRtxThreadRegPtr  BUILD/NRF51_DK/ARMC6/mbed-os/rtos/TARGET_CORTEX/rtx5/RTX/Source/rtx_thread.o
    0x00020b96   0x00000002   PAD
    0x00020b98   0x0000002c   Code   RO        20133    .text.osRtxThreadStackCheck  BUILD/NRF51_DK/ARMC6/mbed-os/rtos/TARGET_CORTEX/rtx5/RTX/Source/rtx_thread.o
    0x00020bc4   0x00000054   Code   RO        20147    .text.osRtxThreadStartup  BUILD/NRF51_DK/ARMC6/mbed-os/rtos/TARGET_CORTEX/rtx5/RTX/Source/rtx_thread.o
    0x00020c18   0x00000014   Code   RO        20131    .text.osRtxThreadSwitch  BUILD/NRF51_DK/ARMC6/mbed-os/rtos/TARGET_CORTEX/rtx5/RTX/Source/rtx_thread.o
    0x00020c2c   0x00000048   Code   RO        20143    .text.osRtxThreadWaitEnter  BUILD/NRF51_DK/ARMC6/mbed-os/rtos/TARGET_CORTEX/rtx5/RTX/Source/rtx_thread.o
    0x00020c74   0x00000030   Code   RO        20139    .text.osRtxThreadWaitExit  BUILD/NRF51_DK/ARMC6/mbed-os/rtos/TARGET_CORTEX/rtx5/RTX/Source/rtx_thread.o
    0x00020ca4   0x00000074   Code   RO        20110    .text.osRtxTick_Handler  BUILD/NRF51_DK/ARMC6/mbed-os/rtos/TARGET_CORTEX/rtx5/RTX/Source/rtx_system.o
    0x00020d18   0x00000044   Code   RO        20240    .text.osRtxTimerThread  BUILD/NRF51_DK/ARMC6/mbed-os/rtos/TARGET_CORTEX/rtx5/RTX/Source/rtx_timer.o
    0x00020d5c   0x0000005c   Code   RO        20242    .text.osRtxTimerTick  BUILD/NRF51_DK/ARMC6/mbed-os/rtos/TARGET_CORTEX/rtx5/RTX/Source/rtx_timer.o
    0x00020db8   0x00000018   Code   RO        20179    .text.osThreadExit  BUILD/NRF51_DK/ARMC6/mbed-os/rtos/TARGET_CORTEX/rtx5/RTX/Source/rtx_thread.o
    0x00020dd0   0x00000028   Code   RO        20155    .text.osThreadGetId  BUILD/NRF51_DK/ARMC6/mbed-os/rtos/TARGET_CORTEX/rtx5/RTX/Source/rtx_thread.o
    0x00020df8   0x00000030   Code   RO        20151    .text.osThreadNew   BUILD/NRF51_DK/ARMC6/mbed-os/rtos/TARGET_CORTEX/rtx5/RTX/Source/rtx_thread.o
    0x00020e28   0x00000068   Code   RO        18907    .text.pinmap_function  BUILD/NRF51_DK/ARMC6/mbed-os/hal/mbed_pinmap_common.o
    0x00020e90   0x0000006c   Code   RO        18903    .text.pinmap_peripheral  BUILD/NRF51_DK/ARMC6/mbed-os/hal/mbed_pinmap_common.o
    0x00020efc   0x000000f0   Code   RO          260    .text.print_context_info  BUILD/NRF51_DK/ARMC6/mbed-os/cmsis/TARGET_CORTEX_M/mbed_fault_handler.o
    0x00020fec   0x000001b4   Code   RO        19217    .text.print_error_report  BUILD/NRF51_DK/ARMC6/mbed-os/platform/mbed_error.o
    0x000211a0   0x00000010   Code   RO        19763    .text.rtos_idle_loop  BUILD/NRF51_DK/ARMC6/mbed-os/rtos/TARGET_CORTEX/mbed_rtx_idle.o
    0x000211b0   0x00000170   Code   RO        18920    .text.schedule_interrupt  BUILD/NRF51_DK/ARMC6/mbed-os/hal/mbed_ticker_api.o
    0x00021320   0x00000004   Code   RO        20570    .text.sd_app_evt_wait  BUILD/NRF51_DK/ARMC6/mbed-os/targets/TARGET_NORDIC/TARGET_NRF5x/TARGET_NRF51/sleep.o
    0x00021324   0x00000004   Code   RO        20568    .text.sd_power_mode_set  BUILD/NRF51_DK/ARMC6/mbed-os/targets/TARGET_NORDIC/TARGET_NRF5x/TARGET_NRF51/sleep.o
    0x00021328   0x00000004   Code   RO        20511    .text.sd_softdevice_vector_table_base_set  BUILD/NRF51_DK/ARMC6/mbed-os/targets/TARGET_NORDIC/TARGET_NRF5x/TARGET_NRF51/reloc_vector_table.o
    0x0002132c   0x00000038   Code   RO        20525    .text.serial_baud   BUILD/NRF51_DK/ARMC6/mbed-os/targets/TARGET_NORDIC/TARGET_NRF5x/TARGET_NRF51/serial_api.o
    0x00021364   0x00000024   Code   RO        20533    .text.serial_getc   BUILD/NRF51_DK/ARMC6/mbed-os/targets/TARGET_NORDIC/TARGET_NRF5x/TARGET_NRF51/serial_api.o
    0x00021388   0x00000140   Code   RO        20517    .text.serial_init   BUILD/NRF51_DK/ARMC6/mbed-os/targets/TARGET_NORDIC/TARGET_NRF5x/TARGET_NRF51/serial_api.o
    0x000214c8   0x00000008   Code   RO        20529    .text.serial_irq_handler  BUILD/NRF51_DK/ARMC6/mbed-os/targets/TARGET_NORDIC/TARGET_NRF5x/TARGET_NRF51/serial_api.o
    0x000214d0   0x00000078   Code   RO        20531    .text.serial_irq_set  BUILD/NRF51_DK/ARMC6/mbed-os/targets/TARGET_NORDIC/TARGET_NRF5x/TARGET_NRF51/serial_api.o
    0x00021548   0x00000024   Code   RO        20537    .text.serial_putc   BUILD/NRF51_DK/ARMC6/mbed-os/targets/TARGET_NORDIC/TARGET_NRF5x/TARGET_NRF51/serial_api.o
    0x0002156c   0x00000020   Code   RO        20535    .text.serial_readable  BUILD/NRF51_DK/ARMC6/mbed-os/targets/TARGET_NORDIC/TARGET_NRF5x/TARGET_NRF51/serial_api.o
    0x0002158c   0x0000001c   Code   RO        20543    .text.serial_set_flow_control  BUILD/NRF51_DK/ARMC6/mbed-os/targets/TARGET_NORDIC/TARGET_NRF5x/TARGET_NRF51/serial_api.o
    0x000215a8   0x00000024   Code   RO        20519    .text.serial_writable  BUILD/NRF51_DK/ARMC6/mbed-os/targets/TARGET_NORDIC/TARGET_NRF5x/TARGET_NRF51/serial_api.o
    0x000215cc   0x0000006c   Code   RO        19523    .text.sleep_manager_lock_deep_sleep_internal  BUILD/NRF51_DK/ARMC6/mbed-os/platform/mbed_sleep_manager.o
    0x00021638   0x00000020   Code   RO        19531    .text.sleep_manager_sleep_auto  BUILD/NRF51_DK/ARMC6/mbed-os/platform/mbed_sleep_manager.o
    0x00021658   0x0000005c   Code   RO        19525    .text.sleep_manager_unlock_deep_sleep_internal  BUILD/NRF51_DK/ARMC6/mbed-os/platform/mbed_sleep_manager.o
    0x000216b4   0x0000000c   Code   RO        21915    .text.softdevice_handler_isEnabled  BUILD/NRF51_DK/ARMC6/mbed-os/targets/TARGET_NORDIC/TARGET_NRF5x/TARGET_SDK_11/softdevice/common/softdevice_handler/softdevice_handler.o
    0x000216c0   0x0000006c   Code   RO        19859    .text.svcRtxEventFlagsDelete  BUILD/NRF51_DK/ARMC6/mbed-os/rtos/TARGET_CORTEX/rtx5/RTX/Source/rtx_evflags.o
    0x0002172c   0x0000007c   Code   RO        19847    .text.svcRtxEventFlagsNew  BUILD/NRF51_DK/ARMC6/mbed-os/rtos/TARGET_CORTEX/rtx5/RTX/Source/rtx_evflags.o
    0x000217a8   0x00000096   Code   RO        19855    .text.svcRtxEventFlagsSet  BUILD/NRF51_DK/ARMC6/mbed-os/rtos/TARGET_CORTEX/rtx5/RTX/Source/rtx_evflags.o
    0x0002183e   0x00000002   PAD
    0x00021840   0x00000088   Code   RO        19857    .text.svcRtxEventFlagsWait  BUILD/NRF51_DK/ARMC6/mbed-os/rtos/TARGET_CORTEX/rtx5/RTX/Source/rtx_evflags.o
    0x000218c8   0x00000008   Code   RO        19893    .text.svcRtxKernelGetState  BUILD/NRF51_DK/ARMC6/mbed-os/rtos/TARGET_CORTEX/rtx5/RTX/Source/rtx_kernel.o
    0x000218d0   0x00000008   Code   RO        19909    .text.svcRtxKernelGetTickCount  BUILD/NRF51_DK/ARMC6/mbed-os/rtos/TARGET_CORTEX/rtx5/RTX/Source/rtx_kernel.o
    0x000218d8   0x0000017c   Code   RO        19923    .text.svcRtxKernelInitialize  BUILD/NRF51_DK/ARMC6/mbed-os/rtos/TARGET_CORTEX/rtx5/RTX/Source/rtx_kernel.o
    0x00021a54   0x0000009c   Code   RO        19935    .text.svcRtxKernelResume  BUILD/NRF51_DK/ARMC6/mbed-os/rtos/TARGET_CORTEX/rtx5/RTX/Source/rtx_kernel.o
    0x00021af0   0x00000094   Code   RO        19925    .text.svcRtxKernelStart  BUILD/NRF51_DK/ARMC6/mbed-os/rtos/TARGET_CORTEX/rtx5/RTX/Source/rtx_kernel.o
    0x00021b84   0x0000005c   Code   RO        19933    .text.svcRtxKernelSuspend  BUILD/NRF51_DK/ARMC6/mbed-os/rtos/TARGET_CORTEX/rtx5/RTX/Source/rtx_kernel.o
    0x00021be0   0x00000118   Code   RO        20049    .text.svcRtxMessageQueueGet  BUILD/NRF51_DK/ARMC6/mbed-os/rtos/TARGET_CORTEX/rtx5/RTX/Source/rtx_msgqueue.o
    0x00021cf8   0x000001dc   Code   RO        20037    .text.svcRtxMessageQueueNew  BUILD/NRF51_DK/ARMC6/mbed-os/rtos/TARGET_CORTEX/rtx5/RTX/Source/rtx_msgqueue.o
    0x00021ed4   0x000000d4   Code   RO        20045    .text.svcRtxMessageQueuePut  BUILD/NRF51_DK/ARMC6/mbed-os/rtos/TARGET_CORTEX/rtx5/RTX/Source/rtx_msgqueue.o
    0x00021fa8   0x000000d0   Code   RO        20074    .text.svcRtxMutexAcquire  BUILD/NRF51_DK/ARMC6/mbed-os/rtos/TARGET_CORTEX/rtx5/RTX/Source/rtx_mutex.o
    0x00022078   0x0000007c   Code   RO        20070    .text.svcRtxMutexNew  BUILD/NRF51_DK/ARMC6/mbed-os/rtos/TARGET_CORTEX/rtx5/RTX/Source/rtx_mutex.o
    0x000220f4   0x000000e8   Code   RO        20076    .text.svcRtxMutexRelease  BUILD/NRF51_DK/ARMC6/mbed-os/rtos/TARGET_CORTEX/rtx5/RTX/Source/rtx_mutex.o
    0x000221dc   0x000000d0   Code   RO        20223    .text.svcRtxThreadExit  BUILD/NRF51_DK/ARMC6/mbed-os/rtos/TARGET_CORTEX/rtx5/RTX/Source/rtx_thread.o
    0x000222ac   0x0000000c   Code   RO        20157    .text.svcRtxThreadGetId  BUILD/NRF51_DK/ARMC6/mbed-os/rtos/TARGET_CORTEX/rtx5/RTX/Source/rtx_thread.o
    0x000222b8   0x00000200   Code   RO        20149    .text.svcRtxThreadNew  BUILD/NRF51_DK/ARMC6/mbed-os/rtos/TARGET_CORTEX/rtx5/RTX/Source/rtx_thread.o
    0x000224b8   0x00000088   Code   RO        18924    .text.ticker_insert_event_us  BUILD/NRF51_DK/ARMC6/mbed-os/hal/mbed_ticker_api.o
    0x00022540   0x00000086   Code   RO        18916    .text.ticker_irq_handler  BUILD/NRF51_DK/ARMC6/mbed-os/hal/mbed_ticker_api.o
    0x000225c6   0x00000008   Code   RO        18928    .text.ticker_read   BUILD/NRF51_DK/ARMC6/mbed-os/hal/mbed_ticker_api.o
    0x000225ce   0x00000022   Code   RO        18930    .text.ticker_read_us  BUILD/NRF51_DK/ARMC6/mbed-os/hal/mbed_ticker_api.o
    0x000225f0   0x0000003a   Code   RO        18926    .text.ticker_remove_event  BUILD/NRF51_DK/ARMC6/mbed-os/hal/mbed_ticker_api.o
    0x0002262a   0x00000018   Code   RO        18912    .text.ticker_set_handler  BUILD/NRF51_DK/ARMC6/mbed-os/hal/mbed_ticker_api.o
    0x00022642   0x00000002   PAD
    0x00022644   0x00000138   Code   RO        18918    .text.update_present_time  BUILD/NRF51_DK/ARMC6/mbed-os/hal/mbed_ticker_api.o
    0x0002277c   0x00000008   Code   RO        22049    .text.us_ticker_clear_interrupt  BUILD/NRF51_DK/ARMC6/mbed-os/targets/TARGET_NORDIC/TARGET_NRF5x/us_ticker.o
    0x00022784   0x0000000c   Code   RO        22047    .text.us_ticker_disable_interrupt  BUILD/NRF51_DK/ARMC6/mbed-os/targets/TARGET_NORDIC/TARGET_NRF5x/us_ticker.o
    0x00022790   0x00000010   Code   RO        22045    .text.us_ticker_fire_interrupt  BUILD/NRF51_DK/ARMC6/mbed-os/targets/TARGET_NORDIC/TARGET_NRF5x/us_ticker.o
    0x000227a0   0x0000002c   Code   RO        22051    .text.us_ticker_free  BUILD/NRF51_DK/ARMC6/mbed-os/targets/TARGET_NORDIC/TARGET_NRF5x/us_ticker.o
    0x000227cc   0x00000008   Code   RO        22037    .text.us_ticker_get_info  BUILD/NRF51_DK/ARMC6/mbed-os/targets/TARGET_NORDIC/TARGET_NRF5x/us_ticker.o
    0x000227d4   0x00000074   Code   RO        22039    .text.us_ticker_init  BUILD/NRF51_DK/ARMC6/mbed-os/targets/TARGET_NORDIC/TARGET_NRF5x/us_ticker.o
    0x00022848   0x00000018   Code   RO        18944    .text.us_ticker_irq_handler  BUILD/NRF51_DK/ARMC6/mbed-os/hal/mbed_us_ticker_api.o
    0x00022860   0x00000014   Code   RO        22041    .text.us_ticker_read  BUILD/NRF51_DK/ARMC6/mbed-os/targets/TARGET_NORDIC/TARGET_NRF5x/us_ticker.o
    0x00022874   0x0000003c   Code   RO        22043    .text.us_ticker_set_interrupt  BUILD/NRF51_DK/ARMC6/mbed-os/targets/TARGET_NORDIC/TARGET_NRF5x/us_ticker.o
    0x000228b0   0x00000080   Code   RO        19554    .text.wait_us       BUILD/NRF51_DK/ARMC6/mbed-os/platform/mbed_wait_api_rtos.o
    0x00022930   0x0000002e   Code   RO        19342    .text.write         BUILD/NRF51_DK/ARMC6/mbed-os/platform/mbed_retarget.o
    0x0002295e   0x00000032   Code   RO        22076    i.__ARM_common_ll_muluu  C:\Keil_v5\ARM\ARMCLANG\bin\..\lib\armlib\c_p.l(calloc.o)
    0x00022990   0x0000002c   Code   RO        22880    i.__ARM_fpclassify  C:\Keil_v5\ARM\ARMCLANG\bin\..\lib\armlib\m_ps.l(fpclassify.o)
    0x000229bc   0x0000000e   Code   RO        22203    i._is_digit         C:\Keil_v5\ARM\ARMCLANG\bin\..\lib\armlib\c_p.l(__printf_wp.o)
    0x000229ca   0x00000002   PAD
    0x000229cc   0x0000002c   Code   RO        22626    locale$$code        C:\Keil_v5\ARM\ARMCLANG\bin\..\lib\armlib\c_p.l(lc_ctype_c.o)
    0x000229f8   0x0000002c   Code   RO        22805    locale$$code        C:\Keil_v5\ARM\ARMCLANG\bin\..\lib\armlib\c_p.l(lc_numeric_c.o)
    0x00022a24   0x00000010   Code   RO        22418    x$fpl$printf1       C:\Keil_v5\ARM\ARMCLANG\bin\..\lib\armlib\fz_ps.l(printf1.o)
    0x00022a34   0x00000010   Code   RO        22702    x$fpl$printf2       C:\Keil_v5\ARM\ARMCLANG\bin\..\lib\armlib\fz_ps.l(printf2.o)
    0x00022a44   0x00000000   Code   RO        22710    x$fpl$usenofp       C:\Keil_v5\ARM\ARMCLANG\bin\..\lib\armlib\fz_ps.l(usenofp.o)
    0x00022a44   0x00000028   Data   RO        22191    .constdata          C:\Keil_v5\ARM\ARMCLANG\bin\..\lib\armlib\c_p.l(_printf_hex_int_ll_ptr.o)
    0x00022a6c   0x00000011   Data   RO        22211    .constdata          C:\Keil_v5\ARM\ARMCLANG\bin\..\lib\armlib\c_p.l(__printf_flags_ss_wp.o)
    0x00022a7d   0x00000003   PAD
    0x00022a80   0x00000008   Data   RO        22559    .constdata          C:\Keil_v5\ARM\ARMCLANG\bin\..\lib\armlib\c_p.l(_printf_wctomb.o)
    0x00022a88   0x00000026   Data   RO        22747    .constdata          C:\Keil_v5\ARM\ARMCLANG\bin\..\lib\armlib\c_p.l(_printf_fp_hex.o)
    0x00022aae   0x00000002   PAD
    0x00022ab0   0x00000094   Data   RO        22770    .constdata          C:\Keil_v5\ARM\ARMCLANG\bin\..\lib\armlib\c_p.l(bigflt0.o)
    0x00022b44   0x000000a0   Data   RO        19948    .rodata             BUILD/NRF51_DK/ARMC6/mbed-os/rtos/TARGET_CORTEX/rtx5/RTX/Source/rtx_lib.o
    0x00022be4   0x0000006c   Data   RO        20387    .rodata.PinMap_ADC  BUILD/NRF51_DK/ARMC6/mbed-os/targets/TARGET_NORDIC/TARGET_NRF5x/TARGET_NRF51/TARGET_MCU_NRF51822_UNIFIED/analogin_api.o
    0x00022c50   0x00000200   Data   RO          189    .rodata._ZL22crc_tab_8005_reflected  BUILD/NRF51_DK/ARMC6/lib_crc/lib_crc.o
    0x00022e50   0x00000050   Data   RO        19457    .rodata._ZTV12DirectSerial  BUILD/NRF51_DK/ARMC6/mbed-os/platform/mbed_retarget.o
    0x00022ea0   0x00000018   Data   RO         1366    .rodata._ZTVN4mbed10SerialBaseE  BUILD/NRF51_DK/ARMC6/mbed-os/drivers/SerialBase.o
    0x00022eb8   0x00000014   Data   RO         1438    .rodata._ZTVN4mbed10TimerEventE  BUILD/NRF51_DK/ARMC6/mbed-os/drivers/TimerEvent.o
    0x00022ecc   0x00000018   Data   RO          254    .rodata._ZTVN4mbed8AnalogInE  BUILD/NRF51_DK/ARMC6/main.o
    0x00022ee4   0x00000018   Data   RO         1195    .rodata._ZTVN4mbed9RawSerialE  BUILD/NRF51_DK/ARMC6/mbed-os/drivers/RawSerial.o
    0x00022efc   0x00000014   Data   RO        19687    .rodata._ZTVN4rtos8internal8SysTimerE  BUILD/NRF51_DK/ARMC6/mbed-os/rtos/TARGET_CORTEX/SysTimer.o
    0x00022f10   0x00000008   Data   RO        18891    .rodata.lp_data     BUILD/NRF51_DK/ARMC6/mbed-os/hal/mbed_lp_ticker_api.o
    0x00022f18   0x00000020   Data   RO        18893    .rodata.lp_interface  BUILD/NRF51_DK/ARMC6/mbed-os/hal/mbed_lp_ticker_api.o
    0x00022f38   0x00000008   Data   RO        22015    .rodata.lp_ticker_get_info.info  BUILD/NRF51_DK/ARMC6/mbed-os/targets/TARGET_NORDIC/TARGET_NRF5x/lp_ticker.o
    0x00022f40   0x00000001   Data   RO        20457    .rodata.m_default_config  BUILD/NRF51_DK/ARMC6/mbed-os/targets/TARGET_NORDIC/TARGET_NRF5x/TARGET_NRF51/TARGET_MCU_NRF51822_UNIFIED/sdk/drivers_nrf/adc/nrf_drv_adc.o
    0x00022f41   0x00000003   PAD
    0x00022f44   0x00000004   Data   RO          265    .rodata.mbed_fault_context  BUILD/NRF51_DK/ARMC6/mbed-os/cmsis/TARGET_CORTEX_M/mbed_fault_handler.o
    0x00022f48   0x00000004   Data   RO        19950    .rodata.osRtxUserSVC  BUILD/NRF51_DK/ARMC6/mbed-os/rtos/TARGET_CORTEX/rtx5/RTX/Source/rtx_lib.o
    0x00022f4c   0x00000024   Data   RO        19945    .rodata.os_idle_thread_attr  BUILD/NRF51_DK/ARMC6/mbed-os/rtos/TARGET_CORTEX/rtx5/RTX/Source/rtx_lib.o
    0x00022f70   0x00000018   Data   RO        19947    .rodata.os_timer_mq_attr  BUILD/NRF51_DK/ARMC6/mbed-os/rtos/TARGET_CORTEX/rtx5/RTX/Source/rtx_lib.o
    0x00022f88   0x00000024   Data   RO        19946    .rodata.os_timer_thread_attr  BUILD/NRF51_DK/ARMC6/mbed-os/rtos/TARGET_CORTEX/rtx5/RTX/Source/rtx_lib.o
    0x00022fac   0x00000090   Data   RO        20564    .rodata.serial_baud.acceptedSpeeds  BUILD/NRF51_DK/ARMC6/mbed-os/targets/TARGET_NORDIC/TARGET_NRF5x/TARGET_NRF51/serial_api.o
    0x0002303c   0x00000053   Data   RO          228    .rodata.str1.1      BUILD/NRF51_DK/ARMC6/main.o
    0x0002308f   0x0000005c   Data   RO          266    .rodata.str1.1      BUILD/NRF51_DK/ARMC6/mbed-os/cmsis/TARGET_CORTEX_M/mbed_fault_handler.o
    0x000230eb   0x00000036   Data   RO        16876    .rodata.str1.1      BUILD/NRF51_DK/ARMC6/mbed-os/features/netsocket/nsapi_dns.o
    0x00023121   0x00000022   Data   RO        18938    .rodata.str1.1      BUILD/NRF51_DK/ARMC6/mbed-os/hal/mbed_ticker_api.o
    0x00023143   0x0000014c   Data   RO        19257    .rodata.str1.1      BUILD/NRF51_DK/ARMC6/mbed-os/platform/mbed_error.o
    0x0002328f   0x00000064   Data   RO        19459    .rodata.str1.1      BUILD/NRF51_DK/ARMC6/mbed-os/platform/mbed_retarget.o
    0x000232f3   0x00000012   Data   RO        19631    .rodata.str1.1      BUILD/NRF51_DK/ARMC6/mbed-os/rtos/Mutex.o
    0x00023305   0x00000095   Data   RO        19743    .rodata.str1.1      BUILD/NRF51_DK/ARMC6/mbed-os/rtos/TARGET_CORTEX/mbed_rtx_handlers.o
    0x0002339a   0x00000013   Data   RO        19951    .rodata.str1.1      BUILD/NRF51_DK/ARMC6/mbed-os/rtos/TARGET_CORTEX/rtx5/RTX/Source/rtx_lib.o
    0x000233ad   0x000000a8   Data   RO        20388    .rodata.str1.1      BUILD/NRF51_DK/ARMC6/mbed-os/targets/TARGET_NORDIC/TARGET_NRF5x/TARGET_NRF51/TARGET_MCU_NRF51822_UNIFIED/analogin_api.o
    0x00023455   0x00000078   Data   RO        20458    .rodata.str1.1      BUILD/NRF51_DK/ARMC6/mbed-os/targets/TARGET_NORDIC/TARGET_NRF5x/TARGET_NRF51/TARGET_MCU_NRF51822_UNIFIED/sdk/drivers_nrf/adc/nrf_drv_adc.o
    0x000234cd   0x0000005f   Data   RO        21375    .rodata.str1.1      BUILD/NRF51_DK/ARMC6/mbed-os/targets/TARGET_NORDIC/TARGET_NRF5x/TARGET_SDK_11/drivers_nrf/common/nrf_drv_common.o
    0x0002352c   0x0000005f   Data   RO        21421    .rodata.str1.1      BUILD/NRF51_DK/ARMC6/mbed-os/targets/TARGET_NORDIC/TARGET_NRF5x/TARGET_SDK_11/drivers_nrf/gpiote/nrf_drv_gpiote.o
    0x0002358b   0x00000057   Data   RO        21992    .rodata.str1.1      BUILD/NRF51_DK/ARMC6/mbed-os/targets/TARGET_NORDIC/TARGET_NRF5x/gpio_api.o
    0x000235e2   0x00000002   PAD
    0x000235e4   0x0000000b   Data   RO        19937    .rodata.str1.4      BUILD/NRF51_DK/ARMC6/mbed-os/rtos/TARGET_CORTEX/rtx5/RTX/Source/rtx_kernel.o
    0x000235ef   0x00000001   PAD
    0x000235f0   0x00000008   Data   RO        18946    .rodata.us_data     BUILD/NRF51_DK/ARMC6/mbed-os/hal/mbed_us_ticker_api.o
    0x000235f8   0x00000020   Data   RO        18948    .rodata.us_interface  BUILD/NRF51_DK/ARMC6/mbed-os/hal/mbed_us_ticker_api.o
    0x00023618   0x00000008   Data   RO        22054    .rodata.us_ticker_get_info.info  BUILD/NRF51_DK/ARMC6/mbed-os/targets/TARGET_NORDIC/TARGET_NRF5x/us_ticker.o
    0x00023620   0x00000020   Data   RO        23002    Region$$Table       anon$$obj.o
    0x00023640   0x00000110   Data   RO        22625    locale$$data        C:\Keil_v5\ARM\ARMCLANG\bin\..\lib\armlib\c_p.l(lc_ctype_c.o)
    0x00023750   0x0000001c   Data   RO        22804    locale$$data        C:\Keil_v5\ARM\ARMCLANG\bin\..\lib\armlib\c_p.l(lc_numeric_c.o)
    0x0002376c   0x00000004   Data   RO          229    .init_array         BUILD/NRF51_DK/ARMC6/main.o
    0x00023770   0x00000004   Data   RO         2528    .init_array         BUILD/NRF51_DK/ARMC6/mbed-os/features/FEATURE_BLE/source/generic/GenericGap.o
    0x00023774   0x00000000   Data   RO        22353    .init_array         C:\Keil_v5\ARM\ARMCLANG\bin\..\lib\armlib\c_p.l(init_aeabi.o)


    Execution Region RW_IRAM0 (Base: 0x20002ef8, Size: 0x000000c0, Max: 0x000000c0, ABSOLUTE, UNINIT)

    Base Addr    Size         Type   Attr      Idx    E Section Name        Object

    0x20002ef8   0x000000c0   Zero   RW        20513    .bss.noinit         BUILD/NRF51_DK/ARMC6/mbed-os/targets/TARGET_NORDIC/TARGET_NRF5x/TARGET_NRF51/reloc_vector_table.o


    Execution Region RW_IRAM1 (Base: 0x20002fb8, Size: 0x00001fe8, Max: 0x00005048, ABSOLUTE)

    Base Addr    Size         Type   Attr      Idx    E Section Name        Object

    0x20002fb8   0x00000004   Data   RW        20402    .data.SystemCoreClock  BUILD/NRF51_DK/ARMC6/mbed-os/targets/TARGET_NORDIC/TARGET_NRF5x/TARGET_NRF51/TARGET_MCU_NRF51822_UNIFIED/device/system_nrf51.o
    0x20002fbc   0x00000040   Data   RW        19456    .data._ZL11filehandles  BUILD/NRF51_DK/ARMC6/mbed-os/platform/mbed_retarget.o
    0x20002ffc   0x00000004   Data   RW        19767    .data._ZL14idle_hook_fptr  BUILD/NRF51_DK/ARMC6/mbed-os/rtos/TARGET_CORTEX/mbed_rtx_idle.o
    0x20003000   0x00000004   Data   RW        18892    .data.irq_handler   BUILD/NRF51_DK/ARMC6/mbed-os/hal/mbed_lp_ticker_api.o
    0x20003004   0x00000004   Data   RW        18947    .data.irq_handler   BUILD/NRF51_DK/ARMC6/mbed-os/hal/mbed_us_ticker_api.o
    0x20003008   0x000000a4   Data   RW        19938    .data.os            BUILD/NRF51_DK/ARMC6/mbed-os/rtos/TARGET_CORTEX/rtx5/RTX/Source/rtx_kernel.o
    0x200030ac   0x00000060   Zero   RW        22488    .bss                C:\Keil_v5\ARM\ARMCLANG\bin\..\lib\armlib\c_p.l(libspace.o)
    0x2000310c   0x00000002   Zero   RW          226    .bss.AI             BUILD/NRF51_DK/ARMC6/main.o
    0x2000310e   0x00000001   Zero   RW        20289    .bss.PendST         BUILD/NRF51_DK/ARMC6/mbed-os/rtos/TARGET_CORTEX/rtx5/Source/os_systick.o
    0x2000310f   0x00000001   PAD
    0x20003110   0x00000004   Zero   RW        19465    .bss._ZGVZL15default_consolevE7console  BUILD/NRF51_DK/ARMC6/mbed-os/platform/mbed_retarget.o
    0x20003114   0x00000004   PAD
    0x20003118   0x00000038   Zero   RW        19766    .bss._ZL13os_timer_data  BUILD/NRF51_DK/ARMC6/mbed-os/rtos/TARGET_CORTEX/mbed_rtx_idle.o
    0x20003150   0x0000005c   Zero   RW          221    .bss._ZL8ev_queue   BUILD/NRF51_DK/ARMC6/main.o
    0x200031ac   0x00000004   Zero   RW        19765    .bss._ZL8os_timer   BUILD/NRF51_DK/ARMC6/mbed-os/rtos/TARGET_CORTEX/mbed_rtx_idle.o
    0x200031b0   0x00000004   Zero   RW        18994    .bss._ZN10CThunkBase17_cthunk_free_realE  BUILD/NRF51_DK/ARMC6/mbed-os/platform/CThunkBase.o
    0x200031b4   0x00000008   Zero   RW         2522    .bss._ZN3ble7generic12_GLOBAL__N_1L19default_scan_paramsE  BUILD/NRF51_DK/ARMC6/mbed-os/features/FEATURE_BLE/source/generic/GenericGap.o
    0x200031bc   0x00000004   PAD
    0x200031c0   0x00000030   Zero   RW          936    .bss._ZN4mbed8AnalogIn6_mutexE  BUILD/NRF51_DK/ARMC6/mbed-os/drivers/AnalogIn.o
    0x200031f0   0x00000004   Zero   RW        19464    .bss._ZZL15default_consolevE7console  BUILD/NRF51_DK/ARMC6/mbed-os/platform/mbed_retarget.o
    0x200031f4   0x00000044   Zero   RW        19729    .bss._main_obj      BUILD/NRF51_DK/ARMC6/mbed-os/rtos/TARGET_CORTEX/mbed_rtos_rtx.o
    0x20003238   0x00001000   Zero   RW        19727    .bss._main_stack    BUILD/NRF51_DK/ARMC6/mbed-os/rtos/TARGET_CORTEX/mbed_rtos_rtx.o
    0x20004238   0x00000024   Zero   RW        19728    .bss._main_thread_attr  BUILD/NRF51_DK/ARMC6/mbed-os/rtos/TARGET_CORTEX/mbed_rtos_rtx.o
    0x2000425c   0x00000020   Zero   RW        19704    .bss._static_mutexes  BUILD/NRF51_DK/ARMC6/mbed-os/rtos/TARGET_CORTEX/TOOLCHAIN_ARM_STD/mbed_boot_arm_std.o
    0x2000427c   0x000000e0   Zero   RW        19705    .bss._static_mutexes_mem  BUILD/NRF51_DK/ARMC6/mbed-os/rtos/TARGET_CORTEX/TOOLCHAIN_ARM_STD/mbed_boot_arm_std.o
    0x2000435c   0x0000000a   Zero   RW          227    .bss.ans            BUILD/NRF51_DK/ARMC6/main.o
    0x20004366   0x00000002   PAD
    0x20004368   0x00000004   Zero   RW        19211    .bss.critical_section_reentrancy_counter  BUILD/NRF51_DK/ARMC6/mbed-os/platform/mbed_critical.o
    0x2000436c   0x00000002   Zero   RW        19535    .bss.deep_sleep_lock  BUILD/NRF51_DK/ARMC6/mbed-os/platform/mbed_sleep_manager.o
    0x2000436e   0x00000002   PAD
    0x20004370   0x00000004   Zero   RW        19254    .bss.error_count    BUILD/NRF51_DK/ARMC6/mbed-os/platform/mbed_error.o
    0x20004374   0x00000004   Zero   RW        19255    .bss.error_hook     BUILD/NRF51_DK/ARMC6/mbed-os/platform/mbed_error.o
    0x20004378   0x00000001   Zero   RW        19251    .bss.error_in_progress  BUILD/NRF51_DK/ARMC6/mbed-os/platform/mbed_error.o
    0x20004379   0x00000007   PAD
    0x20004380   0x00000040   Zero   RW        18894    .bss.events         BUILD/NRF51_DK/ARMC6/mbed-os/hal/mbed_lp_ticker_api.o
    0x200043c0   0x00000040   Zero   RW        18949    .bss.events         BUILD/NRF51_DK/ARMC6/mbed-os/hal/mbed_us_ticker_api.o
    0x20004400   0x00000054   Zero   RW          264    .bss.fault_context  BUILD/NRF51_DK/ARMC6/mbed-os/cmsis/TARGET_CORTEX_M/mbed_fault_handler.o
    0x20004454   0x00000034   Zero   RW        19253    .bss.first_error_ctx  BUILD/NRF51_DK/ARMC6/mbed-os/platform/mbed_error.o
    0x20004488   0x00000001   Zero   RW        19256    .bss.halt_in_progress  BUILD/NRF51_DK/ARMC6/mbed-os/platform/mbed_error.o
    0x20004489   0x00000003   PAD
    0x2000448c   0x00000034   Zero   RW        19252    .bss.last_error_ctx  BUILD/NRF51_DK/ARMC6/mbed-os/platform/mbed_error.o
    0x200044c0   0x00000001   Zero   RW        21966    .bss.lp_ticker_interrupt_fire  BUILD/NRF51_DK/ARMC6/mbed-os/targets/TARGET_NORDIC/TARGET_NRF5x/common_rtc.o
    0x200044c1   0x00000003   PAD
    0x200044c4   0x00000014   Zero   RW        20456    .bss.m_cb           BUILD/NRF51_DK/ARMC6/mbed-os/targets/TARGET_NORDIC/TARGET_NRF5x/TARGET_NRF51/TARGET_MCU_NRF51822_UNIFIED/sdk/drivers_nrf/adc/nrf_drv_adc.o
    0x200044d8   0x00000030   Zero   RW        21422    .bss.m_cb.0         BUILD/NRF51_DK/ARMC6/mbed-os/targets/TARGET_NORDIC/TARGET_NRF5x/TARGET_SDK_11/drivers_nrf/gpiote/nrf_drv_gpiote.o
    0x20004508   0x00000020   Zero   RW        21423    .bss.m_cb.1         BUILD/NRF51_DK/ARMC6/mbed-os/targets/TARGET_NORDIC/TARGET_NRF5x/TARGET_SDK_11/drivers_nrf/gpiote/nrf_drv_gpiote.o
    0x20004528   0x00000008   Zero   RW        21424    .bss.m_cb.2         BUILD/NRF51_DK/ARMC6/mbed-os/targets/TARGET_NORDIC/TARGET_NRF5x/TARGET_SDK_11/drivers_nrf/gpiote/nrf_drv_gpiote.o
    0x20004530   0x00000001   Zero   RW        21425    .bss.m_cb.3         BUILD/NRF51_DK/ARMC6/mbed-os/targets/TARGET_NORDIC/TARGET_NRF5x/TARGET_SDK_11/drivers_nrf/gpiote/nrf_drv_gpiote.o
    0x20004531   0x00000003   PAD
    0x20004534   0x0000007c   Zero   RW        21994    .bss.m_channel_ids  BUILD/NRF51_DK/ARMC6/mbed-os/targets/TARGET_NORDIC/TARGET_NRF5x/gpio_api.o
    0x200045b0   0x00000001   Zero   RW        21964    .bss.m_common_rtc_enabled  BUILD/NRF51_DK/ARMC6/mbed-os/targets/TARGET_NORDIC/TARGET_NRF5x/common_rtc.o
    0x200045b1   0x00000003   PAD
    0x200045b4   0x00000004   Zero   RW        21965    .bss.m_common_rtc_overflows  BUILD/NRF51_DK/ARMC6/mbed-os/targets/TARGET_NORDIC/TARGET_NRF5x/common_rtc.o
    0x200045b8   0x0000001f   Zero   RW        21993    .bss.m_gpio_cfg     BUILD/NRF51_DK/ARMC6/mbed-os/targets/TARGET_NORDIC/TARGET_NRF5x/gpio_api.o
    0x200045d7   0x00000001   PAD
    0x200045d8   0x00000004   Zero   RW        21997    .bss.m_gpio_initialized  BUILD/NRF51_DK/ARMC6/mbed-os/targets/TARGET_NORDIC/TARGET_NRF5x/gpio_api.o
    0x200045dc   0x00000004   Zero   RW        21996    .bss.m_gpio_irq_enabled  BUILD/NRF51_DK/ARMC6/mbed-os/targets/TARGET_NORDIC/TARGET_NRF5x/gpio_api.o
    0x200045e0   0x00000004   Zero   RW        21995    .bss.m_irq_handler  BUILD/NRF51_DK/ARMC6/mbed-os/targets/TARGET_NORDIC/TARGET_NRF5x/gpio_api.o
    0x200045e4   0x00000001   Zero   RW        21939    .bss.m_softdevice_enabled  BUILD/NRF51_DK/ARMC6/mbed-os/targets/TARGET_NORDIC/TARGET_NRF5x/TARGET_SDK_11/softdevice/common/softdevice_handler/softdevice_handler.o
    0x200045e5   0x00000003   PAD
    0x200045e8   0x00000004   Zero   RW        19454    .bss.mbed_heap_size  BUILD/NRF51_DK/ARMC6/mbed-os/platform/mbed_retarget.o
    0x200045ec   0x00000004   Zero   RW        19453    .bss.mbed_heap_start  BUILD/NRF51_DK/ARMC6/mbed-os/platform/mbed_retarget.o
    0x200045f0   0x00000004   Zero   RW        19719    .bss.mbed_stack_isr_size  BUILD/NRF51_DK/ARMC6/mbed-os/rtos/TARGET_CORTEX/mbed_boot.o
    0x200045f4   0x00000004   Zero   RW        19718    .bss.mbed_stack_isr_start  BUILD/NRF51_DK/ARMC6/mbed-os/rtos/TARGET_CORTEX/mbed_boot.o
    0x200045f8   0x00000001   Zero   RW          224    .bss.nrfLED         BUILD/NRF51_DK/ARMC6/main.o
    0x200045f9   0x00000003   PAD
    0x200045fc   0x00000008   Zero   RW        21945    .bss.nrf_nvic_state  BUILD/NRF51_DK/ARMC6/mbed-os/targets/TARGET_NORDIC/TARGET_NRF5x/TARGET_SDK_11/softdevice/common/softdevice_handler/softdevice_handler.o
    0x20004604   0x00000040   Zero   RW        19944    .bss.os             BUILD/NRF51_DK/ARMC6/mbed-os/rtos/TARGET_CORTEX/rtx5/RTX/Source/rtx_lib.o
    0x20004644   0x000001f0   Zero   RW        19703    .bss.os.libspace    BUILD/NRF51_DK/ARMC6/mbed-os/rtos/TARGET_CORTEX/TOOLCHAIN_ARM_STD/mbed_boot_arm_std.o
    0x20004834   0x00000034   Zero   RW        19954    .bss.os.msgqueue.cb  BUILD/NRF51_DK/ARMC6/mbed-os/rtos/TARGET_CORTEX/rtx5/RTX/Source/rtx_lib.o
    0x20004868   0x00000050   Zero   RW        19955    .bss.os.msgqueue.mem  BUILD/NRF51_DK/ARMC6/mbed-os/rtos/TARGET_CORTEX/rtx5/RTX/Source/rtx_lib.o
    0x200048b8   0x00000088   Zero   RW        19952    .bss.os.thread.cb   BUILD/NRF51_DK/ARMC6/mbed-os/rtos/TARGET_CORTEX/rtx5/RTX/Source/rtx_lib.o
    0x20004940   0x00000500   Zero   RW        19953    .bss.os.thread.stack  BUILD/NRF51_DK/ARMC6/mbed-os/rtos/TARGET_CORTEX/rtx5/RTX/Source/rtx_lib.o
    0x20004e40   0x00000001   Zero   RW        19706    .bss.os_kernel_is_active.os_kernel_active  BUILD/NRF51_DK/ARMC6/mbed-os/rtos/TARGET_CORTEX/TOOLCHAIN_ARM_STD/mbed_boot_arm_std.o
    0x20004e41   0x00000003   PAD
    0x20004e44   0x0000008c   Zero   RW          223    .bss.rs             BUILD/NRF51_DK/ARMC6/main.o
    0x20004ed0   0x00000001   Zero   RW          225    .bss.sendEn         BUILD/NRF51_DK/ARMC6/main.o
    0x20004ed1   0x00000003   PAD
    0x20004ed4   0x0000000c   Zero   RW          222    .bss.sensor         BUILD/NRF51_DK/ARMC6/main.o
    0x20004ee0   0x00000010   Zero   RW        19725    .bss.singleton_mutex_attr  BUILD/NRF51_DK/ARMC6/mbed-os/rtos/TARGET_CORTEX/mbed_rtos_rtx.o
    0x20004ef0   0x00000004   Zero   RW        19730    .bss.singleton_mutex_id  BUILD/NRF51_DK/ARMC6/mbed-os/rtos/TARGET_CORTEX/mbed_rtos_rtx.o
    0x20004ef4   0x0000001c   Zero   RW        19726    .bss.singleton_mutex_obj  BUILD/NRF51_DK/ARMC6/mbed-os/rtos/TARGET_CORTEX/mbed_rtos_rtx.o
    0x20004f10   0x00000001   Zero   RW        20507    .bss.state_saved    BUILD/NRF51_DK/ARMC6/mbed-os/targets/TARGET_NORDIC/TARGET_NRF5x/TARGET_NRF51/nordic_critical.o
    0x20004f11   0x00000003   PAD
    0x20004f14   0x00000028   Zero   RW        20563    .bss.stdio_uart     BUILD/NRF51_DK/ARMC6/mbed-os/targets/TARGET_NORDIC/TARGET_NRF5x/TARGET_NRF51/serial_api.o
    0x20004f3c   0x00000004   Zero   RW        20561    .bss.stdio_uart_inited  BUILD/NRF51_DK/ARMC6/mbed-os/targets/TARGET_NORDIC/TARGET_NRF5x/TARGET_NRF51/serial_api.o
    0x20004f40   0x00000004   Zero   RW        19742    .bss.terminate_hook  BUILD/NRF51_DK/ARMC6/mbed-os/rtos/TARGET_CORTEX/mbed_rtx_handlers.o
    0x20004f44   0x00000058   Zero   RW        20562    .bss.uart_cb        BUILD/NRF51_DK/ARMC6/mbed-os/targets/TARGET_NORDIC/TARGET_NRF5x/TARGET_NRF51/serial_api.o
    0x20004f9c   0x00000001   Zero   RW        22053    .bss.us_ticker_initialized  BUILD/NRF51_DK/ARMC6/mbed-os/targets/TARGET_NORDIC/TARGET_NRF5x/us_ticker.o


==============================================================================

Image component sizes


      Code (inc. data)   RO Data    RW Data    ZI Data      Debug   

     23004       2754       3012        244       8020        396   Object Totals
         0          0         32          0          0          0   (incl. Generated)
        38          0          6          0         51          0   (incl. Padding)
      8104        340        556          0         96       5536   Library Totals
        16          0          5          0          0          0   (incl. Padding)

==============================================================================


      Code (inc. data)   RO Data    RW Data    ZI Data      Debug   

     31108       3094       3568        244       8116       3016   Grand Totals
     31108       3094       3568        244       8116       3016   ELF Image Totals
     31108       3094       3568        244          0          0   ROM Totals

==============================================================================

    Total RO  Size (Code + RO Data)                34676 (  33.86kB)
    Total RW  Size (RW Data + ZI Data)              8360 (   8.16kB)
    Total ROM Size (Code + RO Data + RW Data)      34920 (  34.10kB)

==============================================================================

