Component: ARM Compiler 5.06 update 6 (build 750) Tool: armlink [4d35ed]

==============================================================================

Memory Map of the image

  Image Entry point : 0x0001b0c1

  Load Region LR_IROM1 (Base: 0x0001b000, Size: 0x00015cd8, Max: 0x00025000, ABSOLUTE, COMPRESSED[0x000152c8])

    Execution Region ER_IROM1 (Base: 0x0001b000, Size: 0x00015260, Max: 0x00025000, ABSOLUTE)

    Base Addr    Size         Type   Attr      Idx    E Section Name        Object

    0x0001b000   0x000000c0   Data   RO        25872    RESET               BUILD/NRF51_DK/ARM/mbed-os/targets/TARGET_NORDIC/TARGET_NRF5x/TARGET_NRF51/TARGET_MCU_NRF51822_UNIFIED/device/TOOLCHAIN_ARM_STD/TARGET_MCU_NORDIC_32K/startup_nRF51822.o
    0x0001b0c0   0x00000008   Code   RO        27766  * !!!main             C:\Keil_v5\ARM\ARMCC\bin\..\lib\armlib\c_p.l(__main.o)
    0x0001b0c8   0x0000003c   Code   RO        28460    !!!scatter          C:\Keil_v5\ARM\ARMCC\bin\..\lib\armlib\c_p.l(__scatter.o)
    0x0001b104   0x0000001c   Code   RO        28462    !!handler_zi        C:\Keil_v5\ARM\ARMCC\bin\..\lib\armlib\c_p.l(__scatter_zi.o)
    0x0001b120   0x00000002   Code   RO        27637    .ARM.Collect$$_printf_percent$$00000000  C:\Keil_v5\ARM\ARMCC\bin\..\lib\armlib\c_p.l(_printf_percent.o)
    0x0001b122   0x0000000a   Code   RO        28038    .ARM.Collect$$_printf_percent$$00000001  C:\Keil_v5\ARM\ARMCC\bin\..\lib\armlib\c_p.l(_printf_n.o)
    0x0001b12c   0x0000000a   Code   RO        27633    .ARM.Collect$$_printf_percent$$00000002  C:\Keil_v5\ARM\ARMCC\bin\..\lib\armlib\c_p.l(_printf_p.o)
    0x0001b136   0x0000000a   Code   RO        27636    .ARM.Collect$$_printf_percent$$00000003  C:\Keil_v5\ARM\ARMCC\bin\..\lib\armlib\c_p.l(_printf_f.o)
    0x0001b140   0x0000000a   Code   RO        28041    .ARM.Collect$$_printf_percent$$00000004  C:\Keil_v5\ARM\ARMCC\bin\..\lib\armlib\c_p.l(_printf_e.o)
    0x0001b14a   0x0000000a   Code   RO        28042    .ARM.Collect$$_printf_percent$$00000005  C:\Keil_v5\ARM\ARMCC\bin\..\lib\armlib\c_p.l(_printf_g.o)
    0x0001b154   0x0000000a   Code   RO        28043    .ARM.Collect$$_printf_percent$$00000006  C:\Keil_v5\ARM\ARMCC\bin\..\lib\armlib\c_p.l(_printf_a.o)
    0x0001b15e   0x0000000a   Code   RO        28048    .ARM.Collect$$_printf_percent$$00000007  C:\Keil_v5\ARM\ARMCC\bin\..\lib\armlib\c_p.l(_printf_ll.o)
    0x0001b168   0x0000000a   Code   RO        28040    .ARM.Collect$$_printf_percent$$00000008  C:\Keil_v5\ARM\ARMCC\bin\..\lib\armlib\c_p.l(_printf_i.o)
    0x0001b172   0x0000000a   Code   RO        27634    .ARM.Collect$$_printf_percent$$00000009  C:\Keil_v5\ARM\ARMCC\bin\..\lib\armlib\c_p.l(_printf_d.o)
    0x0001b17c   0x0000000a   Code   RO        27635    .ARM.Collect$$_printf_percent$$0000000A  C:\Keil_v5\ARM\ARMCC\bin\..\lib\armlib\c_p.l(_printf_u.o)
    0x0001b186   0x0000000a   Code   RO        28039    .ARM.Collect$$_printf_percent$$0000000B  C:\Keil_v5\ARM\ARMCC\bin\..\lib\armlib\c_p.l(_printf_o.o)
    0x0001b190   0x0000000a   Code   RO        27632    .ARM.Collect$$_printf_percent$$0000000C  C:\Keil_v5\ARM\ARMCC\bin\..\lib\armlib\c_p.l(_printf_x.o)
    0x0001b19a   0x0000000a   Code   RO        28045    .ARM.Collect$$_printf_percent$$0000000D  C:\Keil_v5\ARM\ARMCC\bin\..\lib\armlib\c_p.l(_printf_lli.o)
    0x0001b1a4   0x0000000a   Code   RO        28046    .ARM.Collect$$_printf_percent$$0000000E  C:\Keil_v5\ARM\ARMCC\bin\..\lib\armlib\c_p.l(_printf_lld.o)
    0x0001b1ae   0x0000000a   Code   RO        28047    .ARM.Collect$$_printf_percent$$0000000F  C:\Keil_v5\ARM\ARMCC\bin\..\lib\armlib\c_p.l(_printf_llu.o)
    0x0001b1b8   0x0000000a   Code   RO        28052    .ARM.Collect$$_printf_percent$$00000010  C:\Keil_v5\ARM\ARMCC\bin\..\lib\armlib\c_p.l(_printf_llo.o)
    0x0001b1c2   0x0000000a   Code   RO        28053    .ARM.Collect$$_printf_percent$$00000011  C:\Keil_v5\ARM\ARMCC\bin\..\lib\armlib\c_p.l(_printf_llx.o)
    0x0001b1cc   0x0000000a   Code   RO        28049    .ARM.Collect$$_printf_percent$$00000012  C:\Keil_v5\ARM\ARMCC\bin\..\lib\armlib\c_p.l(_printf_l.o)
    0x0001b1d6   0x0000000a   Code   RO        28037    .ARM.Collect$$_printf_percent$$00000013  C:\Keil_v5\ARM\ARMCC\bin\..\lib\armlib\c_p.l(_printf_c.o)
    0x0001b1e0   0x0000000a   Code   RO        27631    .ARM.Collect$$_printf_percent$$00000014  C:\Keil_v5\ARM\ARMCC\bin\..\lib\armlib\c_p.l(_printf_s.o)
    0x0001b1ea   0x0000000a   Code   RO        28050    .ARM.Collect$$_printf_percent$$00000015  C:\Keil_v5\ARM\ARMCC\bin\..\lib\armlib\c_p.l(_printf_lc.o)
    0x0001b1f4   0x0000000a   Code   RO        28051    .ARM.Collect$$_printf_percent$$00000016  C:\Keil_v5\ARM\ARMCC\bin\..\lib\armlib\c_p.l(_printf_ls.o)
    0x0001b1fe   0x00000004   Code   RO        28044    .ARM.Collect$$_printf_percent$$00000017  C:\Keil_v5\ARM\ARMCC\bin\..\lib\armlib\c_p.l(_printf_percent_end.o)
[...]
    0x00020d9c   0x0000005c   Code   RO         4913    i._ZN3ble7generic22GenericSecurityManagerD1Ev  BUILD/NRF51_DK/ARM/mbed-os/features/FEATURE_BLE/source/generic/GenericSecurityManager.o
    0x00020df8   0x0000000a   Code   RO         2005    i._ZN4mbed10SerialBase10_base_getcEv  BUILD/NRF51_DK/ARM/mbed-os/drivers/SerialBase.o
    0x00020e02   0x0000000e   Code   RO         2006    i._ZN4mbed10SerialBase10_base_putcEi  BUILD/NRF51_DK/ARM/mbed-os/drivers/SerialBase.o
    0x00020e10   0x00000012   Code   RO         2013    i._ZN4mbed10SerialBase12_irq_handlerEj9SerialIrq  BUILD/NRF51_DK/ARM/mbed-os/drivers/SerialBase.o
    0x00020e22   0x0000004e   Code   RO         2016    i._ZN4mbed10SerialBase16set_flow_controlENS0_4FlowE7PinNameS2_  BUILD/NRF51_DK/ARM/mbed-os/drivers/SerialBase.o
    0x00020e70   0x00000050   Code   RO         2017    i._ZN4mbed10SerialBase24interrupt_handler_asynchEv  BUILD/NRF51_DK/ARM/mbed-os/drivers/SerialBase.o
    0x00020ec0   0x00000002   Code   RO         2019    i._ZN4mbed10SerialBase4lockEv  BUILD/NRF51_DK/ARM/mbed-os/drivers/SerialBase.o
    0x00020ec2   0x000000be   Code   RO         2024    i._ZN4mbed10SerialBase6attachENS_8CallbackIFvvEEENS0_7IrqTypeE  BUILD/NRF51_DK/ARM/mbed-os/drivers/SerialBase.o
    0x00020f80   0x00000002   Code   RO         2026    i._ZN4mbed10SerialBase6unlockEv  BUILD/NRF51_DK/ARM/mbed-os/drivers/SerialBase.o
    0x00020f82   0x00000002   PAD
    0x00020f84   0x000000e4   Code   RO         2030    i._ZN4mbed10SerialBaseC1E7PinNameS1_i  BUILD/NRF51_DK/ARM/mbed-os/drivers/SerialBase.o
    0x00021068   0x00000134   Code   RO         2032    i._ZN4mbed10SerialBaseD1Ev  BUILD/NRF51_DK/ARM/mbed-os/drivers/SerialBase.o
    0x0002119c   0x00000012   Code   RO         2211    i._ZN4mbed10TimerEvent15insert_absoluteEy  BUILD/NRF51_DK/ARM/mbed-os/drivers/TimerEvent.o
    0x000211ae   0x00000006   Code   RO         2212    i._ZN4mbed10TimerEvent3irqEj  BUILD/NRF51_DK/ARM/mbed-os/drivers/TimerEvent.o
    0x000211b4   0x00000010   Code   RO         2214    i._ZN4mbed10TimerEvent6removeEv  BUILD/NRF51_DK/ARM/mbed-os/drivers/TimerEvent.o
    0x000211c4   0x00000028   Code   RO         2215    i._ZN4mbed10TimerEventC2EPK13ticker_data_t  BUILD/NRF51_DK/ARM/mbed-os/drivers/TimerEvent.o
    0x000211ec   0x0000002c   Code   RO         2216    i._ZN4mbed10TimerEventC2Ev  BUILD/NRF51_DK/ARM/mbed-os/drivers/TimerEvent.o
    0x00021218   0x0000001c   Code   RO         2218    i._ZN4mbed10TimerEventD2Ev  BUILD/NRF51_DK/ARM/mbed-os/drivers/TimerEvent.o
    0x00021234   0x00000004   Code   RO        24527    i._ZN4mbed21mbed_override_consoleEi  BUILD/NRF51_DK/ARM/mbed-os/platform/mbed_retarget.o
    0x00021238   0x00000004   Code   RO        24529    i._ZN4mbed28mbed_target_override_consoleEi  BUILD/NRF51_DK/ARM/mbed-os/platform/mbed_retarget.o
    0x0002123c   0x0000006a   Code   RO         2125    i._ZN4mbed6Ticker6detachEv  BUILD/NRF51_DK/ARM/mbed-os/drivers/Ticker.o
    0x000212a6   0x00000026   Code   RO         2126    i._ZN4mbed6Ticker7handlerEv  BUILD/NRF51_DK/ARM/mbed-os/drivers/Ticker.o
    0x000212cc   0x00000054   Code   RO         2152    i._ZN4mbed7Timeout7handlerEv  BUILD/NRF51_DK/ARM/mbed-os/drivers/Timeout.o
    0x00021320   0x00000002   Code   RO          395    i._ZN4mbed8AnalogInD1Ev  BUILD/NRF51_DK/ARM/main.o
    0x00021322   0x00000020   Code   RO         1774    i._ZN4mbed9RawSerial4getcEv  BUILD/NRF51_DK/ARM/mbed-os/drivers/RawSerial.o
    0x00021342   0x00000002   Code   RO         1775    i._ZN4mbed9RawSerial4lockEv  BUILD/NRF51_DK/ARM/mbed-os/drivers/RawSerial.o
    0x00021344   0x00000024   Code   RO         1776    i._ZN4mbed9RawSerial4putcEi  BUILD/NRF51_DK/ARM/mbed-os/drivers/RawSerial.o
    0x00021368   0x00000002   Code   RO         1779    i._ZN4mbed9RawSerial6unlockEv  BUILD/NRF51_DK/ARM/mbed-os/drivers/RawSerial.o
    0x0002136a   0x00000002   PAD
    0x0002136c   0x00000010   Code   RO         1780    i._ZN4mbed9RawSerialC1E7PinNameS1_i  BUILD/NRF51_DK/ARM/mbed-os/drivers/RawSerial.o
    0x0002137c   0x00000008   Code   RO          398    i._ZN4mbed9RawSerialD1Ev  BUILD/NRF51_DK/ARM/main.o
    0x00021384   0x00000048   Code   RO        25741    i._ZN4rtos10ThisThread9sleep_forEj  BUILD/NRF51_DK/ARM/mbed-os/rtos/ThisThread.o
    0x000213cc   0x00000088   Code   RO        24948    i._ZN4rtos5Mutex11constructorEPKc  BUILD/NRF51_DK/ARM/mbed-os/rtos/Mutex.o
    0x00021454   0x00000044   Code   RO        24952    i._ZN4rtos5Mutex4lockEv  BUILD/NRF51_DK/ARM/mbed-os/rtos/Mutex.o
    0x00021498   0x0000003c   Code   RO        24953    i._ZN4rtos5Mutex6unlockEv  BUILD/NRF51_DK/ARM/mbed-os/rtos/Mutex.o
    0x000214d4   0x00000050   Code   RO        24957    i._ZN4rtos5MutexC1Ev  BUILD/NRF51_DK/ARM/mbed-os/rtos/Mutex.o
    0x00021524   0x00000014   Code   RO        25016    i._ZN4rtos8internal8SysTimer11cancel_tickEv  BUILD/NRF51_DK/ARM/mbed-os/rtos/TARGET_CORTEX/SysTimer.o
    0x00021538   0x00000040   Code   RO        25017    i._ZN4rtos8internal8SysTimer13schedule_tickEj  BUILD/NRF51_DK/ARM/mbed-os/rtos/TARGET_CORTEX/SysTimer.o
    0x00021578   0x00000006   Code   RO        25020    i._ZN4rtos8internal8SysTimer19suspend_time_passedEv  BUILD/NRF51_DK/ARM/mbed-os/rtos/TARGET_CORTEX/SysTimer.o
    0x0002157e   0x00000002   PAD
    0x00021580   0x00000060   Code   RO        25021    i._ZN4rtos8internal8SysTimer6resumeEv  BUILD/NRF51_DK/ARM/mbed-os/rtos/TARGET_CORTEX/SysTimer.o
    0x000215e0   0x00000078   Code   RO        25022    i._ZN4rtos8internal8SysTimer7handlerEv  BUILD/NRF51_DK/ARM/mbed-os/rtos/TARGET_CORTEX/SysTimer.o
    0x00021658   0x00000054   Code   RO        25023    i._ZN4rtos8internal8SysTimer7suspendEj  BUILD/NRF51_DK/ARM/mbed-os/rtos/TARGET_CORTEX/SysTimer.o
    0x000216ac   0x00000078   Code   RO        25026    i._ZN4rtos8internal8SysTimer9setup_irqEv  BUILD/NRF51_DK/ARM/mbed-os/rtos/TARGET_CORTEX/SysTimer.o
    0x00021724   0x00000040   Code   RO        25028    i._ZN4rtos8internal8SysTimerC1Ev  BUILD/NRF51_DK/ARM/mbed-os/rtos/TARGET_CORTEX/SysTimer.o
    0x00021764   0x00000008   Code   RO         2411    i._ZN6events10EventQueue8dispatchEi  BUILD/NRF51_DK/ARM/mbed-os/events/EventQueue.o
    0x0002176c   0x00000026   Code   RO         2413    i._ZN6events10EventQueueC1EjPh  BUILD/NRF51_DK/ARM/mbed-os/events/EventQueue.o
    0x00021792   0x0000001c   Code   RO         2414    i._ZN6events10EventQueueD1Ev  BUILD/NRF51_DK/ARM/mbed-os/events/EventQueue.o
    0x000217ae   0x00000022   Code   RO         6171    i._ZN6nRF5xn13getGattServerEv  BUILD/NRF51_DK/ARM/mbed-os/features/FEATURE_BLE/targets/TARGET_NORDIC/TARGET_NORDIC_SOFTDEVICE/TARGET_NRF51/source/nRF5xn.o
    0x000217d0   0x00000028   Code   RO         6114    i._ZN6nRF5xn13processEventsEv  BUILD/NRF51_DK/ARM/mbed-os/features/FEATURE_BLE/targets/TARGET_NORDIC/TARGET_NORDIC_SOFTDEVICE/TARGET_NRF51/source/nRF5xn.o
    0x000217f8   0x00000006   Code   RO         6115    i._ZN6nRF5xn18getSecurityManagerEv  BUILD/NRF51_DK/ARM/mbed-os/features/FEATURE_BLE/targets/TARGET_NORDIC/TARGET_NORDIC_SOFTDEVICE/TARGET_NRF51/source/nRF5xn.o
    0x000217fe   0x00000002   PAD
    0x00021800   0x00000064   Code   RO         6116    i._ZN6nRF5xn4initEj26FunctionPointerWithContextIPN3BLE37InitializationCompleteCallbackContextEE  BUILD/NRF51_DK/ARM/mbed-os/features/FEATURE_BLE/targets/TARGET_NORDIC/TARGET_NORDIC_SOFTDEVICE/TARGET_NRF51/source/nRF5xn.o
    0x00021864   0x00000004   Code   RO         6168    i._ZN6nRF5xn6getGapEv  BUILD/NRF51_DK/ARM/mbed-os/features/FEATURE_BLE/targets/TARGET_NORDIC/TARGET_NORDIC_SOFTDEVICE/TARGET_NRF51/source/nRF5xn.o
    0x00021868   0x00000070   Code   RO         6117    i._ZN6nRF5xn8InstanceEj  BUILD/NRF51_DK/ARM/mbed-os/features/FEATURE_BLE/targets/TARGET_NORDIC/TARGET_NORDIC_SOFTDEVICE/TARGET_NRF51/source/nRF5xn.o
    0x000218d8   0x00000164   Code   RO         6121    i._ZN6nRF5xnD1Ev    BUILD/NRF51_DK/ARM/mbed-os/features/FEATURE_BLE/targets/TARGET_NORDIC/TARGET_NORDIC_SOFTDEVICE/TARGET_NRF51/source/nRF5xn.o
    0x00021a3c   0x00000028   Code   RO            3    i._ZN8Watchdog10ConfiguredEf  BUILD/NRF51_DK/ARM/Watchdog/Watchdog.o
    0x00021a64   0x00000010   Code   RO            5    i._ZN8Watchdog7ServiceEv  BUILD/NRF51_DK/ARM/Watchdog/Watchdog.o
    0x00021a74   0x00000002   Code   RO            6    i._ZN8WatchdogC1Ev  BUILD/NRF51_DK/ARM/Watchdog/Watchdog.o
    0x00021a76   0x00000002   PAD
    0x00021a78   0x000001a8   Code   RO         5289    i._ZN8nRF5xGap13on_connectionEjRK23ble_gap_evt_connected_t  BUILD/NRF51_DK/ARM/mbed-os/features/FEATURE_BLE/targets/TARGET_NORDIC/TARGET_NORDIC_SOFTDEVICE/TARGET_NRF51/source/nRF5xGap.o
    0x00021c20   0x0000001e   Code   RO         5293    i._ZN8nRF5xGap15stopAdvertisingEv  BUILD/NRF51_DK/ARM/mbed-os/features/FEATURE_BLE/targets/TARGET_NORDIC/TARGET_NORDIC_SOFTDEVICE/TARGET_NRF51/source/nRF5xGap.o
    0x00021c3e   0x00000002   PAD
    0x00021c40   0x000001ec   Code   RO         5294    i._ZN8nRF5xGap16startAdvertisingERK20GapAdvertisingParams  BUILD/NRF51_DK/ARM/mbed-os/features/FEATURE_BLE/targets/TARGET_NORDIC/TARGET_NORDIC_SOFTDEVICE/TARGET_NRF51/source/nRF5xGap.o
    0x00021e2c   0x00000012   Code   RO         5441    i._ZN8nRF5xGap17connection_role_tC1Ev  BUILD/NRF51_DK/ARM/mbed-os/features/FEATURE_BLE/targets/TARGET_NORDIC/TARGET_NORDIC_SOFTDEVICE/TARGET_NRF51/source/nRF5xGap.o
    0x00021e3e   0x0000002c   Code   RO         5295    i._ZN8nRF5xGap18setAdvertisingDataERK18GapAdvertisingDataS2_  BUILD/NRF51_DK/ARM/mbed-os/features/FEATURE_BLE/targets/TARGET_NORDIC/TARGET_NORDIC_SOFTDEVICE/TARGET_NRF51/source/nRF5xGap.o
    0x00021e6a   0x00000008   Code   RO         5297    i._ZN8nRF5xGap19setConnectionHandleEt  BUILD/NRF51_DK/ARM/mbed-os/features/FEATURE_BLE/targets/TARGET_NORDIC/TARGET_NORDIC_SOFTDEVICE/TARGET_NRF51/source/nRF5xGap.o
    0x00021e72   0x000000a2   Code   RO         5298    i._ZN8nRF5xGap21on_advertising_packetERK24ble_gap_evt_adv_report_t  BUILD/NRF51_DK/ARM/mbed-os/features/FEATURE_BLE/targets/TARGET_NORDIC/TARGET_NORDIC_SOFTDEVICE/TARGET_NRF51/source/nRF5xGap.o
    0x00021f14   0x00000078   Code   RO         5303    i._ZN8nRF5xGap24allocate_connection_roleEjN3Gap6Role_tE  BUILD/NRF51_DK/ARM/mbed-os/features/FEATURE_BLE/targets/TARGET_NORDIC/TARGET_NORDIC_SOFTDEVICE/TARGET_NRF51/source/nRF5xGap.o
    0x00021f8c   0x000000ba   Code   RO         5306    i._ZN8nRF5xGap25processDisconnectionEventEjN3Gap21DisconnectionReason_tE  BUILD/NRF51_DK/ARM/mbed-os/features/FEATURE_BLE/targets/TARGET_NORDIC/TARGET_NORDIC_SOFTDEVICE/TARGET_NRF51/source/nRF5xGap.o
    0x00022046   0x0000000c   Code   RO         5459    i._ZN8nRF5xGap29postRadioNotificationCallbackEv  BUILD/NRF51_DK/ARM/mbed-os/features/FEATURE_BLE/targets/TARGET_NORDIC/TARGET_NORDIC_SOFTDEVICE/TARGET_NRF51/source/nRF5xGap.o
    0x00022052   0x00000072   Code   RO         5319    i._ZN8nRF5xGap8get_roleEjRN3Gap6Role_tE  BUILD/NRF51_DK/ARM/mbed-os/features/FEATURE_BLE/targets/TARGET_NORDIC/TARGET_NORDIC_SOFTDEVICE/TARGET_NRF51/source/nRF5xGap.o
    0x000220c4   0x00000160   Code   RO         5321    i._ZN8nRF5xGapC1Ev  BUILD/NRF51_DK/ARM/mbed-os/features/FEATURE_BLE/targets/TARGET_NORDIC/TARGET_NORDIC_SOFTDEVICE/TARGET_NRF51/source/nRF5xGap.o
    0x00022224   0x00000004   Code   RO         3050    i._ZNK3Gap25getMinAdvertisingIntervalEv  BUILD/NRF51_DK/ARM/mbed-os/features/FEATURE_BLE/source/LegacyGap.o
    0x00022228   0x00000038   Code   RO         5576    i._ZNK3ble3pal6vendor6nordic15nRF5xGattClient13get_procedureEj  BUILD/NRF51_DK/ARM/mbed-os/features/FEATURE_BLE/targets/TARGET_NORDIC/TARGET_NORDIC_SOFTDEVICE/TARGET_NRF51/source/nRF5xPalGattClient.o
    0x00022260   0x0000015c   Code   RO         6122    i._ZNK6nRF5xn18getSecurityManagerEv  BUILD/NRF51_DK/ARM/mbed-os/features/FEATURE_BLE/targets/TARGET_NORDIC/TARGET_NORDIC_SOFTDEVICE/TARGET_NRF51/source/nRF5xn.o
    0x000223bc   0x00000004   Code   RO         6177    i._ZNK6nRF5xn6getGapEv  BUILD/NRF51_DK/ARM/mbed-os/features/FEATURE_BLE/targets/TARGET_NORDIC/TARGET_NORDIC_SOFTDEVICE/TARGET_NRF51/source/nRF5xn.o
    0x000223c0   0x00000004   Code   RO         5447    i._ZNK8nRF5xGap25getMinAdvertisingIntervalEv  BUILD/NRF51_DK/ARM/mbed-os/features/FEATURE_BLE/targets/TARGET_NORDIC/TARGET_NORDIC_SOFTDEVICE/TARGET_NRF51/source/nRF5xGap.o
    0x000223c4   0x00000002   Code   RO         2760    i._ZNK9SafeBool_4base7trueTagEv  BUILD/NRF51_DK/ARM/mbed-os/features/FEATURE_BLE/source/BLE.o
    0x000223c6   0x00000002   PAD
    0x000223c8   0x00000078   Code   RO         4553    i._ZThn44_N3ble7generic22GenericSecurityManager14on_ltk_requestEjRKNS_12byte_array_tILj2EEERKNS2_ILj8EEE  BUILD/NRF51_DK/ARM/mbed-os/features/FEATURE_BLE/source/generic/GenericSecurityManager.o
    0x00022440   0x0000004a   Code   RO         4554    i._ZThn44_N3ble7generic22GenericSecurityManager16on_pairing_errorEjNS_17pairing_failure_tE  BUILD/NRF51_DK/ARM/mbed-os/features/FEATURE_BLE/source/generic/GenericSecurityManager.o
    0x0002248a   0x00000068   Code   RO         4555    i._ZThn44_N3ble7generic22GenericSecurityManager18on_pairing_requestEjbNS_3pal18AuthenticationMaskENS2_15KeyDistributionES4_  BUILD/NRF51_DK/ARM/mbed-os/features/FEATURE_BLE/source/generic/GenericSecurityManager.o
    0x000224f2   0x0000000a   Code   RO         4556    i._ZThn44_N3ble7generic22GenericSecurityManager18on_passkey_displayEjj  BUILD/NRF51_DK/ARM/mbed-os/features/FEATURE_BLE/source/generic/GenericSecurityManager.o
    0x000224fc   0x00000020   Code   RO         4557    i._ZThn44_N3ble7generic22GenericSecurityManager18on_passkey_requestEj  BUILD/NRF51_DK/ARM/mbed-os/features/FEATURE_BLE/source/generic/GenericSecurityManager.o
    0x0002251c   0x00000074   Code   RO         4558    i._ZThn44_N3ble7generic22GenericSecurityManager20on_pairing_completedEj  BUILD/NRF51_DK/ARM/mbed-os/features/FEATURE_BLE/source/generic/GenericSecurityManager.o
    0x00022590   0x00000022   Code   RO         4559    i._ZThn44_N3ble7generic22GenericSecurityManager20on_pairing_timed_outEj  BUILD/NRF51_DK/ARM/mbed-os/features/FEATURE_BLE/source/generic/GenericSecurityManager.o
    0x000225b2   0x00000020   Code   RO         4561    i._ZThn44_N3ble7generic22GenericSecurityManager23on_confirmation_requestEj  BUILD/NRF51_DK/ARM/mbed-os/features/FEATURE_BLE/source/generic/GenericSecurityManager.o
    0x000225d2   0x00000002   PAD
    0x000225d4   0x0000004c   Code   RO         4562    i._ZThn44_N3ble7generic22GenericSecurityManager23on_keys_distributed_irkEjRKNS_12byte_array_tILj16EEE  BUILD/NRF51_DK/ARM/mbed-os/features/FEATURE_BLE/source/generic/GenericSecurityManager.o
    0x00022620   0x0000005c   Code   RO         4563    i._ZThn44_N3ble7generic22GenericSecurityManager23on_keys_distributed_ltkEjRKNS_12byte_array_tILj16EEE  BUILD/NRF51_DK/ARM/mbed-os/features/FEATURE_BLE/source/generic/GenericSecurityManager.o
    0x0002267c   0x00000024   Code   RO         4564    i._ZThn44_N3ble7generic22GenericSecurityManager24on_keypress_notificationEjN15SecurityManager10Keypress_tE  BUILD/NRF51_DK/ARM/mbed-os/features/FEATURE_BLE/source/generic/GenericSecurityManager.o
    0x000226a0   0x00000070   Code   RO         4565    i._ZThn44_N3ble7generic22GenericSecurityManager24on_keys_distributed_csrkEjRKNS_12byte_array_tILj16EEE  BUILD/NRF51_DK/ARM/mbed-os/features/FEATURE_BLE/source/generic/GenericSecurityManager.o
    0x00022710   0x0000000a   Code   RO         4566    i._ZThn44_N3ble7generic22GenericSecurityManager25on_link_encryption_resultEjNS_17link_encryption_tE  BUILD/NRF51_DK/ARM/mbed-os/features/FEATURE_BLE/source/generic/GenericSecurityManager.o
    0x0002271a   0x00000002   PAD
    0x0002271c   0x0000008c   Code   RO         4567    i._ZThn44_N3ble7generic22GenericSecurityManager25on_slave_security_requestEjNS_3pal18AuthenticationMaskE  BUILD/NRF51_DK/ARM/mbed-os/features/FEATURE_BLE/source/generic/GenericSecurityManager.o
    0x000227a8   0x0000004c   Code   RO         4568    i._ZThn44_N3ble7generic22GenericSecurityManager26on_keys_distributed_bdaddrEjNS_26target_peer_address_type_tERKNS_9address_tE  BUILD/NRF51_DK/ARM/mbed-os/features/FEATURE_BLE/source/generic/GenericSecurityManager.o
    0x000227f4   0x00000040   Code   RO         4569    i._ZThn44_N3ble7generic22GenericSecurityManager29on_keys_distributed_ediv_randEjRKNS_12byte_array_tILj2EEERKNS2_ILj8EEE  BUILD/NRF51_DK/ARM/mbed-os/features/FEATURE_BLE/source/generic/GenericSecurityManager.o
    0x00022834   0x0000004c   Code   RO         4570    i._ZThn44_N3ble7generic22GenericSecurityManager29on_keys_distributed_local_ltkEjRKNS_12byte_array_tILj16EEE  BUILD/NRF51_DK/ARM/mbed-os/features/FEATURE_BLE/source/generic/GenericSecurityManager.o
    0x00022880   0x0000000a   Code   RO         4571    i._ZThn44_N3ble7generic22GenericSecurityManager29on_legacy_pairing_oob_requestEj  BUILD/NRF51_DK/ARM/mbed-os/features/FEATURE_BLE/source/generic/GenericSecurityManager.o
    0x0002288a   0x00000002   PAD
    0x0002288c   0x00000040   Code   RO         4573    i._ZThn44_N3ble7generic22GenericSecurityManager35on_keys_distributed_local_ediv_randEjRKNS_12byte_array_tILj2EEERKNS2_ILj8EEE  BUILD/NRF51_DK/ARM/mbed-os/features/FEATURE_BLE/source/generic/GenericSecurityManager.o
    0x000228cc   0x0000000c   Code   RO         4576    i._ZThn44_N3ble7generic22GenericSecurityManager36on_link_encryption_request_timed_outEj  BUILD/NRF51_DK/ARM/mbed-os/features/FEATURE_BLE/source/generic/GenericSecurityManager.o
    0x000228d8   0x0000011c   Code   RO         4577    i._ZThn48_N3ble7generic22GenericSecurityManager12on_connectedEjN3Gap6Role_tENS_19peer_address_type_tEPKhN11BLEProtocol11AddressType4TypeES6_PKNS2_18ConnectionParams_tE  BUILD/NRF51_DK/ARM/mbed-os/features/FEATURE_BLE/source/generic/GenericSecurityManager.o
    0x000229f4   0x0000000a   Code   RO         4578    i._ZThn48_N3ble7generic22GenericSecurityManager15on_disconnectedEjN3Gap21DisconnectionReason_tE  BUILD/NRF51_DK/ARM/mbed-os/features/FEATURE_BLE/source/generic/GenericSecurityManager.o
    0x000229fe   0x00000008   Code   RO        24532    i._ZdaPv            BUILD/NRF51_DK/ARM/mbed-os/platform/mbed_retarget.o
    0x00022a06   0x00000008   Code   RO        24533    i._ZdlPv            BUILD/NRF51_DK/ARM/mbed-os/platform/mbed_retarget.o
    0x00022a0e   0x00000002   PAD
    0x00022a10   0x00000040   Code   RO        24536    i._Znwj             BUILD/NRF51_DK/ARM/mbed-os/platform/mbed_retarget.o
    0x00022a50   0x00000008   Code   RO        24537    i._ZnwjRKSt9nothrow_t  BUILD/NRF51_DK/ARM/mbed-os/platform/mbed_retarget.o
    0x00022a58   0x00000032   Code   RO        20764    i.__ARM_common_ll_muluu  BUILD/NRF51_DK/ARM/mbed-os/features/netsocket/nsapi_dns.o
    0x00022a8a   0x00000010   Code   RO         3091    i.__ARM_common_memclr1_6  BUILD/NRF51_DK/ARM/mbed-os/features/FEATURE_BLE/source/LegacyGap.o
    0x00022a9a   0x0000000a   Code   RO         3088    i.__ARM_common_memclr2_6  BUILD/NRF51_DK/ARM/mbed-os/features/FEATURE_BLE/source/LegacyGap.o
    0x00022aa4   0x00000016   Code   RO        20761    i.__ARM_common_memcpy1_5  BUILD/NRF51_DK/ARM/mbed-os/features/netsocket/nsapi_dns.o
    0x00022aba   0x0000001a   Code   RO         3094    i.__ARM_common_memcpy1_6  BUILD/NRF51_DK/ARM/mbed-os/features/FEATURE_BLE/source/LegacyGap.o
    0x00022ad4   0x00000022   Code   RO          574    i.__ARM_common_memcpy1_8  BUILD/NRF51_DK/ARM/mbed-os/components/802.15.4_RF/atmel-rf-driver/source/NanostackRfPhyAtmel.o
    0x00022af6   0x0000000e   Code   RO         3097    i.__ARM_common_memcpy2_6  BUILD/NRF51_DK/ARM/mbed-os/features/FEATURE_BLE/source/LegacyGap.o
    0x00022b04   0x0000002c   Code   RO        28338    i.__ARM_fpclassify  C:\Keil_v5\ARM\ARMCC\bin\..\lib\armlib\m_ps.l(fpclassify.o)
    0x00022b30   0x00000004   Code   RO        24538    i.__aeabi_atexit    BUILD/NRF51_DK/ARM/mbed-os/platform/mbed_retarget.o
    0x00022b34   0x00000022   Code   RO        27890    i.__aeabi_vec_ctor_nocookie_nodtor  C:\Keil_v5\ARM\ARMCC\bin\..\lib\cpplib\cpprt_p.l(aeabi_vec_ctor_nocookie_nodtor.o)
    0x00022b56   0x00000002   PAD
    0x00022b58   0x000000a8   Code   RO        24542    i.__cxa_guard_acquire  BUILD/NRF51_DK/ARM/mbed-os/platform/mbed_retarget.o
    0x00022c00   0x0000009c   Code   RO        24543    i.__cxa_guard_release  BUILD/NRF51_DK/ARM/mbed-os/platform/mbed_retarget.o
    0x00022c9c   0x0000000a   Code   RO        27774    i.__cxa_pure_virtual  C:\Keil_v5\ARM\ARMCC\bin\..\lib\cpplib\cpprt_p.l(pure_virt.o)
    0x00022ca6   0x00000002   PAD
    0x00022ca8   0x0000004c   Code   RO        25071    i.__rt_entry        BUILD/NRF51_DK/ARM/mbed-os/rtos/TARGET_CORTEX/TOOLCHAIN_ARM_STD/mbed_boot_arm_std.o
    0x00022cf4   0x0000001c   Code   RO         3669    i.__sti___14_GenericGap_cpp_555dcd4e  BUILD/NRF51_DK/ARM/mbed-os/features/FEATURE_BLE/source/generic/GenericGap.o
    0x00022d10   0x00000128   Code   RO          309    i.__sti___8_main_cpp_sensor  BUILD/NRF51_DK/ARM/main.o
    0x00022e38   0x00000064   Code   RO        25072    i.__user_perthread_libspace  BUILD/NRF51_DK/ARM/mbed-os/rtos/TARGET_CORTEX/TOOLCHAIN_ARM_STD/mbed_boot_arm_std.o
    0x00022e9c   0x0000000e   Code   RO        27621    i._is_digit         C:\Keil_v5\ARM\ARMCC\bin\..\lib\armlib\c_p.l(__printf_wp.o)
    0x00022eaa   0x00000002   PAD
    0x00022eac   0x00000030   Code   RO        25073    i._mutex_acquire    BUILD/NRF51_DK/ARM/mbed-os/rtos/TARGET_CORTEX/TOOLCHAIN_ARM_STD/mbed_boot_arm_std.o
    0x00022edc   0x00000094   Code   RO        25074    i._mutex_free       BUILD/NRF51_DK/ARM/mbed-os/rtos/TARGET_CORTEX/TOOLCHAIN_ARM_STD/mbed_boot_arm_std.o
    0x00022f70   0x000000b8   Code   RO        25075    i._mutex_initialize  BUILD/NRF51_DK/ARM/mbed-os/rtos/TARGET_CORTEX/TOOLCHAIN_ARM_STD/mbed_boot_arm_std.o
    0x00023028   0x0000002c   Code   RO        25076    i._mutex_release    BUILD/NRF51_DK/ARM/mbed-os/rtos/TARGET_CORTEX/TOOLCHAIN_ARM_STD/mbed_boot_arm_std.o
    0x00023054   0x00000008   Code   RO        25354    i._platform_post_stackheap_init  BUILD/NRF51_DK/ARM/mbed-os/rtos/TARGET_CORTEX/rtx5/RTX/Source/rtx_lib.o
    0x0002305c   0x0000009c   Code   RO        25862    i.analogin_init     BUILD/NRF51_DK/ARM/mbed-os/targets/TARGET_NORDIC/TARGET_NRF5x/TARGET_NRF51/TARGET_MCU_NRF51822_UNIFIED/analogin_api.o
    0x000230f8   0x0000001c   Code   RO        27268    i.app_error_fault_handler  BUILD/NRF51_DK/ARM/mbed-os/targets/TARGET_NORDIC/TARGET_NRF5x/TARGET_SDK_11/libraries/util/app_error_weak.o
    0x00023114   0x0000001c   Code   RO        27259    i.app_error_handler_bare  BUILD/NRF51_DK/ARM/mbed-os/targets/TARGET_NORDIC/TARGET_NRF5x/TARGET_SDK_11/libraries/util/app_error.o
    0x00023130   0x00000020   Code   RO         5217    i.assert_nrf_callback  BUILD/NRF51_DK/ARM/mbed-os/features/FEATURE_BLE/targets/TARGET_NORDIC/TARGET_NORDIC_SOFTDEVICE/TARGET_NRF51/source/btle/btle.o
    0x00023150   0x0000010c   Code   RO        26235    i.ble_conn_state_on_ble_evt  BUILD/NRF51_DK/ARM/mbed-os/targets/TARGET_NORDIC/TARGET_NRF5x/TARGET_SDK_11/ble/common/ble_conn_state.o
    0x0002325c   0x000000a0   Code   RO         5218    i.btle_init         BUILD/NRF51_DK/ARM/mbed-os/features/FEATURE_BLE/targets/TARGET_NORDIC/TARGET_NORDIC_SOFTDEVICE/TARGET_NRF51/source/btle/btle.o
    0x000232fc   0x00000030   Code   RO        27353    i.common_rtc_free   BUILD/NRF51_DK/ARM/mbed-os/targets/TARGET_NORDIC/TARGET_NRF5x/common_rtc.o
    0x0002332c   0x00000074   Code   RO        27354    i.common_rtc_init   BUILD/NRF51_DK/ARM/mbed-os/targets/TARGET_NORDIC/TARGET_NRF5x/common_rtc.o
    0x000233a0   0x0000005c   Code   RO        27356    i.common_rtc_set_interrupt  BUILD/NRF51_DK/ARM/mbed-os/targets/TARGET_NORDIC/TARGET_NRF5x/common_rtc.o
    0x000233fc   0x0000000c   Code   RO        24372    i.core_util_are_interrupts_enabled  BUILD/NRF51_DK/ARM/mbed-os/platform/mbed_critical.o
    0x00023408   0x00000034   Code   RO        24378    i.core_util_atomic_decr_u16  BUILD/NRF51_DK/ARM/mbed-os/platform/mbed_critical.o
    0x0002343c   0x00000038   Code   RO        24382    i.core_util_atomic_flag_test_and_set  BUILD/NRF51_DK/ARM/mbed-os/platform/mbed_critical.o
    0x00023474   0x00000034   Code   RO        24384    i.core_util_atomic_incr_u16  BUILD/NRF51_DK/ARM/mbed-os/platform/mbed_critical.o
    0x000234a8   0x0000007c   Code   RO        24387    i.core_util_critical_section_enter  BUILD/NRF51_DK/ARM/mbed-os/platform/mbed_critical.o
    0x00023524   0x00000024   Code   RO        24388    i.core_util_critical_section_exit  BUILD/NRF51_DK/ARM/mbed-os/platform/mbed_critical.o
    0x00023548   0x0000000c   Code   RO        24390    i.core_util_is_isr_active  BUILD/NRF51_DK/ARM/mbed-os/platform/mbed_critical.o
    0x00023554   0x00000084   Code   RO         2437    i.equeue_alloc      BUILD/NRF51_DK/ARM/mbed-os/events/equeue/equeue.o
    0x000235d8   0x00000074   Code   RO         2447    i.equeue_create     BUILD/NRF51_DK/ARM/mbed-os/events/equeue/equeue.o
    0x0002364c   0x0000005c   Code   RO         2448    i.equeue_create_inplace  BUILD/NRF51_DK/ARM/mbed-os/events/equeue/equeue.o
    0x000236a8   0x00000062   Code   RO         2450    i.equeue_destroy    BUILD/NRF51_DK/ARM/mbed-os/events/equeue/equeue.o
    0x0002370a   0x00000258   Code   RO         2451    i.equeue_dispatch   BUILD/NRF51_DK/ARM/mbed-os/events/equeue/equeue.o
    0x00023962   0x000000b0   Code   RO         2452    i.equeue_enqueue    BUILD/NRF51_DK/ARM/mbed-os/events/equeue/equeue.o
    0x00023a12   0x00000006   Code   RO         2453    i.equeue_event_delay  BUILD/NRF51_DK/ARM/mbed-os/events/equeue/equeue.o
    0x00023a18   0x00000006   Code   RO         2454    i.equeue_event_dtor  BUILD/NRF51_DK/ARM/mbed-os/events/equeue/equeue.o
    0x00023a1e   0x00000006   Code   RO         2455    i.equeue_event_period  BUILD/NRF51_DK/ARM/mbed-os/events/equeue/equeue.o
    0x00023a24   0x00000004   Code   RO         2482    i.equeue_mutex_create  BUILD/NRF51_DK/ARM/mbed-os/events/equeue/equeue_mbed.o
    0x00023a28   0x00000002   Code   RO         2483    i.equeue_mutex_destroy  BUILD/NRF51_DK/ARM/mbed-os/events/equeue/equeue_mbed.o
    0x00023a2a   0x00000008   Code   RO         2484    i.equeue_mutex_lock  BUILD/NRF51_DK/ARM/mbed-os/events/equeue/equeue_mbed.o
    0x00023a32   0x00000008   Code   RO         2485    i.equeue_mutex_unlock  BUILD/NRF51_DK/ARM/mbed-os/events/equeue/equeue_mbed.o
    0x00023a3a   0x0000002e   Code   RO         2456    i.equeue_post       BUILD/NRF51_DK/ARM/mbed-os/events/equeue/equeue.o
    0x00023a68   0x0000002e   Code   RO         2486    i.equeue_sema_create  BUILD/NRF51_DK/ARM/mbed-os/events/equeue/equeue_mbed.o
    0x00023a96   0x0000000a   Code   RO         2487    i.equeue_sema_destroy  BUILD/NRF51_DK/ARM/mbed-os/events/equeue/equeue_mbed.o
    0x00023aa0   0x0000000c   Code   RO         2488    i.equeue_sema_signal  BUILD/NRF51_DK/ARM/mbed-os/events/equeue/equeue_mbed.o
    0x00023aac   0x0000001e   Code   RO         2489    i.equeue_sema_wait  BUILD/NRF51_DK/ARM/mbed-os/events/equeue/equeue_mbed.o
    0x00023aca   0x00000008   Code   RO         2490    i.equeue_tick       BUILD/NRF51_DK/ARM/mbed-os/events/equeue/equeue_mbed.o
    0x00023ad2   0x00000002   PAD
    0x00023ad4   0x0000008c   Code   RO        24415    i.error             BUILD/NRF51_DK/ARM/mbed-os/platform/mbed_error.o
    0x00023b60   0x0000000a   Code   RO        24558    i.exit              BUILD/NRF51_DK/ARM/mbed-os/platform/mbed_retarget.o
    0x00023b6a   0x00000002   PAD
    0x00023b6c   0x000000ac   Code   RO        27181    i.fs_erase          BUILD/NRF51_DK/ARM/mbed-os/targets/TARGET_NORDIC/TARGET_NRF5x/TARGET_SDK_11/libraries/fstorage/fstorage.o
    0x00023c18   0x0000000a   Code   RO        27137    i.fs_event_handler  BUILD/NRF51_DK/ARM/mbed-os/targets/TARGET_NORDIC/TARGET_NRF5x/TARGET_SDK_11/libraries/fds/fds.o
    0x00023c22   0x00000002   PAD
    0x00023c24   0x000000b0   Code   RO        27184    i.fs_store          BUILD/NRF51_DK/ARM/mbed-os/targets/TARGET_NORDIC/TARGET_NRF5x/TARGET_SDK_11/libraries/fstorage/fstorage.o
    0x00023cd4   0x000001ac   Code   RO        27185    i.fs_sys_event_handler  BUILD/NRF51_DK/ARM/mbed-os/targets/TARGET_NORDIC/TARGET_NRF5x/TARGET_SDK_11/libraries/fstorage/fstorage.o
    0x00023e80   0x00000070   Code   RO        27138    i.gc_record_find_next  BUILD/NRF51_DK/ARM/mbed-os/targets/TARGET_NORDIC/TARGET_NRF5x/TARGET_SDK_11/libraries/fds/fds.o
    0x00023ef0   0x00000008   Code   RO        23886    i.get_lp_ticker_data  BUILD/NRF51_DK/ARM/mbed-os/hal/mbed_lp_ticker_api.o
    0x00023ef8   0x00000008   Code   RO        23952    i.get_us_ticker_data  BUILD/NRF51_DK/ARM/mbed-os/hal/mbed_us_ticker_api.o
    0x00023f00   0x000000c0   Code   RO        27369    i.gpio_apply_config  BUILD/NRF51_DK/ARM/mbed-os/targets/TARGET_NORDIC/TARGET_NRF5x/gpio_api.o
    0x00023fc0   0x000000b4   Code   RO        27370    i.gpio_dir          BUILD/NRF51_DK/ARM/mbed-os/targets/TARGET_NORDIC/TARGET_NRF5x/gpio_api.o
    0x00024074   0x00000094   Code   RO        27371    i.gpio_init         BUILD/NRF51_DK/ARM/mbed-os/targets/TARGET_NORDIC/TARGET_NRF5x/gpio_api.o
    0x00024108   0x00000048   Code   RO        23875    i.gpio_init_out     BUILD/NRF51_DK/ARM/mbed-os/hal/mbed_gpio.o
    0x00024150   0x000000a0   Code   RO        23876    i.gpio_init_out_ex  BUILD/NRF51_DK/ARM/mbed-os/hal/mbed_gpio.o
    0x000241f0   0x000000b4   Code   RO        27377    i.gpio_mode         BUILD/NRF51_DK/ARM/mbed-os/targets/TARGET_NORDIC/TARGET_NRF5x/gpio_api.o
    0x000242a4   0x00000090   Code   RO        27378    i.gpio_read         BUILD/NRF51_DK/ARM/mbed-os/targets/TARGET_NORDIC/TARGET_NRF5x/gpio_api.o
    0x00024334   0x00000058   Code   RO        27379    i.gpiote_irq_handler  BUILD/NRF51_DK/ARM/mbed-os/targets/TARGET_NORDIC/TARGET_NRF5x/gpio_api.o
    0x0002438c   0x0000003c   Code   RO        25995    i.hal_critical_section_enter  BUILD/NRF51_DK/ARM/mbed-os/targets/TARGET_NORDIC/TARGET_NRF5x/TARGET_NRF51/nordic_critical.o
    0x000243c8   0x00000028   Code   RO        25996    i.hal_critical_section_exit  BUILD/NRF51_DK/ARM/mbed-os/targets/TARGET_NORDIC/TARGET_NRF5x/TARGET_NRF51/nordic_critical.o
    0x000243f0   0x0000005c   Code   RO        26066    i.hal_deepsleep     BUILD/NRF51_DK/ARM/mbed-os/targets/TARGET_NORDIC/TARGET_NRF5x/TARGET_NRF51/sleep.o
    0x0002444c   0x00000040   Code   RO        26067    i.hal_sleep         BUILD/NRF51_DK/ARM/mbed-os/targets/TARGET_NORDIC/TARGET_NRF5x/TARGET_NRF51/sleep.o
    0x0002448c   0x00000080   Code   RO        24416    i.handle_error      BUILD/NRF51_DK/ARM/mbed-os/platform/mbed_error.o
    0x0002450c   0x00000124   Code   RO        23921    i.initialize        BUILD/NRF51_DK/ARM/mbed-os/hal/mbed_ticker_api.o
    0x00024630   0x00000074   Code   RO        27318    i.intern_softdevice_events_execute  BUILD/NRF51_DK/ARM/mbed-os/targets/TARGET_NORDIC/TARGET_NRF5x/TARGET_SDK_11/softdevice/common/softdevice_handler/softdevice_handler.o
    0x000246a4   0x00000070   Code   RO        26014    i.internal_set_hwfc  BUILD/NRF51_DK/ARM/mbed-os/targets/TARGET_NORDIC/TARGET_NRF5x/TARGET_NRF51/serial_api.o
    0x00024714   0x0000000c   Code   RO        27397    i.lp_ticker_clear_interrupt  BUILD/NRF51_DK/ARM/mbed-os/targets/TARGET_NORDIC/TARGET_NRF5x/lp_ticker.o
    0x00024720   0x00000010   Code   RO        27398    i.lp_ticker_disable_interrupt  BUILD/NRF51_DK/ARM/mbed-os/targets/TARGET_NORDIC/TARGET_NRF5x/lp_ticker.o
    0x00024730   0x00000020   Code   RO        27399    i.lp_ticker_fire_interrupt  BUILD/NRF51_DK/ARM/mbed-os/targets/TARGET_NORDIC/TARGET_NRF5x/lp_ticker.o
    0x00024750   0x00000008   Code   RO        27400    i.lp_ticker_free    BUILD/NRF51_DK/ARM/mbed-os/targets/TARGET_NORDIC/TARGET_NRF5x/lp_ticker.o
    0x00024758   0x00000008   Code   RO        27401    i.lp_ticker_get_info  BUILD/NRF51_DK/ARM/mbed-os/targets/TARGET_NORDIC/TARGET_NRF5x/lp_ticker.o
    0x00024760   0x00000008   Code   RO        27402    i.lp_ticker_init    BUILD/NRF51_DK/ARM/mbed-os/targets/TARGET_NORDIC/TARGET_NRF5x/lp_ticker.o
    0x00024768   0x00000018   Code   RO        23887    i.lp_ticker_irq_handler  BUILD/NRF51_DK/ARM/mbed-os/hal/mbed_lp_ticker_api.o
    0x00024780   0x0000000c   Code   RO        27403    i.lp_ticker_read    BUILD/NRF51_DK/ARM/mbed-os/targets/TARGET_NORDIC/TARGET_NRF5x/lp_ticker.o
    0x0002478c   0x0000000e   Code   RO        27404    i.lp_ticker_set_interrupt  BUILD/NRF51_DK/ARM/mbed-os/targets/TARGET_NORDIC/TARGET_NRF5x/lp_ticker.o
    0x0002479a   0x00000002   PAD
    0x0002479c   0x0000012c   Code   RO          310    i.main              BUILD/NRF51_DK/ARM/main.o
    0x000248c8   0x00000020   Code   RO        24353    i.mbed_assert_internal  BUILD/NRF51_DK/ARM/mbed-os/platform/mbed_assert.o
    0x000248e8   0x000000e8   Code   RO        24357    i.mbed_die          BUILD/NRF51_DK/ARM/mbed-os/platform/mbed_board.o
    0x000249d0   0x00000070   Code   RO        24418    i.mbed_error        BUILD/NRF51_DK/ARM/mbed-os/platform/mbed_error.o
    0x00024a40   0x00000004   Code   RO        24419    i.mbed_error_initialize  BUILD/NRF51_DK/ARM/mbed-os/platform/mbed_error.o
    0x00024a44   0x00000050   Code   RO        24358    i.mbed_error_printf  BUILD/NRF51_DK/ARM/mbed-os/platform/mbed_board.o
    0x00024a94   0x0000001e   Code   RO        24359    i.mbed_error_puts   BUILD/NRF51_DK/ARM/mbed-os/platform/mbed_board.o
    0x00024ab2   0x00000002   PAD
    0x00024ab4   0x00000048   Code   RO        24361    i.mbed_error_vprintf  BUILD/NRF51_DK/ARM/mbed-os/platform/mbed_board.o
    0x00024afc   0x00000110   Code   RO          438    i.mbed_fault_handler  BUILD/NRF51_DK/ARM/mbed-os/cmsis/TARGET_CORTEX_M/mbed_fault_handler.o
    0x00024c0c   0x00000004   Code   RO        27357    i.mbed_get_m0_tick_irqn  BUILD/NRF51_DK/ARM/mbed-os/targets/TARGET_NORDIC/TARGET_NRF5x/common_rtc.o
    0x00024c10   0x0000000c   Code   RO        25092    i.mbed_init         BUILD/NRF51_DK/ARM/mbed-os/rtos/TARGET_CORTEX/mbed_boot.o
    0x00024c1c   0x00000002   Code   RO        25093    i.mbed_main         BUILD/NRF51_DK/ARM/mbed-os/rtos/TARGET_CORTEX/mbed_boot.o
    0x00024c1e   0x00000008   Code   RO        25108    i.mbed_rtos_init    BUILD/NRF51_DK/ARM/mbed-os/rtos/TARGET_CORTEX/mbed_rtos_rtx.o
    0x00024c26   0x00000002   PAD
    0x00024c28   0x000000d8   Code   RO        25109    i.mbed_rtos_start   BUILD/NRF51_DK/ARM/mbed-os/rtos/TARGET_CORTEX/mbed_rtos_rtx.o
    0x00024d00   0x00000002   Code   RO        25094    i.mbed_sdk_init     BUILD/NRF51_DK/ARM/mbed-os/rtos/TARGET_CORTEX/mbed_boot.o
    0x00024d02   0x00000014   Code   RO        25095    i.mbed_start        BUILD/NRF51_DK/ARM/mbed-os/rtos/TARGET_CORTEX/mbed_boot.o
    0x00024d16   0x00000002   PAD
    0x00024d18   0x0000001c   Code   RO        25077    i.mbed_toolchain_init  BUILD/NRF51_DK/ARM/mbed-os/rtos/TARGET_CORTEX/TOOLCHAIN_ARM_STD/mbed_boot_arm_std.o
    0x00024d34   0x00000014   Code   RO        24431    i.mbed_warning      BUILD/NRF51_DK/ARM/mbed-os/platform/mbed_error.o
    0x00024d48   0x00000040   Code   RO        25933    i.nrf_drv_adc_init  BUILD/NRF51_DK/ARM/mbed-os/targets/TARGET_NORDIC/TARGET_NRF5x/TARGET_NRF51/TARGET_MCU_NRF51822_UNIFIED/sdk/drivers_nrf/adc/nrf_drv_adc.o
    0x00024d88   0x00000024   Code   RO        26780    i.nrf_drv_clock_on_soc_event  BUILD/NRF51_DK/ARM/mbed-os/targets/TARGET_NORDIC/TARGET_NRF5x/TARGET_SDK_11/drivers_nrf/clock/nrf_drv_clock.o
    0x00024dac   0x00000080   Code   RO        26802    i.nrf_drv_common_irq_enable  BUILD/NRF51_DK/ARM/mbed-os/targets/TARGET_NORDIC/TARGET_NRF5x/TARGET_SDK_11/drivers_nrf/common/nrf_drv_common.o
    0x00024e2c   0x000000cc   Code   RO        26827    i.nrf_drv_gpiote_in_event_enable  BUILD/NRF51_DK/ARM/mbed-os/targets/TARGET_NORDIC/TARGET_NRF5x/TARGET_SDK_11/drivers_nrf/gpiote/nrf_drv_gpiote.o
    0x00024ef8   0x000000e8   Code   RO        26828    i.nrf_drv_gpiote_in_init  BUILD/NRF51_DK/ARM/mbed-os/targets/TARGET_NORDIC/TARGET_NRF5x/TARGET_SDK_11/drivers_nrf/gpiote/nrf_drv_gpiote.o
    0x00024fe0   0x000000c4   Code   RO        26830    i.nrf_drv_gpiote_in_uninit  BUILD/NRF51_DK/ARM/mbed-os/targets/TARGET_NORDIC/TARGET_NRF5x/TARGET_SDK_11/drivers_nrf/gpiote/nrf_drv_gpiote.o
    0x000250a4   0x00000060   Code   RO        26831    i.nrf_drv_gpiote_init  BUILD/NRF51_DK/ARM/mbed-os/targets/TARGET_NORDIC/TARGET_NRF5x/TARGET_SDK_11/drivers_nrf/gpiote/nrf_drv_gpiote.o
    0x00025104   0x00000100   Code   RO        26834    i.nrf_drv_gpiote_out_init  BUILD/NRF51_DK/ARM/mbed-os/targets/TARGET_NORDIC/TARGET_NRF5x/TARGET_SDK_11/drivers_nrf/gpiote/nrf_drv_gpiote.o
    0x00025204   0x00000074   Code   RO        26842    i.nrf_drv_gpiote_out_uninit  BUILD/NRF51_DK/ARM/mbed-os/targets/TARGET_NORDIC/TARGET_NRF5x/TARGET_SDK_11/drivers_nrf/gpiote/nrf_drv_gpiote.o
    0x00025278   0x0000001c   Code   RO        26006    i.nrf_reloc_vector_table  BUILD/NRF51_DK/ARM/mbed-os/targets/TARGET_NORDIC/TARGET_NRF5x/TARGET_NRF51/reloc_vector_table.o
    0x00025294   0x0000002c   Code   RO        25222    i.osDelay           BUILD/NRF51_DK/ARM/mbed-os/rtos/TARGET_CORTEX/rtx5/RTX/Source/rtx_delay.o
    0x000252c0   0x0000002c   Code   RO        25235    i.osEventFlagsDelete  BUILD/NRF51_DK/ARM/mbed-os/rtos/TARGET_CORTEX/rtx5/RTX/Source/rtx_evflags.o
    0x000252ec   0x0000002c   Code   RO        25238    i.osEventFlagsNew   BUILD/NRF51_DK/ARM/mbed-os/rtos/TARGET_CORTEX/rtx5/RTX/Source/rtx_evflags.o
    0x00025318   0x00000050   Code   RO        25239    i.osEventFlagsSet   BUILD/NRF51_DK/ARM/mbed-os/rtos/TARGET_CORTEX/rtx5/RTX/Source/rtx_evflags.o
    0x00025368   0x00000094   Code   RO        25240    i.osEventFlagsWait  BUILD/NRF51_DK/ARM/mbed-os/rtos/TARGET_CORTEX/rtx5/RTX/Source/rtx_evflags.o
    0x000253fc   0x00000034   Code   RO        25293    i.osKernelGetState  BUILD/NRF51_DK/ARM/mbed-os/rtos/TARGET_CORTEX/rtx5/RTX/Source/rtx_kernel.o
    0x00025430   0x00000028   Code   RO        25296    i.osKernelGetTickCount  BUILD/NRF51_DK/ARM/mbed-os/rtos/TARGET_CORTEX/rtx5/RTX/Source/rtx_kernel.o
    0x00025458   0x00000030   Code   RO        25298    i.osKernelInitialize  BUILD/NRF51_DK/ARM/mbed-os/rtos/TARGET_CORTEX/rtx5/RTX/Source/rtx_kernel.o
    0x00025488   0x00000028   Code   RO        25301    i.osKernelResume    BUILD/NRF51_DK/ARM/mbed-os/rtos/TARGET_CORTEX/rtx5/RTX/Source/rtx_kernel.o
    0x000254b0   0x0000002c   Code   RO        25302    i.osKernelStart     BUILD/NRF51_DK/ARM/mbed-os/rtos/TARGET_CORTEX/rtx5/RTX/Source/rtx_kernel.o
    0x000254dc   0x00000028   Code   RO        25303    i.osKernelSuspend   BUILD/NRF51_DK/ARM/mbed-os/rtos/TARGET_CORTEX/rtx5/RTX/Source/rtx_kernel.o
    0x00025504   0x000000b4   Code   RO        25437    i.osMessageQueueGet  BUILD/NRF51_DK/ARM/mbed-os/rtos/TARGET_CORTEX/rtx5/RTX/Source/rtx_msgqueue.o
    0x000255b8   0x0000002c   Code   RO        25443    i.osMessageQueueNew  BUILD/NRF51_DK/ARM/mbed-os/rtos/TARGET_CORTEX/rtx5/RTX/Source/rtx_msgqueue.o
    0x000255e4   0x00000078   Code   RO        25444    i.osMessageQueuePut  BUILD/NRF51_DK/ARM/mbed-os/rtos/TARGET_CORTEX/rtx5/RTX/Source/rtx_msgqueue.o
    0x0002565c   0x0000002c   Code   RO        25483    i.osMutexAcquire    BUILD/NRF51_DK/ARM/mbed-os/rtos/TARGET_CORTEX/rtx5/RTX/Source/rtx_mutex.o
    0x00025688   0x0000002c   Code   RO        25484    i.osMutexDelete     BUILD/NRF51_DK/ARM/mbed-os/rtos/TARGET_CORTEX/rtx5/RTX/Source/rtx_mutex.o
    0x000256b4   0x0000002c   Code   RO        25487    i.osMutexNew        BUILD/NRF51_DK/ARM/mbed-os/rtos/TARGET_CORTEX/rtx5/RTX/Source/rtx_mutex.o
    0x000256e0   0x0000002c   Code   RO        25488    i.osMutexRelease    BUILD/NRF51_DK/ARM/mbed-os/rtos/TARGET_CORTEX/rtx5/RTX/Source/rtx_mutex.o
    0x0002570c   0x000001a0   Code   RO        25120    i.osRtxErrorNotify  BUILD/NRF51_DK/ARM/mbed-os/rtos/TARGET_CORTEX/mbed_rtx_handlers.o
    0x000258ac   0x0000007a   Code   RO        25241    i.osRtxEventFlagsPostProcess  BUILD/NRF51_DK/ARM/mbed-os/rtos/TARGET_CORTEX/rtx5/RTX/Source/rtx_evflags.o
    0x00025926   0x00000004   Code   RO        25121    i.osRtxIdleThread   BUILD/NRF51_DK/ARM/mbed-os/rtos/TARGET_CORTEX/mbed_rtx_handlers.o
    0x0002592a   0x00000002   Code   RO        25355    i.osRtxKernelPreInit  BUILD/NRF51_DK/ARM/mbed-os/rtos/TARGET_CORTEX/rtx5/RTX/Source/rtx_lib.o
    0x0002592c   0x00000072   Code   RO        25377    i.osRtxMemoryAlloc  BUILD/NRF51_DK/ARM/mbed-os/rtos/TARGET_CORTEX/rtx5/RTX/Source/rtx_memory.o
    0x0002599e   0x0000004c   Code   RO        25378    i.osRtxMemoryFree   BUILD/NRF51_DK/ARM/mbed-os/rtos/TARGET_CORTEX/rtx5/RTX/Source/rtx_memory.o
    0x000259ea   0x00000032   Code   RO        25379    i.osRtxMemoryInit   BUILD/NRF51_DK/ARM/mbed-os/rtos/TARGET_CORTEX/rtx5/RTX/Source/rtx_memory.o
    0x00025a1c   0x00000024   Code   RO        25396    i.osRtxMemoryPoolAlloc  BUILD/NRF51_DK/ARM/mbed-os/rtos/TARGET_CORTEX/rtx5/RTX/Source/rtx_mempool.o
    0x00025a40   0x00000032   Code   RO        25397    i.osRtxMemoryPoolFree  BUILD/NRF51_DK/ARM/mbed-os/rtos/TARGET_CORTEX/rtx5/RTX/Source/rtx_mempool.o
    0x00025a72   0x00000002   PAD
    0x00025a74   0x00000060   Code   RO        25398    i.osRtxMemoryPoolInit  BUILD/NRF51_DK/ARM/mbed-os/rtos/TARGET_CORTEX/rtx5/RTX/Source/rtx_mempool.o
    0x00025ad4   0x000000d6   Code   RO        25446    i.osRtxMessageQueuePostProcess  BUILD/NRF51_DK/ARM/mbed-os/rtos/TARGET_CORTEX/rtx5/RTX/Source/rtx_msgqueue.o
    0x00025baa   0x0000003c   Code   RO        25489    i.osRtxMutexOwnerRelease  BUILD/NRF51_DK/ARM/mbed-os/rtos/TARGET_CORTEX/rtx5/RTX/Source/rtx_mutex.o
    0x00025be6   0x00000002   PAD
    0x00025be8   0x00000084   Code   RO        25543    i.osRtxPendSV_Handler  BUILD/NRF51_DK/ARM/mbed-os/rtos/TARGET_CORTEX/rtx5/RTX/Source/rtx_system.o
    0x00025c6c   0x0000006c   Code   RO        25544    i.osRtxPostProcess  BUILD/NRF51_DK/ARM/mbed-os/rtos/TARGET_CORTEX/rtx5/RTX/Source/rtx_system.o
    0x00025cd8   0x0000006c   Code   RO        25553    i.osRtxThreadDelayRemove  BUILD/NRF51_DK/ARM/mbed-os/rtos/TARGET_CORTEX/rtx5/RTX/Source/rtx_thread.o
    0x00025d44   0x0000007c   Code   RO        25554    i.osRtxThreadDelayTick  BUILD/NRF51_DK/ARM/mbed-os/rtos/TARGET_CORTEX/rtx5/RTX/Source/rtx_thread.o
    0x00025dc0   0x000000e8   Code   RO        25555    i.osRtxThreadDispatch  BUILD/NRF51_DK/ARM/mbed-os/rtos/TARGET_CORTEX/rtx5/RTX/Source/rtx_thread.o
    0x00025ea8   0x00000050   Code   RO        25556    i.osRtxThreadFree   BUILD/NRF51_DK/ARM/mbed-os/rtos/TARGET_CORTEX/rtx5/RTX/Source/rtx_thread.o
    0x00025ef8   0x0000001a   Code   RO        25557    i.osRtxThreadListGet  BUILD/NRF51_DK/ARM/mbed-os/rtos/TARGET_CORTEX/rtx5/RTX/Source/rtx_thread.o
    0x00025f12   0x00000030   Code   RO        25558    i.osRtxThreadListPut  BUILD/NRF51_DK/ARM/mbed-os/rtos/TARGET_CORTEX/rtx5/RTX/Source/rtx_thread.o
    0x00025f42   0x0000001a   Code   RO        25559    i.osRtxThreadListRemove  BUILD/NRF51_DK/ARM/mbed-os/rtos/TARGET_CORTEX/rtx5/RTX/Source/rtx_thread.o
    0x00025f5c   0x00000054   Code   RO        25560    i.osRtxThreadListSort  BUILD/NRF51_DK/ARM/mbed-os/rtos/TARGET_CORTEX/rtx5/RTX/Source/rtx_thread.o
    0x00025fb0   0x00000066   Code   RO        25561    i.osRtxThreadPostProcess  BUILD/NRF51_DK/ARM/mbed-os/rtos/TARGET_CORTEX/rtx5/RTX/Source/rtx_thread.o
    0x00026016   0x00000002   PAD
    0x00026018   0x00000038   Code   RO        25562    i.osRtxThreadReadyPut  BUILD/NRF51_DK/ARM/mbed-os/rtos/TARGET_CORTEX/rtx5/RTX/Source/rtx_thread.o
    0x00026050   0x00000006   Code   RO        25563    i.osRtxThreadRegPtr  BUILD/NRF51_DK/ARM/mbed-os/rtos/TARGET_CORTEX/rtx5/RTX/Source/rtx_thread.o
    0x00026056   0x00000002   PAD
    0x00026058   0x0000002c   Code   RO        25564    i.osRtxThreadStackCheck  BUILD/NRF51_DK/ARM/mbed-os/rtos/TARGET_CORTEX/rtx5/RTX/Source/rtx_thread.o
    0x00026084   0x00000054   Code   RO        25565    i.osRtxThreadStartup  BUILD/NRF51_DK/ARM/mbed-os/rtos/TARGET_CORTEX/rtx5/RTX/Source/rtx_thread.o
    0x000260d8   0x00000014   Code   RO        25566    i.osRtxThreadSwitch  BUILD/NRF51_DK/ARM/mbed-os/rtos/TARGET_CORTEX/rtx5/RTX/Source/rtx_thread.o
    0x000260ec   0x000000a8   Code   RO        25567    i.osRtxThreadWaitEnter  BUILD/NRF51_DK/ARM/mbed-os/rtos/TARGET_CORTEX/rtx5/RTX/Source/rtx_thread.o
    0x00026194   0x00000054   Code   RO        25568    i.osRtxThreadWaitExit  BUILD/NRF51_DK/ARM/mbed-os/rtos/TARGET_CORTEX/rtx5/RTX/Source/rtx_thread.o
    0x000261e8   0x00000074   Code   RO        25545    i.osRtxTick_Handler  BUILD/NRF51_DK/ARM/mbed-os/rtos/TARGET_CORTEX/rtx5/RTX/Source/rtx_system.o
    0x0002625c   0x00000048   Code   RO        25673    i.osRtxTimerThread  BUILD/NRF51_DK/ARM/mbed-os/rtos/TARGET_CORTEX/rtx5/RTX/Source/rtx_timer.o
    0x000262a4   0x0000008c   Code   RO        25674    i.osRtxTimerTick    BUILD/NRF51_DK/ARM/mbed-os/rtos/TARGET_CORTEX/rtx5/RTX/Source/rtx_timer.o
    0x00026330   0x00000018   Code   RO        25571    i.osThreadExit      BUILD/NRF51_DK/ARM/mbed-os/rtos/TARGET_CORTEX/rtx5/RTX/Source/rtx_thread.o
    0x00026348   0x00000028   Code   RO        25577    i.osThreadGetId     BUILD/NRF51_DK/ARM/mbed-os/rtos/TARGET_CORTEX/rtx5/RTX/Source/rtx_thread.o
    0x00026370   0x0000002c   Code   RO        25584    i.osThreadNew       BUILD/NRF51_DK/ARM/mbed-os/rtos/TARGET_CORTEX/rtx5/RTX/Source/rtx_thread.o
    0x0002639c   0x00000060   Code   RO        23906    i.pinmap_function   BUILD/NRF51_DK/ARM/mbed-os/hal/mbed_pinmap_common.o
    0x000263fc   0x00000060   Code   RO        23908    i.pinmap_peripheral  BUILD/NRF51_DK/ARM/mbed-os/hal/mbed_pinmap_common.o
    0x0002645c   0x00000114   Code   RO          440    i.print_context_info  BUILD/NRF51_DK/ARM/mbed-os/cmsis/TARGET_CORTEX_M/mbed_fault_handler.o
    0x00026570   0x00000204   Code   RO        24432    i.print_error_report  BUILD/NRF51_DK/ARM/mbed-os/platform/mbed_error.o
    0x00026774   0x000005c0   Code   RO        27140    i.queue_process     BUILD/NRF51_DK/ARM/mbed-os/targets/TARGET_NORDIC/TARGET_NRF5x/TARGET_SDK_11/libraries/fds/fds.o
    0x00026d34   0x000000ac   Code   RO        27186    i.queue_process     BUILD/NRF51_DK/ARM/mbed-os/targets/TARGET_NORDIC/TARGET_NRF5x/TARGET_SDK_11/libraries/fstorage/fstorage.o
    0x00026de0   0x00000120   Code   RO        27141    i.record_find       BUILD/NRF51_DK/ARM/mbed-os/targets/TARGET_NORDIC/TARGET_NRF5x/TARGET_SDK_11/libraries/fds/fds.o
    0x00026f00   0x00000120   Code   RO        27142    i.record_find_by_desc  BUILD/NRF51_DK/ARM/mbed-os/targets/TARGET_NORDIC/TARGET_NRF5x/TARGET_SDK_11/libraries/fds/fds.o
    0x00027020   0x0000005c   Code   RO        27143    i.record_find_next  BUILD/NRF51_DK/ARM/mbed-os/targets/TARGET_NORDIC/TARGET_NRF5x/TARGET_SDK_11/libraries/fds/fds.o
    0x0002707c   0x0000000c   Code   RO        25142    i.rtos_idle_loop    BUILD/NRF51_DK/ARM/mbed-os/rtos/TARGET_CORTEX/mbed_rtx_idle.o
    0x00027088   0x00000150   Code   RO        23922    i.schedule_interrupt  BUILD/NRF51_DK/ARM/mbed-os/hal/mbed_ticker_api.o
    0x000271d8   0x00000074   Code   RO        27301    i.sdk_mapped_flags_bulk_update_by_key  BUILD/NRF51_DK/ARM/mbed-os/targets/TARGET_NORDIC/TARGET_NRF5x/TARGET_SDK_11/libraries/util/sdk_mapped_flags.o
    0x0002724c   0x00000048   Code   RO        27302    i.sdk_mapped_flags_first_key_index_get  BUILD/NRF51_DK/ARM/mbed-os/targets/TARGET_NORDIC/TARGET_NRF5x/TARGET_SDK_11/libraries/util/sdk_mapped_flags.o
    0x00027294   0x00000064   Code   RO        27304    i.sdk_mapped_flags_key_list_get  BUILD/NRF51_DK/ARM/mbed-os/targets/TARGET_NORDIC/TARGET_NRF5x/TARGET_SDK_11/libraries/util/sdk_mapped_flags.o
    0x000272f8   0x0000006a   Code   RO        27306    i.sdk_mapped_flags_update_by_key  BUILD/NRF51_DK/ARM/mbed-os/targets/TARGET_NORDIC/TARGET_NRF5x/TARGET_SDK_11/libraries/util/sdk_mapped_flags.o
    0x00027362   0x00000002   PAD
    0x00027364   0x00000044   Code   RO        26015    i.serial_baud       BUILD/NRF51_DK/ARM/mbed-os/targets/TARGET_NORDIC/TARGET_NRF5x/TARGET_NRF51/serial_api.o
    0x000273a8   0x00000028   Code   RO        26021    i.serial_getc       BUILD/NRF51_DK/ARM/mbed-os/targets/TARGET_NORDIC/TARGET_NRF5x/TARGET_NRF51/serial_api.o
    0x000273d0   0x0000016c   Code   RO        26022    i.serial_init       BUILD/NRF51_DK/ARM/mbed-os/targets/TARGET_NORDIC/TARGET_NRF5x/TARGET_NRF51/serial_api.o
    0x0002753c   0x0000000c   Code   RO        26023    i.serial_irq_handler  BUILD/NRF51_DK/ARM/mbed-os/targets/TARGET_NORDIC/TARGET_NRF5x/TARGET_NRF51/serial_api.o
    0x00027548   0x00000014   Code   RO        26024    i.serial_irq_handler_asynch  BUILD/NRF51_DK/ARM/mbed-os/targets/TARGET_NORDIC/TARGET_NRF5x/TARGET_NRF51/serial_api.o
    0x0002755c   0x00000064   Code   RO        26025    i.serial_irq_set    BUILD/NRF51_DK/ARM/mbed-os/targets/TARGET_NORDIC/TARGET_NRF5x/TARGET_NRF51/serial_api.o
    0x000275c0   0x0000002c   Code   RO        26026    i.serial_putc       BUILD/NRF51_DK/ARM/mbed-os/targets/TARGET_NORDIC/TARGET_NRF5x/TARGET_NRF51/serial_api.o
    0x000275ec   0x00000020   Code   RO        26031    i.serial_set_flow_control  BUILD/NRF51_DK/ARM/mbed-os/targets/TARGET_NORDIC/TARGET_NRF5x/TARGET_NRF51/serial_api.o
    0x0002760c   0x00000068   Code   RO        24836    i.sleep_manager_lock_deep_sleep_internal  BUILD/NRF51_DK/ARM/mbed-os/platform/mbed_sleep_manager.o
    0x00027674   0x00000024   Code   RO        24837    i.sleep_manager_sleep_auto  BUILD/NRF51_DK/ARM/mbed-os/platform/mbed_sleep_manager.o
    0x00027698   0x00000058   Code   RO        24838    i.sleep_manager_unlock_deep_sleep_internal  BUILD/NRF51_DK/ARM/mbed-os/platform/mbed_sleep_manager.o
    0x000276f0   0x00000014   Code   RO        27320    i.softdevice_ble_evt_handler_set  BUILD/NRF51_DK/ARM/mbed-os/targets/TARGET_NORDIC/TARGET_NRF5x/TARGET_SDK_11/softdevice/common/softdevice_handler/softdevice_handler.o
    0x00027704   0x00000014   Code   RO        27321    i.softdevice_enable  BUILD/NRF51_DK/ARM/mbed-os/targets/TARGET_NORDIC/TARGET_NRF5x/TARGET_SDK_11/softdevice/common/softdevice_handler/softdevice_handler.o
    0x00027718   0x00000024   Code   RO        27322    i.softdevice_enable_get_default_config  BUILD/NRF51_DK/ARM/mbed-os/targets/TARGET_NORDIC/TARGET_NRF5x/TARGET_SDK_11/softdevice/common/softdevice_handler/softdevice_handler.o
    0x0002773c   0x00000008   Code   RO        27323    i.softdevice_fault_handler  BUILD/NRF51_DK/ARM/mbed-os/targets/TARGET_NORDIC/TARGET_NRF5x/TARGET_SDK_11/softdevice/common/softdevice_handler/softdevice_handler.o
    0x00027744   0x00000078   Code   RO        27324    i.softdevice_handler_init  BUILD/NRF51_DK/ARM/mbed-os/targets/TARGET_NORDIC/TARGET_NRF5x/TARGET_SDK_11/softdevice/common/softdevice_handler/softdevice_handler.o
    0x000277bc   0x0000000c   Code   RO        27325    i.softdevice_handler_isEnabled  BUILD/NRF51_DK/ARM/mbed-os/targets/TARGET_NORDIC/TARGET_NRF5x/TARGET_SDK_11/softdevice/common/softdevice_handler/softdevice_handler.o
    0x000277c8   0x00000014   Code   RO        27327    i.softdevice_sys_evt_handler_set  BUILD/NRF51_DK/ARM/mbed-os/targets/TARGET_NORDIC/TARGET_NRF5x/TARGET_SDK_11/softdevice/common/softdevice_handler/softdevice_handler.o
    0x000277dc   0x00000012   Code   RO        25224    i.svcRtxDelay       BUILD/NRF51_DK/ARM/mbed-os/rtos/TARGET_CORTEX/rtx5/RTX/Source/rtx_delay.o
    0x000277ee   0x00000002   PAD
    0x000277f0   0x0000006c   Code   RO        25243    i.svcRtxEventFlagsDelete  BUILD/NRF51_DK/ARM/mbed-os/rtos/TARGET_CORTEX/rtx5/RTX/Source/rtx_evflags.o
    0x0002785c   0x00000084   Code   RO        25246    i.svcRtxEventFlagsNew  BUILD/NRF51_DK/ARM/mbed-os/rtos/TARGET_CORTEX/rtx5/RTX/Source/rtx_evflags.o
    0x000278e0   0x000000ca   Code   RO        25247    i.svcRtxEventFlagsSet  BUILD/NRF51_DK/ARM/mbed-os/rtos/TARGET_CORTEX/rtx5/RTX/Source/rtx_evflags.o
    0x000279aa   0x00000002   PAD
    0x000279ac   0x000000c4   Code   RO        25248    i.svcRtxEventFlagsWait  BUILD/NRF51_DK/ARM/mbed-os/rtos/TARGET_CORTEX/rtx5/RTX/Source/rtx_evflags.o
    0x00027a70   0x0000000c   Code   RO        25307    i.svcRtxKernelGetState  BUILD/NRF51_DK/ARM/mbed-os/rtos/TARGET_CORTEX/rtx5/RTX/Source/rtx_kernel.o
    0x00027a7c   0x0000000c   Code   RO        25310    i.svcRtxKernelGetTickCount  BUILD/NRF51_DK/ARM/mbed-os/rtos/TARGET_CORTEX/rtx5/RTX/Source/rtx_kernel.o
    0x00027a88   0x00000180   Code   RO        25312    i.svcRtxKernelInitialize  BUILD/NRF51_DK/ARM/mbed-os/rtos/TARGET_CORTEX/rtx5/RTX/Source/rtx_kernel.o
    0x00027c08   0x000000a4   Code   RO        25315    i.svcRtxKernelResume  BUILD/NRF51_DK/ARM/mbed-os/rtos/TARGET_CORTEX/rtx5/RTX/Source/rtx_kernel.o
    0x00027cac   0x00000098   Code   RO        25316    i.svcRtxKernelStart  BUILD/NRF51_DK/ARM/mbed-os/rtos/TARGET_CORTEX/rtx5/RTX/Source/rtx_kernel.o
    0x00027d44   0x00000060   Code   RO        25317    i.svcRtxKernelSuspend  BUILD/NRF51_DK/ARM/mbed-os/rtos/TARGET_CORTEX/rtx5/RTX/Source/rtx_kernel.o
    0x00027da4   0x00000134   Code   RO        25448    i.svcRtxMessageQueueGet  BUILD/NRF51_DK/ARM/mbed-os/rtos/TARGET_CORTEX/rtx5/RTX/Source/rtx_msgqueue.o
    0x00027ed8   0x00000188   Code   RO        25454    i.svcRtxMessageQueueNew  BUILD/NRF51_DK/ARM/mbed-os/rtos/TARGET_CORTEX/rtx5/RTX/Source/rtx_msgqueue.o
    0x00028060   0x000000cc   Code   RO        25455    i.svcRtxMessageQueuePut  BUILD/NRF51_DK/ARM/mbed-os/rtos/TARGET_CORTEX/rtx5/RTX/Source/rtx_msgqueue.o
    0x0002812c   0x000000c8   Code   RO        25490    i.svcRtxMutexAcquire  BUILD/NRF51_DK/ARM/mbed-os/rtos/TARGET_CORTEX/rtx5/RTX/Source/rtx_mutex.o
    0x000281f4   0x000000c4   Code   RO        25491    i.svcRtxMutexDelete  BUILD/NRF51_DK/ARM/mbed-os/rtos/TARGET_CORTEX/rtx5/RTX/Source/rtx_mutex.o
    0x000282b8   0x00000084   Code   RO        25494    i.svcRtxMutexNew    BUILD/NRF51_DK/ARM/mbed-os/rtos/TARGET_CORTEX/rtx5/RTX/Source/rtx_mutex.o
    0x0002833c   0x000000e8   Code   RO        25495    i.svcRtxMutexRelease  BUILD/NRF51_DK/ARM/mbed-os/rtos/TARGET_CORTEX/rtx5/RTX/Source/rtx_mutex.o
    0x00028424   0x00000084   Code   RO        25592    i.svcRtxThreadExit  BUILD/NRF51_DK/ARM/mbed-os/rtos/TARGET_CORTEX/rtx5/RTX/Source/rtx_thread.o
    0x000284a8   0x0000000c   Code   RO        25598    i.svcRtxThreadGetId  BUILD/NRF51_DK/ARM/mbed-os/rtos/TARGET_CORTEX/rtx5/RTX/Source/rtx_thread.o
    0x000284b4   0x000001e4   Code   RO        25605    i.svcRtxThreadNew   BUILD/NRF51_DK/ARM/mbed-os/rtos/TARGET_CORTEX/rtx5/RTX/Source/rtx_thread.o
    0x00028698   0x0000005c   Code   RO        23925    i.ticker_insert_event_us  BUILD/NRF51_DK/ARM/mbed-os/hal/mbed_ticker_api.o
    0x000286f4   0x00000068   Code   RO        23926    i.ticker_irq_handler  BUILD/NRF51_DK/ARM/mbed-os/hal/mbed_ticker_api.o
    0x0002875c   0x0000001e   Code   RO        23927    i.ticker_read       BUILD/NRF51_DK/ARM/mbed-os/hal/mbed_ticker_api.o
    0x0002877a   0x00000022   Code   RO        23928    i.ticker_read_us    BUILD/NRF51_DK/ARM/mbed-os/hal/mbed_ticker_api.o
    0x0002879c   0x00000038   Code   RO        23929    i.ticker_remove_event  BUILD/NRF51_DK/ARM/mbed-os/hal/mbed_ticker_api.o
    0x000287d4   0x00000018   Code   RO        23931    i.ticker_set_handler  BUILD/NRF51_DK/ARM/mbed-os/hal/mbed_ticker_api.o
    0x000287ec   0x00000104   Code   RO        23933    i.update_present_time  BUILD/NRF51_DK/ARM/mbed-os/hal/mbed_ticker_api.o
    0x000288f0   0x0000000c   Code   RO        27451    i.us_ticker_clear_interrupt  BUILD/NRF51_DK/ARM/mbed-os/targets/TARGET_NORDIC/TARGET_NRF5x/us_ticker.o
    0x000288fc   0x00000010   Code   RO        27452    i.us_ticker_disable_interrupt  BUILD/NRF51_DK/ARM/mbed-os/targets/TARGET_NORDIC/TARGET_NRF5x/us_ticker.o
    0x0002890c   0x00000010   Code   RO        27453    i.us_ticker_fire_interrupt  BUILD/NRF51_DK/ARM/mbed-os/targets/TARGET_NORDIC/TARGET_NRF5x/us_ticker.o
    0x0002891c   0x00000034   Code   RO        27454    i.us_ticker_free    BUILD/NRF51_DK/ARM/mbed-os/targets/TARGET_NORDIC/TARGET_NRF5x/us_ticker.o
    0x00028950   0x00000008   Code   RO        27455    i.us_ticker_get_info  BUILD/NRF51_DK/ARM/mbed-os/targets/TARGET_NORDIC/TARGET_NRF5x/us_ticker.o
    0x00028958   0x00000078   Code   RO        27456    i.us_ticker_init    BUILD/NRF51_DK/ARM/mbed-os/targets/TARGET_NORDIC/TARGET_NRF5x/us_ticker.o
    0x000289d0   0x00000018   Code   RO        23954    i.us_ticker_irq_handler  BUILD/NRF51_DK/ARM/mbed-os/hal/mbed_us_ticker_api.o
    0x000289e8   0x00000014   Code   RO        27457    i.us_ticker_read    BUILD/NRF51_DK/ARM/mbed-os/targets/TARGET_NORDIC/TARGET_NRF5x/us_ticker.o
    0x000289fc   0x00000034   Code   RO        27458    i.us_ticker_set_interrupt  BUILD/NRF51_DK/ARM/mbed-os/targets/TARGET_NORDIC/TARGET_NRF5x/us_ticker.o
    0x00028a30   0x00000060   Code   RO        24868    i.wait_ms           BUILD/NRF51_DK/ARM/mbed-os/platform/mbed_wait_api_rtos.o
    0x00028a90   0x0000007c   Code   RO        24869    i.wait_us           BUILD/NRF51_DK/ARM/mbed-os/platform/mbed_wait_api_rtos.o
    0x00028b0c   0x00000038   Code   RO        24582    i.write             BUILD/NRF51_DK/ARM/mbed-os/platform/mbed_retarget.o
    0x00028b44   0x0000002c   Code   RO        28094    locale$$code        C:\Keil_v5\ARM\ARMCC\bin\..\lib\armlib\c_p.l(lc_ctype_c.o)
    0x00028b70   0x0000002c   Code   RO        28271    locale$$code        C:\Keil_v5\ARM\ARMCC\bin\..\lib\armlib\c_p.l(lc_numeric_c.o)
    0x00028b9c   0x0000000c   Code   RO          377    t._ZN26FunctionPointerWithContextIPKN3Gap26ConnectionCallbackParams_tEE14functioncallerEPKS4_S3_  BUILD/NRF51_DK/ARM/main.o
    0x00028ba8   0x0000000c   Code   RO         3047    t._ZN26FunctionPointerWithContextIPKN3Gap29AdvertisementCallbackParams_tEE14functioncallerEPKS4_S3_  BUILD/NRF51_DK/ARM/mbed-os/features/FEATURE_BLE/source/LegacyGap.o
    0x00028bb4   0x0000000c   Code   RO          380    t._ZN26FunctionPointerWithContextIPKN3Gap29DisconnectionCallbackParams_tEE14functioncallerEPKS4_S3_  BUILD/NRF51_DK/ARM/main.o
    0x00028bc0   0x0000000c   Code   RO          392    t._ZN26FunctionPointerWithContextIPN3BLE32OnEventsToProcessCallbackContextEE14functioncallerEPKS3_S2_  BUILD/NRF51_DK/ARM/main.o
    0x00028bcc   0x0000000c   Code   RO          389    t._ZN26FunctionPointerWithContextIPN3BLE37InitializationCompleteCallbackContextEE14functioncallerEPKS3_S2_  BUILD/NRF51_DK/ARM/main.o
    0x00028bd8   0x0000000c   Code   RO         3044    t._ZN26FunctionPointerWithContextIbE14functioncallerEPKS0_b  BUILD/NRF51_DK/ARM/mbed-os/features/FEATURE_BLE/source/LegacyGap.o
    0x00028be4   0x0000000c   Code   RO         4253    t._ZN26FunctionPointerWithContextIjE14functioncallerEPKS0_j  BUILD/NRF51_DK/ARM/mbed-os/features/FEATURE_BLE/source/generic/GenericGattClient.o
    0x00028bf0   0x0000000c   Code   RO         5531    t._ZN26FunctionPointerWithContextItE14functioncallerEPKS0_t  BUILD/NRF51_DK/ARM/mbed-os/features/FEATURE_BLE/targets/TARGET_NORDIC/TARGET_NORDIC_SOFTDEVICE/TARGET_NRF51/source/nRF5xGattServer.o
    0x00028bfc   0x0000001c   Code   RO         5131    t._ZN4mbed8CallbackIFvPvPKN3ble7generic19SecurityEntryKeys_tEEE13function_callINS8_14method_contextINS3_22GenericSecurityManagerEMSB_FvS1_S6_EEEEEvPKvS1_S6_  BUILD/NRF51_DK/ARM/mbed-os/features/FEATURE_BLE/source/generic/GenericSecurityManager.o
    0x00028c18   0x00000002   Code   RO         5137    t._ZN4mbed8CallbackIFvPvPKN3ble7generic19SecurityEntryKeys_tEEE13function_dtorINS8_14method_contextINS3_22GenericSecurityManagerEMSB_FvS1_S6_EEEEEvS1_  BUILD/NRF51_DK/ARM/mbed-os/features/FEATURE_BLE/source/generic/GenericSecurityManager.o
    0x00028c1a   0x00000012   Code   RO         5134    t._ZN4mbed8CallbackIFvPvPKN3ble7generic19SecurityEntryKeys_tEEE13function_moveINS8_14method_contextINS3_22GenericSecurityManagerEMSB_FvS1_S6_EEEEEvS1_PKv  BUILD/NRF51_DK/ARM/mbed-os/features/FEATURE_BLE/source/generic/GenericSecurityManager.o
    0x00028c2c   0x0000001c   Code   RO         5140    t._ZN4mbed8CallbackIFvPvPKN3ble7generic22SecurityEntrySigning_tEEE13function_callINS8_14method_contextINS3_22GenericSecurityManagerEMSB_FvS1_S6_EEEEEvPKvS1_S6_  BUILD/NRF51_DK/ARM/mbed-os/features/FEATURE_BLE/source/generic/GenericSecurityManager.o
    0x00028c48   0x00000002   Code   RO         5146    t._ZN4mbed8CallbackIFvPvPKN3ble7generic22SecurityEntrySigning_tEEE13function_dtorINS8_14method_contextINS3_22GenericSecurityManagerEMSB_FvS1_S6_EEEEEvS1_  BUILD/NRF51_DK/ARM/mbed-os/features/FEATURE_BLE/source/generic/GenericSecurityManager.o
    0x00028c4a   0x00000012   Code   RO         5143    t._ZN4mbed8CallbackIFvPvPKN3ble7generic22SecurityEntrySigning_tEEE13function_moveINS8_14method_contextINS3_22GenericSecurityManagerEMSB_FvS1_S6_EEEEEvS1_PKv  BUILD/NRF51_DK/ARM/mbed-os/features/FEATURE_BLE/source/generic/GenericSecurityManager.o
    0x00028c5c   0x0000001c   Code   RO         5149    t._ZN4mbed8CallbackIFvPvPKN3ble7generic23SecurityEntryIdentity_tEEE13function_callINS8_14method_contextINS3_22GenericSecurityManagerEMSB_FvS1_S6_EEEEEvPKvS1_S6_  BUILD/NRF51_DK/ARM/mbed-os/features/FEATURE_BLE/source/generic/GenericSecurityManager.o
    0x00028c78   0x00000002   Code   RO         5155    t._ZN4mbed8CallbackIFvPvPKN3ble7generic23SecurityEntryIdentity_tEEE13function_dtorINS8_14method_contextINS3_22GenericSecurityManagerEMSB_FvS1_S6_EEEEEvS1_  BUILD/NRF51_DK/ARM/mbed-os/features/FEATURE_BLE/source/generic/GenericSecurityManager.o
    0x00028c7a   0x00000012   Code   RO         5152    t._ZN4mbed8CallbackIFvPvPKN3ble7generic23SecurityEntryIdentity_tEEE13function_moveINS8_14method_contextINS3_22GenericSecurityManagerEMSB_FvS1_S6_EEEEEvS1_PKv  BUILD/NRF51_DK/ARM/mbed-os/features/FEATURE_BLE/source/generic/GenericSecurityManager.o
    0x00028c8c   0x0000001c   Code   RO         4449    t._ZN4mbed8CallbackIFvjEE13function_callINS2_14method_contextIN3ble7generic17GenericGattClientEMS7_FvjEEEEEvPKvj  BUILD/NRF51_DK/ARM/mbed-os/features/FEATURE_BLE/source/generic/GenericGattClient.o
    0x00028ca8   0x00000002   Code   RO         4455    t._ZN4mbed8CallbackIFvjEE13function_dtorINS2_14method_contextIN3ble7generic17GenericGattClientEMS7_FvjEEEEEvPv  BUILD/NRF51_DK/ARM/mbed-os/features/FEATURE_BLE/source/generic/GenericGattClient.o
    0x00028caa   0x00000012   Code   RO         4452    t._ZN4mbed8CallbackIFvjEE13function_moveINS2_14method_contextIN3ble7generic17GenericGattClientEMS7_FvjEEEEEvPvPKv  BUILD/NRF51_DK/ARM/mbed-os/features/FEATURE_BLE/source/generic/GenericGattClient.o
    0x00028cbc   0x0000001c   Code   RO         4440    t._ZN4mbed8CallbackIFvjRKN3ble3pal16AttServerMessageEEE13function_callINS7_14method_contextINS1_7generic17GenericGattClientEMSB_FvjS5_EEEEEvPKvjS5_  BUILD/NRF51_DK/ARM/mbed-os/features/FEATURE_BLE/source/generic/GenericGattClient.o
    0x00028cd8   0x00000002   Code   RO         4446    t._ZN4mbed8CallbackIFvjRKN3ble3pal16AttServerMessageEEE13function_dtorINS7_14method_contextINS1_7generic17GenericGattClientEMSB_FvjS5_EEEEEvPv  BUILD/NRF51_DK/ARM/mbed-os/features/FEATURE_BLE/source/generic/GenericGattClient.o
    0x00028cda   0x00000012   Code   RO         4443    t._ZN4mbed8CallbackIFvjRKN3ble3pal16AttServerMessageEEE13function_moveINS7_14method_contextINS1_7generic17GenericGattClientEMSB_FvjS5_EEEEEvPvPKv  BUILD/NRF51_DK/ARM/mbed-os/features/FEATURE_BLE/source/generic/GenericGattClient.o
    0x00028cec   0x00000018   Code   RO          416    t._ZN4mbed8CallbackIFvvEE13function_callINS2_14method_contextI3BLEMS5_FvvEEEEEvPKv  BUILD/NRF51_DK/ARM/main.o
    0x00028d04   0x00000004   Code   RO          407    t._ZN4mbed8CallbackIFvvEE13function_callIPS1_EEvPKv  BUILD/NRF51_DK/ARM/main.o
    0x00028d08   0x00000002   Code   RO          422    t._ZN4mbed8CallbackIFvvEE13function_dtorINS2_14method_contextI3BLEMS5_FvvEEEEEvPv  BUILD/NRF51_DK/ARM/main.o
    0x00028d0a   0x00000002   Code   RO          413    t._ZN4mbed8CallbackIFvvEE13function_dtorIPS1_EEvPv  BUILD/NRF51_DK/ARM/main.o
    0x00028d0c   0x00000012   Code   RO          419    t._ZN4mbed8CallbackIFvvEE13function_moveINS2_14method_contextI3BLEMS5_FvvEEEEEvPvPKv  BUILD/NRF51_DK/ARM/main.o
    0x00028d1e   0x0000000a   Code   RO          410    t._ZN4mbed8CallbackIFvvEE13function_moveIPS1_EEvPvPKv  BUILD/NRF51_DK/ARM/main.o
    0x00028d28   0x00000014   Code   RO         2109    t._ZN4mbed8CallbackIFvvEED1Ev  BUILD/NRF51_DK/ARM/mbed-os/drivers/SerialBase.o
    0x00028d3c   0x00000030   Code   RO         2106    t._ZN6CThunkIN4mbed10SerialBaseEE10trampolineEP10CThunkBase  BUILD/NRF51_DK/ARM/mbed-os/drivers/SerialBase.o
    0x00028d6c   0x00000024   Code   RO          383    t._ZN6events10EventQueue13function_callIN4mbed8CallbackIFvvEEEEEvPv  BUILD/NRF51_DK/ARM/main.o
    0x00028d90   0x00000004   Code   RO          371    t._ZN6events10EventQueue13function_callIPFvvEEEvPv  BUILD/NRF51_DK/ARM/main.o
    0x00028d94   0x0000000c   Code   RO          386    t._ZN6events10EventQueue13function_dtorIN4mbed8CallbackIFvvEEEEEvPv  BUILD/NRF51_DK/ARM/main.o
    0x00028da0   0x00000002   Code   RO          374    t._ZN6events10EventQueue13function_dtorIPFvvEEEvPv  BUILD/NRF51_DK/ARM/main.o
    0x00028da2   0x00000002   PAD
    0x00028da4   0x00000010   Code   RO        27943    x$fpl$printf1       C:\Keil_v5\ARM\ARMCC\bin\..\lib\armlib\fz_ps.l(printf1.o)
    0x00028db4   0x00000010   Code   RO        28185    x$fpl$printf2       C:\Keil_v5\ARM\ARMCC\bin\..\lib\armlib\fz_ps.l(printf2.o)
    0x00028dc4   0x00000000   Code   RO        28193    x$fpl$usenofp       C:\Keil_v5\ARM\ARMCC\bin\..\lib\armlib\fz_ps.l(usenofp.o)
    0x00028dc4   0x00000004   PAD
    0x00028dc8   0x00005e00   Data   RO          195    .constdata          BUILD/NRF51_DK/ARM/lib_crc/lib_crc.o
    0x0002ebc8   0x0000001a   Data   RO          336    .constdata          BUILD/NRF51_DK/ARM/main.o
    0x0002ebe2   0x00000002   PAD
    0x0002ebe4   0x00000004   Data   RO          442    .constdata          BUILD/NRF51_DK/ARM/mbed-os/cmsis/TARGET_CORTEX_M/mbed_fault_handler.o
    0x0002ebe8   0x00000010   Data   RO         2062    .constdata          BUILD/NRF51_DK/ARM/mbed-os/drivers/SerialBase.o
    0x0002ebf8   0x00000014   Data   RO         2703    .constdata          BUILD/NRF51_DK/ARM/mbed-os/features/FEATURE_BLE/source/BLE.o
    0x0002ec0c   0x00000002   Data   RO         3298    .constdata          BUILD/NRF51_DK/ARM/mbed-os/features/FEATURE_BLE/source/gap/Gap.o
    0x0002ec0e   0x00000002   Data   RO         3299    .constdata          BUILD/NRF51_DK/ARM/mbed-os/features/FEATURE_BLE/source/gap/Gap.o
    0x0002ec10   0x00000020   Data   RO         4184    .constdata          BUILD/NRF51_DK/ARM/mbed-os/features/FEATURE_BLE/source/generic/GenericGattClient.o
    0x0002ec30   0x00000038   Data   RO         4696    .constdata          BUILD/NRF51_DK/ARM/mbed-os/features/FEATURE_BLE/source/generic/GenericSecurityManager.o
    0x0002ec68   0x00000010   Data   RO         5226    .constdata          BUILD/NRF51_DK/ARM/mbed-os/features/FEATURE_BLE/targets/TARGET_NORDIC/TARGET_NORDIC_SOFTDEVICE/TARGET_NRF51/source/btle/btle.o
    0x0002ec78   0x00000020   Data   RO         5377    .constdata          BUILD/NRF51_DK/ARM/mbed-os/features/FEATURE_BLE/targets/TARGET_NORDIC/TARGET_NORDIC_SOFTDEVICE/TARGET_NRF51/source/nRF5xGap.o
    0x0002ec98   0x00000070   Data   RO         5506    .constdata          BUILD/NRF51_DK/ARM/mbed-os/features/FEATURE_BLE/targets/TARGET_NORDIC/TARGET_NORDIC_SOFTDEVICE/TARGET_NRF51/source/nRF5xGattServer.o
    0x0002ed08   0x00000014   Data   RO         6140    .constdata          BUILD/NRF51_DK/ARM/mbed-os/features/FEATURE_BLE/targets/TARGET_NORDIC/TARGET_NORDIC_SOFTDEVICE/TARGET_NRF51/source/nRF5xn.o
    0x0002ed1c   0x00000020   Data   RO        23890    .constdata          BUILD/NRF51_DK/ARM/mbed-os/hal/mbed_lp_ticker_api.o
    0x0002ed3c   0x00000008   Data   RO        23891    .constdata          BUILD/NRF51_DK/ARM/mbed-os/hal/mbed_lp_ticker_api.o
    0x0002ed44   0x00000020   Data   RO        23956    .constdata          BUILD/NRF51_DK/ARM/mbed-os/hal/mbed_us_ticker_api.o
    0x0002ed64   0x00000008   Data   RO        23957    .constdata          BUILD/NRF51_DK/ARM/mbed-os/hal/mbed_us_ticker_api.o
    0x0002ed6c   0x00000005   Data   RO        24362    .constdata          BUILD/NRF51_DK/ARM/mbed-os/platform/mbed_board.o
    0x0002ed71   0x00000003   PAD
    0x0002ed74   0x00000024   Data   RO        25363    .constdata          BUILD/NRF51_DK/ARM/mbed-os/rtos/TARGET_CORTEX/rtx5/RTX/Source/rtx_lib.o
    0x0002ed98   0x00000024   Data   RO        25364    .constdata          BUILD/NRF51_DK/ARM/mbed-os/rtos/TARGET_CORTEX/rtx5/RTX/Source/rtx_lib.o
    0x0002edbc   0x00000018   Data   RO        25365    .constdata          BUILD/NRF51_DK/ARM/mbed-os/rtos/TARGET_CORTEX/rtx5/RTX/Source/rtx_lib.o
    0x0002edd4   0x00000004   Data   RO        25366    .constdata          BUILD/NRF51_DK/ARM/mbed-os/rtos/TARGET_CORTEX/rtx5/RTX/Source/rtx_lib.o
    0x0002edd8   0x0000006c   Data   RO        25865    .constdata          BUILD/NRF51_DK/ARM/mbed-os/targets/TARGET_NORDIC/TARGET_NRF5x/TARGET_NRF51/TARGET_MCU_NRF51822_UNIFIED/analogin_api.o
    0x0002ee44   0x00000001   Data   RO        25939    .constdata          BUILD/NRF51_DK/ARM/mbed-os/targets/TARGET_NORDIC/TARGET_NRF5x/TARGET_NRF51/TARGET_MCU_NRF51822_UNIFIED/sdk/drivers_nrf/adc/nrf_drv_adc.o
    0x0002ee45   0x00000003   PAD
    0x0002ee48   0x00000090   Data   RO        26037    .constdata          BUILD/NRF51_DK/ARM/mbed-os/targets/TARGET_NORDIC/TARGET_NRF5x/TARGET_NRF51/serial_api.o
    0x0002eed8   0x00000014   Data   RO        27146    .constdata          BUILD/NRF51_DK/ARM/mbed-os/targets/TARGET_NORDIC/TARGET_NRF5x/TARGET_SDK_11/libraries/fds/fds.o
    0x0002eeec   0x00000008   Data   RO        27405    .constdata          BUILD/NRF51_DK/ARM/mbed-os/targets/TARGET_NORDIC/TARGET_NRF5x/lp_ticker.o
    0x0002eef4   0x00000008   Data   RO        27459    .constdata          BUILD/NRF51_DK/ARM/mbed-os/targets/TARGET_NORDIC/TARGET_NRF5x/us_ticker.o
    0x0002eefc   0x00000028   Data   RO        27609    .constdata          C:\Keil_v5\ARM\ARMCC\bin\..\lib\armlib\c_p.l(_printf_hex_int_ll_ptr.o)
    0x0002ef24   0x00000011   Data   RO        27629    .constdata          C:\Keil_v5\ARM\ARMCC\bin\..\lib\armlib\c_p.l(__printf_flags_ss_wp.o)
    0x0002ef35   0x00000001   Data   RO        27883    .constdata          C:\Keil_v5\ARM\ARMCC\bin\..\lib\cpplib\cpprt_p.l(nothrow_obj.o)
    0x0002ef36   0x00000002   PAD
    0x0002ef38   0x00000008   Data   RO        28027    .constdata          C:\Keil_v5\ARM\ARMCC\bin\..\lib\armlib\c_p.l(_printf_wctomb.o)
    0x0002ef40   0x00000026   Data   RO        28215    .constdata          C:\Keil_v5\ARM\ARMCC\bin\..\lib\armlib\c_p.l(_printf_fp_hex.o)
    0x0002ef66   0x00000002   PAD
    0x0002ef68   0x00000094   Data   RO        28236    .constdata          C:\Keil_v5\ARM\ARMCC\bin\..\lib\armlib\c_p.l(bigflt0.o)
    0x0002effc   0x00000040   Data   RO         4263    .constdata__ZTV10GattClient  BUILD/NRF51_DK/ARM/mbed-os/features/FEATURE_BLE/source/generic/GenericGattClient.o
    0x0002f03c   0x00000050   Data   RO        24748    .constdata__ZTV12DirectSerial  BUILD/NRF51_DK/ARM/mbed-os/platform/mbed_retarget.o
    0x0002f08c   0x000000a4   Data   RO         4949    .constdata__ZTV15SecurityManager  BUILD/NRF51_DK/ARM/mbed-os/features/FEATURE_BLE/source/generic/GenericSecurityManager.o
    0x0002f130   0x0000002c   Data   RO         5530    .constdata__ZTV15nRF5xGattServer  BUILD/NRF51_DK/ARM/mbed-os/features/FEATURE_BLE/targets/TARGET_NORDIC/TARGET_NORDIC_SOFTDEVICE/TARGET_NRF51/source/nRF5xGattServer.o
    0x0002f15c   0x00000010   Data   RO         4058    .constdata__ZTV38CallChainOfFunctionPointersWithContextIN3Gap15TimeoutSource_tEE  BUILD/NRF51_DK/ARM/mbed-os/features/FEATURE_BLE/source/generic/GenericGap.o
    0x0002f16c   0x00000010   Data   RO         4279    .constdata__ZTV38CallChainOfFunctionPointersWithContextIPK10GattClientE  BUILD/NRF51_DK/ARM/mbed-os/features/FEATURE_BLE/source/generic/GenericGattClient.o
    0x0002f17c   0x00000010   Data   RO         6192    .constdata__ZTV38CallChainOfFunctionPointersWithContextIPK10GattServerE  BUILD/NRF51_DK/ARM/mbed-os/features/FEATURE_BLE/targets/TARGET_NORDIC/TARGET_NORDIC_SOFTDEVICE/TARGET_NRF51/source/nRF5xn.o
    0x0002f18c   0x00000010   Data   RO         4954    .constdata__ZTV38CallChainOfFunctionPointersWithContextIPK15SecurityManagerE  BUILD/NRF51_DK/ARM/mbed-os/features/FEATURE_BLE/source/generic/GenericSecurityManager.o
    0x0002f19c   0x00000010   Data   RO         4265    .constdata__ZTV38CallChainOfFunctionPointersWithContextIPK21GattHVXCallbackParamsE  BUILD/NRF51_DK/ARM/mbed-os/features/FEATURE_BLE/source/generic/GenericGattClient.o
    0x0002f1ac   0x00000010   Data   RO         4275    .constdata__ZTV38CallChainOfFunctionPointersWithContextIPK22GattReadCallbackParamsE  BUILD/NRF51_DK/ARM/mbed-os/features/FEATURE_BLE/source/generic/GenericGattClient.o
    0x0002f1bc   0x00000010   Data   RO         4277    .constdata__ZTV38CallChainOfFunctionPointersWithContextIPK23GattWriteCallbackParamsE  BUILD/NRF51_DK/ARM/mbed-os/features/FEATURE_BLE/source/generic/GenericGattClient.o
    0x0002f1cc   0x00000010   Data   RO         4065    .constdata__ZTV38CallChainOfFunctionPointersWithContextIPK3GapE  BUILD/NRF51_DK/ARM/mbed-os/features/FEATURE_BLE/source/generic/GenericGap.o
    0x0002f1dc   0x00000010   Data   RO         4061    .constdata__ZTV38CallChainOfFunctionPointersWithContextIPKN3Gap26ConnectionCallbackParams_tEE  BUILD/NRF51_DK/ARM/mbed-os/features/FEATURE_BLE/source/generic/GenericGap.o
    0x0002f1ec   0x00000010   Data   RO         4063    .constdata__ZTV38CallChainOfFunctionPointersWithContextIPKN3Gap29DisconnectionCallbackParams_tEE  BUILD/NRF51_DK/ARM/mbed-os/features/FEATURE_BLE/source/generic/GenericGap.o
    0x0002f1fc   0x00000010   Data   RO         6190    .constdata__ZTV38CallChainOfFunctionPointersWithContextIjE  BUILD/NRF51_DK/ARM/mbed-os/features/FEATURE_BLE/targets/TARGET_NORDIC/TARGET_NORDIC_SOFTDEVICE/TARGET_NRF51/source/nRF5xn.o
    0x0002f20c   0x0000013c   Data   RO         3040    .constdata__ZTV3Gap  BUILD/NRF51_DK/ARM/mbed-os/features/FEATURE_BLE/source/LegacyGap.o
    0x0002f348   0x00000044   Data   RO         6164    .constdata__ZTV6nRF5xn  BUILD/NRF51_DK/ARM/mbed-os/features/FEATURE_BLE/targets/TARGET_NORDIC/TARGET_NORDIC_SOFTDEVICE/TARGET_NRF51/source/nRF5xn.o
    0x0002f38c   0x00000154   Data   RO         5437    .constdata__ZTV8nRF5xGap  BUILD/NRF51_DK/ARM/mbed-os/features/FEATURE_BLE/targets/TARGET_NORDIC/TARGET_NORDIC_SOFTDEVICE/TARGET_NRF51/source/nRF5xGap.o
    0x0002f4e0   0x00000040   Data   RO         6187    .constdata__ZTVN15SecurityManager18LegacyEventHandlerE  BUILD/NRF51_DK/ARM/mbed-os/features/FEATURE_BLE/targets/TARGET_NORDIC/TARGET_NORDIC_SOFTDEVICE/TARGET_NRF51/source/nRF5xn.o
    0x0002f520   0x00000058   Data   RO         5718    .constdata__ZTVN3ble3pal10GattClientE  BUILD/NRF51_DK/ARM/mbed-os/features/FEATURE_BLE/targets/TARGET_NORDIC/TARGET_NORDIC_SOFTDEVICE/TARGET_NRF51/source/nRF5xPalGattClient.o
    0x0002f578   0x00000058   Data   RO         5702    .constdata__ZTVN3ble3pal6vendor6nordic15nRF5xGattClientE  BUILD/NRF51_DK/ARM/mbed-os/features/FEATURE_BLE/targets/TARGET_NORDIC/TARGET_NORDIC_SOFTDEVICE/TARGET_NRF51/source/nRF5xPalGattClient.o
    0x0002f5d0   0x00000098   Data   RO         6092    .constdata__ZTVN3ble3pal6vendor6nordic20nRF5xSecurityManagerE  BUILD/NRF51_DK/ARM/mbed-os/features/FEATURE_BLE/targets/TARGET_NORDIC/TARGET_NORDIC_SOFTDEVICE/TARGET_NRF51/source/nRF5xPalSecurityManager.o
    0x0002f668   0x00000050   Data   RO         4220    .constdata__ZTVN3ble7generic17GenericGattClientE  BUILD/NRF51_DK/ARM/mbed-os/features/FEATURE_BLE/source/generic/GenericGattClient.o
    0x0002f6b8   0x000001c0   Data   RO         4912    .constdata__ZTVN3ble7generic22GenericSecurityManagerE  BUILD/NRF51_DK/ARM/mbed-os/features/FEATURE_BLE/source/generic/GenericSecurityManager.o
    0x0002f878   0x00000018   Data   RO         2105    .constdata__ZTVN4mbed10SerialBaseE  BUILD/NRF51_DK/ARM/mbed-os/drivers/SerialBase.o
    0x0002f890   0x00000014   Data   RO         2239    .constdata__ZTVN4mbed10TimerEventE  BUILD/NRF51_DK/ARM/mbed-os/drivers/TimerEvent.o
    0x0002f8a4   0x00000014   Data   RO         2139    .constdata__ZTVN4mbed6TickerE  BUILD/NRF51_DK/ARM/mbed-os/drivers/Ticker.o
    0x0002f8b8   0x00000014   Data   RO         2158    .constdata__ZTVN4mbed7TimeoutE  BUILD/NRF51_DK/ARM/mbed-os/drivers/Timeout.o
    0x0002f8cc   0x00000018   Data   RO          402    .constdata__ZTVN4mbed8AnalogInE  BUILD/NRF51_DK/ARM/main.o
    0x0002f8e4   0x00000018   Data   RO         1802    .constdata__ZTVN4mbed9RawSerialE  BUILD/NRF51_DK/ARM/mbed-os/drivers/RawSerial.o
    0x0002f8fc   0x00000014   Data   RO        25064    .constdata__ZTVN4rtos8internal8SysTimerE  BUILD/NRF51_DK/ARM/mbed-os/rtos/TARGET_CORTEX/SysTimer.o
    0x0002f910   0x0000000c   Data   RO         4955    .constdata__ZZN4mbed8CallbackIFvPvPKN3ble7generic19SecurityEntryKeys_tEEE8generateINS8_14method_contextINS3_22GenericSecurityManagerEMSB_FvS1_S6_EEEEEvRKT_E3ops  BUILD/NRF51_DK/ARM/mbed-os/features/FEATURE_BLE/source/generic/GenericSecurityManager.o
    0x0002f91c   0x0000000c   Data   RO         4956    .constdata__ZZN4mbed8CallbackIFvPvPKN3ble7generic22SecurityEntrySigning_tEEE8generateINS8_14method_contextINS3_22GenericSecurityManagerEMSB_FvS1_S6_EEEEEvRKT_E3ops  BUILD/NRF51_DK/ARM/mbed-os/features/FEATURE_BLE/source/generic/GenericSecurityManager.o
    0x0002f928   0x0000000c   Data   RO         4957    .constdata__ZZN4mbed8CallbackIFvPvPKN3ble7generic23SecurityEntryIdentity_tEEE8generateINS8_14method_contextINS3_22GenericSecurityManagerEMSB_FvS1_S6_EEEEEvRKT_E3ops  BUILD/NRF51_DK/ARM/mbed-os/features/FEATURE_BLE/source/generic/GenericSecurityManager.o
    0x0002f934   0x0000000c   Data   RO         4282    .constdata__ZZN4mbed8CallbackIFvjEE8generateINS2_14method_contextIN3ble7generic17GenericGattClientEMS7_FvjEEEEEvRKT_E3ops  BUILD/NRF51_DK/ARM/mbed-os/features/FEATURE_BLE/source/generic/GenericGattClient.o
    0x0002f940   0x0000000c   Data   RO         4281    .constdata__ZZN4mbed8CallbackIFvjRKN3ble3pal16AttServerMessageEEE8generateINS7_14method_contextINS1_7generic17GenericGattClientEMSB_FvjS5_EEEEEvRKT_E3ops  BUILD/NRF51_DK/ARM/mbed-os/features/FEATURE_BLE/source/generic/GenericGattClient.o
    0x0002f94c   0x0000000c   Data   RO          404    .constdata__ZZN4mbed8CallbackIFvvEE8generateINS2_14method_contextI3BLEMS5_FvvEEEEEvRKT_E3ops  BUILD/NRF51_DK/ARM/main.o
    0x0002f958   0x0000000c   Data   RO          403    .constdata__ZZN4mbed8CallbackIFvvEE8generateIPS1_EEvRKT_E3ops  BUILD/NRF51_DK/ARM/main.o
    0x0002f964   0x00000014   Data   RO          369    .constdata__ZZNK12SingletonPtrIN4rtos5MutexEE3getEvEs  BUILD/NRF51_DK/ARM/main.o
    0x0002f978   0x00000022   Data   RO          370    .constdata__ZZNK12SingletonPtrIN4rtos5MutexEE3getEvEs_0  BUILD/NRF51_DK/ARM/main.o
    0x0002f99a   0x00000005   Data   RO          367    .constdata__ZZNK4mbed8CallbackIFvvEE4callEvEs  BUILD/NRF51_DK/ARM/main.o
    0x0002f99f   0x0000001e   Data   RO          368    .constdata__ZZNK4mbed8CallbackIFvvEE4callEvEs_0  BUILD/NRF51_DK/ARM/main.o
    0x0002f9bd   0x00000003   PAD
    0x0002f9c0   0x00000049   Data   RO          443    .conststring        BUILD/NRF51_DK/ARM/mbed-os/cmsis/TARGET_CORTEX_M/mbed_fault_handler.o
    0x0002fa09   0x00000003   PAD
    0x0002fa0c   0x00000356   Data   RO         2704    .conststring        BUILD/NRF51_DK/ARM/mbed-os/features/FEATURE_BLE/source/BLE.o
    0x0002fd62   0x00000002   PAD
    0x0002fd64   0x00000049   Data   RO         4697    .conststring        BUILD/NRF51_DK/ARM/mbed-os/features/FEATURE_BLE/source/generic/GenericSecurityManager.o
    0x0002fdad   0x00000003   PAD
    0x0002fdb0   0x0000006f   Data   RO         5378    .conststring        BUILD/NRF51_DK/ARM/mbed-os/features/FEATURE_BLE/targets/TARGET_NORDIC/TARGET_NORDIC_SOFTDEVICE/TARGET_NRF51/source/nRF5xGap.o
    0x0002fe1f   0x00000001   PAD
    0x0002fe20   0x000000f4   Data   RO        24434    .conststring        BUILD/NRF51_DK/ARM/mbed-os/platform/mbed_error.o
    0x0002ff14   0x00000009   Data   RO        25367    .conststring        BUILD/NRF51_DK/ARM/mbed-os/rtos/TARGET_CORTEX/rtx5/RTX/Source/rtx_lib.o
    0x0002ff1d   0x00000003   PAD
    0x0002ff20   0x0000000a   Data   RO        25368    .conststring        BUILD/NRF51_DK/ARM/mbed-os/rtos/TARGET_CORTEX/rtx5/RTX/Source/rtx_lib.o
    0x0002ff2a   0x00000002   PAD
    0x0002ff2c   0x000000a9   Data   RO        25866    .conststring        BUILD/NRF51_DK/ARM/mbed-os/targets/TARGET_NORDIC/TARGET_NRF5x/TARGET_NRF51/TARGET_MCU_NRF51822_UNIFIED/analogin_api.o
    0x0002ffd5   0x00000003   PAD
    0x0002ffd8   0x0000005f   Data   RO        26805    .conststring        BUILD/NRF51_DK/ARM/mbed-os/targets/TARGET_NORDIC/TARGET_NRF5x/TARGET_SDK_11/drivers_nrf/common/nrf_drv_common.o
    0x00030037   0x00000001   PAD
    0x00030038   0x0000005f   Data   RO        26845    .conststring        BUILD/NRF51_DK/ARM/mbed-os/targets/TARGET_NORDIC/TARGET_NRF5x/TARGET_SDK_11/drivers_nrf/gpiote/nrf_drv_gpiote.o
    0x00030097   0x00000001   PAD
    0x00030098   0x0000000b   Data   RO        25319    .conststrlit        BUILD/NRF51_DK/ARM/mbed-os/rtos/TARGET_CORTEX/rtx5/RTX/Source/rtx_kernel.o
    0x000300a3   0x00000001   PAD
    0x000300a4   0x00000068   Data   RO        25370    .rodata             BUILD/NRF51_DK/ARM/mbed-os/rtos/TARGET_CORTEX/rtx5/RTX/Source/rtx_lib.o
    0x0003010c   0x00000020   Data   RO        28457    Region$$Table       anon$$obj.o
    0x0003012c   0x00000110   Data   RO        28093    locale$$data        C:\Keil_v5\ARM\ARMCC\bin\..\lib\armlib\c_p.l(lc_ctype_c.o)
    0x0003023c   0x0000001c   Data   RO        28270    locale$$data        C:\Keil_v5\ARM\ARMCC\bin\..\lib\armlib\c_p.l(lc_numeric_c.o)
    0x00030258   0x00000004   Data   RO          338    .init_array         BUILD/NRF51_DK/ARM/main.o
    0x0003025c   0x00000004   Data   RO         3801    .init_array         BUILD/NRF51_DK/ARM/mbed-os/features/FEATURE_BLE/source/generic/GenericGap.o
    0x00030260   0x00000000   Data   RO        27769    .init_array         C:\Keil_v5\ARM\ARMCC\bin\..\lib\armlib\c_p.l(init_aeabi.o)


    Execution Region RW_IRAM0 (Base: 0x20002ef8, Size: 0x000000c0, Max: 0x000000c0, ABSOLUTE, UNINIT)

    Base Addr    Size         Type   Attr      Idx    E Section Name        Object

    0x20002ef8   0x000000c0   Zero   RW        26007    .bss.noinit         BUILD/NRF51_DK/ARM/mbed-os/targets/TARGET_NORDIC/TARGET_NRF5x/TARGET_NRF51/reloc_vector_table.o


    Execution Region RW_IRAM1 (Base: 0x20002fb8, Size: 0x00002a1c, Max: 0x00005048, ABSOLUTE, COMPRESSED[0x00000068])

    Base Addr    Size         Type   Attr      Idx    E Section Name        Object

    0x20002fb8   0x00000040   Data   RW        25356    .bss.os             BUILD/NRF51_DK/ARM/mbed-os/rtos/TARGET_CORTEX/rtx5/RTX/Source/rtx_lib.o
    0x20002ff8   0x000001f0   Data   RW        25079    .bss.os.libspace    BUILD/NRF51_DK/ARM/mbed-os/rtos/TARGET_CORTEX/TOOLCHAIN_ARM_STD/mbed_boot_arm_std.o
    0x200031e8   0x00000034   Data   RW        25357    .bss.os.msgqueue.cb  BUILD/NRF51_DK/ARM/mbed-os/rtos/TARGET_CORTEX/rtx5/RTX/Source/rtx_lib.o
    0x2000321c   0x00000050   Data   RW        25358    .bss.os.msgqueue.mem  BUILD/NRF51_DK/ARM/mbed-os/rtos/TARGET_CORTEX/rtx5/RTX/Source/rtx_lib.o
    0x2000326c   0x00000044   Data   RW        25359    .bss.os.thread.cb   BUILD/NRF51_DK/ARM/mbed-os/rtos/TARGET_CORTEX/rtx5/RTX/Source/rtx_lib.o
    0x200032b0   0x00000044   Data   RW        25360    .bss.os.thread.cb   BUILD/NRF51_DK/ARM/mbed-os/rtos/TARGET_CORTEX/rtx5/RTX/Source/rtx_lib.o
    0x200032f4   0x00000004   PAD
    0x200032f8   0x00000200   Data   RW        25361    .bss.os.thread.stack  BUILD/NRF51_DK/ARM/mbed-os/rtos/TARGET_CORTEX/rtx5/RTX/Source/rtx_lib.o
    0x200034f8   0x00000300   Data   RW        25362    .bss.os.thread.stack  BUILD/NRF51_DK/ARM/mbed-os/rtos/TARGET_CORTEX/rtx5/RTX/Source/rtx_lib.o
    0x200037f8   0x00000018   Data   RW          337    .data               BUILD/NRF51_DK/ARM/main.o
    0x20003810   0x00000040   Data   RW         2705    .data               BUILD/NRF51_DK/ARM/mbed-os/features/FEATURE_BLE/source/BLE.o
    0x20003850   0x00000008   Data   RW         3800    .data               BUILD/NRF51_DK/ARM/mbed-os/features/FEATURE_BLE/source/generic/GenericGap.o
    0x20003858   0x00000001   Data   RW         5227    .data               BUILD/NRF51_DK/ARM/mbed-os/features/FEATURE_BLE/targets/TARGET_NORDIC/TARGET_NORDIC_SOFTDEVICE/TARGET_NRF51/source/btle/btle.o
    0x20003859   0x00000003   PAD
    0x2000385c   0x00000004   Data   RW         5638    .data               BUILD/NRF51_DK/ARM/mbed-os/features/FEATURE_BLE/targets/TARGET_NORDIC/TARGET_NORDIC_SOFTDEVICE/TARGET_NRF51/source/nRF5xPalGattClient.o
    0x20003860   0x00000004   Data   RW         6036    .data               BUILD/NRF51_DK/ARM/mbed-os/features/FEATURE_BLE/targets/TARGET_NORDIC/TARGET_NORDIC_SOFTDEVICE/TARGET_NRF51/source/nRF5xPalSecurityManager.o
    0x20003864   0x00000014   Data   RW         6141    .data               BUILD/NRF51_DK/ARM/mbed-os/features/FEATURE_BLE/targets/TARGET_NORDIC/TARGET_NORDIC_SOFTDEVICE/TARGET_NRF51/source/nRF5xn.o
    0x20003878   0x00000004   Data   RW        23892    .data               BUILD/NRF51_DK/ARM/mbed-os/hal/mbed_lp_ticker_api.o
    0x2000387c   0x00000004   Data   RW        23958    .data               BUILD/NRF51_DK/ARM/mbed-os/hal/mbed_us_ticker_api.o
    0x20003880   0x00000004   Data   RW        24048    .data               BUILD/NRF51_DK/ARM/mbed-os/platform/CThunkBase.o
    0x20003884   0x00000004   Data   RW        24391    .data               BUILD/NRF51_DK/ARM/mbed-os/platform/mbed_critical.o
    0x20003888   0x0000000c   Data   RW        24435    .data               BUILD/NRF51_DK/ARM/mbed-os/platform/mbed_error.o
    0x20003894   0x00000004   Data   RW        24649    .data               BUILD/NRF51_DK/ARM/mbed-os/platform/mbed_retarget.o
    0x20003898   0x00000004   Data   RW        24650    .data               BUILD/NRF51_DK/ARM/mbed-os/platform/mbed_retarget.o
    0x2000389c   0x00000048   Data   RW        24651    .data               BUILD/NRF51_DK/ARM/mbed-os/platform/mbed_retarget.o
    0x200038e4   0x00000004   PAD
    0x200038e8   0x00000018   Data   RW        24839    .data               BUILD/NRF51_DK/ARM/mbed-os/platform/mbed_sleep_manager.o
    0x20003900   0x00000001   Data   RW        25080    .data               BUILD/NRF51_DK/ARM/mbed-os/rtos/TARGET_CORTEX/TOOLCHAIN_ARM_STD/mbed_boot_arm_std.o
    0x20003901   0x00000003   PAD
    0x20003904   0x00000004   Data   RW        25097    .data               BUILD/NRF51_DK/ARM/mbed-os/rtos/TARGET_CORTEX/mbed_boot.o
    0x20003908   0x00000004   Data   RW        25098    .data               BUILD/NRF51_DK/ARM/mbed-os/rtos/TARGET_CORTEX/mbed_boot.o
    0x2000390c   0x00000004   Data   RW        25111    .data               BUILD/NRF51_DK/ARM/mbed-os/rtos/TARGET_CORTEX/mbed_rtos_rtx.o
    0x20003910   0x00000004   Data   RW        25123    .data               BUILD/NRF51_DK/ARM/mbed-os/rtos/TARGET_CORTEX/mbed_rtx_handlers.o
    0x20003914   0x00000008   Data   RW        25154    .data               BUILD/NRF51_DK/ARM/mbed-os/rtos/TARGET_CORTEX/mbed_rtx_idle.o
    0x2000391c   0x00000001   Data   RW        25714    .data               BUILD/NRF51_DK/ARM/mbed-os/rtos/TARGET_CORTEX/rtx5/Source/os_systick.o
    0x2000391d   0x00000003   PAD
    0x20003920   0x00000004   Data   RW        25887    .data               BUILD/NRF51_DK/ARM/mbed-os/targets/TARGET_NORDIC/TARGET_NRF5x/TARGET_NRF51/TARGET_MCU_NRF51822_UNIFIED/device/system_nrf51.o
    0x20003924   0x00000001   Data   RW        25998    .data               BUILD/NRF51_DK/ARM/mbed-os/targets/TARGET_NORDIC/TARGET_NRF5x/TARGET_NRF51/nordic_critical.o
    0x20003925   0x00000003   PAD
    0x20003928   0x00000004   Data   RW        26038    .data               BUILD/NRF51_DK/ARM/mbed-os/targets/TARGET_NORDIC/TARGET_NRF5x/TARGET_NRF51/serial_api.o
    0x2000392c   0x00000018   Data   RW        27147    .data               BUILD/NRF51_DK/ARM/mbed-os/targets/TARGET_NORDIC/TARGET_NRF5x/TARGET_SDK_11/libraries/fds/fds.o
    0x20003944   0x00000002   Data   RW        27188    .data               BUILD/NRF51_DK/ARM/mbed-os/targets/TARGET_NORDIC/TARGET_NRF5x/TARGET_SDK_11/libraries/fstorage/fstorage.o
    0x20003946   0x00000002   PAD
    0x20003948   0x0000001c   Data   RW        27328    .data               BUILD/NRF51_DK/ARM/mbed-os/targets/TARGET_NORDIC/TARGET_NRF5x/TARGET_SDK_11/softdevice/common/softdevice_handler/softdevice_handler.o
    0x20003964   0x00000008   Data   RW        27358    .data               BUILD/NRF51_DK/ARM/mbed-os/targets/TARGET_NORDIC/TARGET_NRF5x/common_rtc.o
    0x2000396c   0x0000000c   Data   RW        27381    .data               BUILD/NRF51_DK/ARM/mbed-os/targets/TARGET_NORDIC/TARGET_NRF5x/gpio_api.o
    0x20003978   0x00000001   Data   RW        27460    .data               BUILD/NRF51_DK/ARM/mbed-os/targets/TARGET_NORDIC/TARGET_NRF5x/us_ticker.o
    0x20003979   0x00000003   PAD
    0x2000397c   0x000000a4   Data   RW        25320    .data.os            BUILD/NRF51_DK/ARM/mbed-os/rtos/TARGET_CORTEX/rtx5/RTX/Source/rtx_kernel.o
    0x20003a20   0x00000010   Data   RW        27148    fs_data             BUILD/NRF51_DK/ARM/mbed-os/targets/TARGET_NORDIC/TARGET_NRF5x/TARGET_SDK_11/libraries/fds/fds.o
    0x20003a30   0x00000414   Zero   RW          335    .bss                BUILD/NRF51_DK/ARM/main.o
    0x20003e44   0x00000054   Zero   RW          441    .bss                BUILD/NRF51_DK/ARM/mbed-os/cmsis/TARGET_CORTEX_M/mbed_fault_handler.o
    0x20003e98   0x00000030   Zero   RW         1318    .bss                BUILD/NRF51_DK/ARM/mbed-os/drivers/AnalogIn.o
    0x20003ec8   0x00000020   Zero   RW         2702    .bss                BUILD/NRF51_DK/ARM/mbed-os/features/FEATURE_BLE/source/BLE.o
    0x20003ee8   0x00000080   Zero   RW         5225    .bss                BUILD/NRF51_DK/ARM/mbed-os/features/FEATURE_BLE/targets/TARGET_NORDIC/TARGET_NORDIC_SOFTDEVICE/TARGET_NRF51/source/btle/btle.o
    0x20003f68   0x00000034   Zero   RW         5632    .bss                BUILD/NRF51_DK/ARM/mbed-os/features/FEATURE_BLE/targets/TARGET_NORDIC/TARGET_NORDIC_SOFTDEVICE/TARGET_NRF51/source/nRF5xPalGattClient.o
    0x20003f9c   0x000000e0   Zero   RW         6035    .bss                BUILD/NRF51_DK/ARM/mbed-os/features/FEATURE_BLE/targets/TARGET_NORDIC/TARGET_NORDIC_SOFTDEVICE/TARGET_NRF51/source/nRF5xPalSecurityManager.o
    0x2000407c   0x00000004   PAD
    0x20004080   0x0000030c   Zero   RW         6137    .bss                BUILD/NRF51_DK/ARM/mbed-os/features/FEATURE_BLE/targets/TARGET_NORDIC/TARGET_NORDIC_SOFTDEVICE/TARGET_NRF51/source/nRF5xn.o
    0x2000438c   0x00000004   PAD
    0x20004390   0x00000040   Zero   RW        23889    .bss                BUILD/NRF51_DK/ARM/mbed-os/hal/mbed_lp_ticker_api.o
    0x200043d0   0x00000040   Zero   RW        23955    .bss                BUILD/NRF51_DK/ARM/mbed-os/hal/mbed_us_ticker_api.o
    0x20004410   0x00000068   Zero   RW        24433    .bss                BUILD/NRF51_DK/ARM/mbed-os/platform/mbed_error.o
    0x20004478   0x00000100   Zero   RW        25078    .bss                BUILD/NRF51_DK/ARM/mbed-os/rtos/TARGET_CORTEX/TOOLCHAIN_ARM_STD/mbed_boot_arm_std.o
    0x20004578   0x00001098   Zero   RW        25110    .bss                BUILD/NRF51_DK/ARM/mbed-os/rtos/TARGET_CORTEX/mbed_rtos_rtx.o
    0x20005610   0x00000038   Zero   RW        25153    .bss                BUILD/NRF51_DK/ARM/mbed-os/rtos/TARGET_CORTEX/mbed_rtx_idle.o
    0x20005648   0x00000014   Zero   RW        25938    .bss                BUILD/NRF51_DK/ARM/mbed-os/targets/TARGET_NORDIC/TARGET_NRF5x/TARGET_NRF51/TARGET_MCU_NRF51822_UNIFIED/sdk/drivers_nrf/adc/nrf_drv_adc.o
    0x2000565c   0x00000080   Zero   RW        26036    .bss                BUILD/NRF51_DK/ARM/mbed-os/targets/TARGET_NORDIC/TARGET_NRF5x/TARGET_NRF51/serial_api.o
    0x200056dc   0x00000034   Zero   RW        26244    .bss                BUILD/NRF51_DK/ARM/mbed-os/targets/TARGET_NORDIC/TARGET_NRF5x/TARGET_SDK_11/ble/common/ble_conn_state.o
    0x20005710   0x0000000c   Zero   RW        26782    .bss                BUILD/NRF51_DK/ARM/mbed-os/targets/TARGET_NORDIC/TARGET_NRF5x/TARGET_SDK_11/drivers_nrf/clock/nrf_drv_clock.o
    0x2000571c   0x0000005c   Zero   RW        26844    .bss                BUILD/NRF51_DK/ARM/mbed-os/targets/TARGET_NORDIC/TARGET_NRF5x/TARGET_SDK_11/drivers_nrf/gpiote/nrf_drv_gpiote.o
    0x20005778   0x00000108   Zero   RW        27145    .bss                BUILD/NRF51_DK/ARM/mbed-os/targets/TARGET_NORDIC/TARGET_NRF5x/TARGET_SDK_11/libraries/fds/fds.o
    0x20005880   0x00000058   Zero   RW        27187    .bss                BUILD/NRF51_DK/ARM/mbed-os/targets/TARGET_NORDIC/TARGET_NRF5x/TARGET_SDK_11/libraries/fstorage/fstorage.o
    0x200058d8   0x0000009b   Zero   RW        27380    .bss                BUILD/NRF51_DK/ARM/mbed-os/targets/TARGET_NORDIC/TARGET_NRF5x/gpio_api.o
    0x20005973   0x00000001   PAD
    0x20005974   0x00000060   Zero   RW        27964    .bss                C:\Keil_v5\ARM\ARMCC\bin\..\lib\armlib\c_p.l(libspace.o)


==============================================================================

Image component sizes


      Code (inc. data)   RO Data    RW Data    ZI Data      Debug   

     47988       6042      29484       2680       8196      37184   Object Totals
         0          0         32          0          0          0   (incl. Generated)
        72          0         31         25          9          0   (incl. Padding)
      8596        318        556          0         96       6068   Library Totals
        22          0          4          0          0          0   (incl. Padding)

==============================================================================


      Code (inc. data)   RO Data    RW Data    ZI Data      Debug   

     56584       6360      30040       2680       8292      17460   Grand Totals
     56584       6360      30040        104       8292      17460   ELF Image Totals (compressed)
     56584       6360      30040        104          0          0   ROM Totals

==============================================================================

    Total RO  Size (Code + RO Data)                86624 (  84.59kB)
    Total RW  Size (RW Data + ZI Data)             10972 (  10.71kB)
    Total ROM Size (Code + RO Data + RW Data)      86728 (  84.70kB)

==============================================================================

